Archive member included to satisfy reference by file (symbol)

C:\MRS_DATA\workspace\RT-Thread_test-1\NetLib\libwchnet.a(eth_api.o)
                              ./NetLib/eth_driver.o (WCHNET_PeriodicHandle)
C:\MRS_DATA\workspace\RT-Thread_test-1\NetLib\libwchnet.a(ipcheck.o)
                              C:\MRS_DATA\workspace\RT-Thread_test-1\NetLib\libwchnet.a(eth_api.o) (IPCheckParaInit)
C:\MRS_DATA\workspace\RT-Thread_test-1\NetLib\libwchnet.a(net_dhcp.o)
                              C:\MRS_DATA\workspace\RT-Thread_test-1\NetLib\libwchnet.a(eth_api.o) (DHCPCtrl)
C:\MRS_DATA\workspace\RT-Thread_test-1\NetLib\libwchnet.a(net_dns.o)
                              C:\MRS_DATA\workspace\RT-Thread_test-1\NetLib\libwchnet.a(eth_api.o) (DNSInf)
C:\MRS_DATA\workspace\RT-Thread_test-1\NetLib\libwchnet.a(socket.o)
                              C:\MRS_DATA\workspace\RT-Thread_test-1\NetLib\libwchnet.a(net_dhcp.o) (ErrorEncode)
C:\MRS_DATA\workspace\RT-Thread_test-1\NetLib\libwchnet.a(etharp.o)
                              C:\MRS_DATA\workspace\RT-Thread_test-1\NetLib\libwchnet.a(eth_api.o) (etharp_tmr)
C:\MRS_DATA\workspace\RT-Thread_test-1\NetLib\libwchnet.a(ethernetif.o)
                              C:\MRS_DATA\workspace\RT-Thread_test-1\NetLib\libwchnet.a(eth_api.o) (ethernetif_input)
C:\MRS_DATA\workspace\RT-Thread_test-1\NetLib\libwchnet.a(inet.o)
                              C:\MRS_DATA\workspace\RT-Thread_test-1\NetLib\libwchnet.a(socket.o) (inet_ntoa)
C:\MRS_DATA\workspace\RT-Thread_test-1\NetLib\libwchnet.a(ip.o)
                              C:\MRS_DATA\workspace\RT-Thread_test-1\NetLib\libwchnet.a(etharp.o) (ip_input)
C:\MRS_DATA\workspace\RT-Thread_test-1\NetLib\libwchnet.a(ip_addr.o)
                              C:\MRS_DATA\workspace\RT-Thread_test-1\NetLib\libwchnet.a(socket.o) (ip_addr_isbroadcast)
C:\MRS_DATA\workspace\RT-Thread_test-1\NetLib\libwchnet.a(ip_frag.o)
                              C:\MRS_DATA\workspace\RT-Thread_test-1\NetLib\libwchnet.a(eth_api.o) (ip_reass_tmr)
C:\MRS_DATA\workspace\RT-Thread_test-1\NetLib\libwchnet.a(dhcp.o)
                              C:\MRS_DATA\workspace\RT-Thread_test-1\NetLib\libwchnet.a(net_dhcp.o) (dhcp_arp_reply)
C:\MRS_DATA\workspace\RT-Thread_test-1\NetLib\libwchnet.a(dns.o)
                              C:\MRS_DATA\workspace\RT-Thread_test-1\NetLib\libwchnet.a(dhcp.o) (dns_setserver)
C:\MRS_DATA\workspace\RT-Thread_test-1\NetLib\libwchnet.a(init.o)
                              C:\MRS_DATA\workspace\RT-Thread_test-1\NetLib\libwchnet.a(ethernetif.o) (lwip_init)
C:\MRS_DATA\workspace\RT-Thread_test-1\NetLib\libwchnet.a(mem.o)
                              C:\MRS_DATA\workspace\RT-Thread_test-1\NetLib\libwchnet.a(init.o) (mem_init)
C:\MRS_DATA\workspace\RT-Thread_test-1\NetLib\libwchnet.a(memp.o)
                              C:\MRS_DATA\workspace\RT-Thread_test-1\NetLib\libwchnet.a(init.o) (memp_init)
C:\MRS_DATA\workspace\RT-Thread_test-1\NetLib\libwchnet.a(netif.o)
                              C:\MRS_DATA\workspace\RT-Thread_test-1\NetLib\libwchnet.a(dhcp.o) (netif_set_ipaddr)
C:\MRS_DATA\workspace\RT-Thread_test-1\NetLib\libwchnet.a(pbuf.o)
                              C:\MRS_DATA\workspace\RT-Thread_test-1\NetLib\libwchnet.a(socket.o) (pbuf_header)
C:\MRS_DATA\workspace\RT-Thread_test-1\NetLib\libwchnet.a(raw.o)
                              C:\MRS_DATA\workspace\RT-Thread_test-1\NetLib\libwchnet.a(ip.o) (raw_input)
C:\MRS_DATA\workspace\RT-Thread_test-1\NetLib\libwchnet.a(tcp.o)
                              C:\MRS_DATA\workspace\RT-Thread_test-1\NetLib\libwchnet.a(socket.o) (tcp_bind)
C:\MRS_DATA\workspace\RT-Thread_test-1\NetLib\libwchnet.a(tcp_in.o)
                              C:\MRS_DATA\workspace\RT-Thread_test-1\NetLib\libwchnet.a(ip.o) (tcp_input)
C:\MRS_DATA\workspace\RT-Thread_test-1\NetLib\libwchnet.a(tcp_out.o)
                              C:\MRS_DATA\workspace\RT-Thread_test-1\NetLib\libwchnet.a(tcp.o) (tcp_enqueue)
C:\MRS_DATA\workspace\RT-Thread_test-1\NetLib\libwchnet.a(udp.o)
                              C:\MRS_DATA\workspace\RT-Thread_test-1\NetLib\libwchnet.a(ip.o) (udp_input)
C:\MRS_DATA\workspace\RT-Thread_test-1\NetLib\libwchnet.a(icmp.o)
                              C:\MRS_DATA\workspace\RT-Thread_test-1\NetLib\libwchnet.a(ip.o) (icmp_input)
C:\MRS_DATA\workspace\RT-Thread_test-1\NetLib\libwchnet.a(inet_chksum.o)
                              C:\MRS_DATA\workspace\RT-Thread_test-1\NetLib\libwchnet.a(tcp_in.o) (inet_chksum_pseudo)
d:/mounriver/mounriver_studio/toolchain/risc-v embedded gcc/bin/../lib/gcc/riscv-none-embed/8.2.0/rv32imacxw/ilp32\libgcc.a(divsf3.o)
                              ./User/headers/analog_sensors.o (__divsf3)
d:/mounriver/mounriver_studio/toolchain/risc-v embedded gcc/bin/../lib/gcc/riscv-none-embed/8.2.0/rv32imacxw/ilp32\libgcc.a(mulsf3.o)
                              ./User/headers/adc_helpers.o (__mulsf3)
[...]
Memory Configuration

Name             Origin             Length             Attributes
FLASH            0x0000000000000000 0x0000000000040000 xr
RAM              0x0000000020000000 0x0000000000010000 xrw
*default*        0x0000000000000000 0xffffffffffffffff

Linker script and memory map

LOAD ./rtthread/src/clock.o
LOAD ./rtthread/src/components.o
LOAD ./rtthread/src/cpu.o
LOAD ./rtthread/src/device.o
LOAD ./rtthread/src/idle.o
LOAD ./rtthread/src/ipc.o
LOAD ./rtthread/src/irq.o
LOAD ./rtthread/src/kservice.o
LOAD ./rtthread/src/mem.o
LOAD ./rtthread/src/memheap.o
LOAD ./rtthread/src/mempool.o
LOAD ./rtthread/src/object.o
LOAD ./rtthread/src/scheduler.o
LOAD ./rtthread/src/slab.o
LOAD ./rtthread/src/thread.o
LOAD ./rtthread/src/timer.o
LOAD ./rtthread/libcpu/risc-v/common/context_gcc.o
LOAD ./rtthread/libcpu/risc-v/common/cpuport.o
LOAD ./rtthread/libcpu/risc-v/common/interrupt_gcc.o
LOAD ./rtthread/components/finsh/cmd.o
LOAD ./rtthread/components/finsh/msh.o
LOAD ./rtthread/components/finsh/msh_cmd.o
LOAD ./rtthread/components/finsh/msh_file.o
LOAD ./rtthread/components/finsh/shell.o
LOAD ./rtthread/components/finsh/symbol.o
LOAD ./rtthread/components/drivers/serial/serial.o
LOAD ./rtthread/components/drivers/misc/pin.o
LOAD ./rtthread/board.o
LOAD ./drivers/drv_gpio.o
LOAD ./drivers/drv_usart.o
LOAD ./User/headers/adc_helpers.o
LOAD ./User/headers/analog_sensors.o
LOAD ./User/ch32v30x_it.o
LOAD ./User/main.o
LOAD ./User/system_ch32v30x.o
LOAD ./Startup/startup_ch32v30x.o
LOAD ./Peripheral/src/ch32v30x_adc.o
LOAD ./Peripheral/src/ch32v30x_bkp.o
LOAD ./Peripheral/src/ch32v30x_can.o
LOAD ./Peripheral/src/ch32v30x_crc.o
LOAD ./Peripheral/src/ch32v30x_dac.o
LOAD ./Peripheral/src/ch32v30x_dbgmcu.o
LOAD ./Peripheral/src/ch32v30x_dma.o
LOAD ./Peripheral/src/ch32v30x_dvp.o
LOAD ./Peripheral/src/ch32v30x_eth.o
LOAD ./Peripheral/src/ch32v30x_exti.o
LOAD ./Peripheral/src/ch32v30x_flash.o
LOAD ./Peripheral/src/ch32v30x_fsmc.o
LOAD ./Peripheral/src/ch32v30x_gpio.o
LOAD ./Peripheral/src/ch32v30x_i2c.o
LOAD ./Peripheral/src/ch32v30x_iwdg.o
LOAD ./Peripheral/src/ch32v30x_misc.o
LOAD ./Peripheral/src/ch32v30x_opa.o
LOAD ./Peripheral/src/ch32v30x_pwr.o
LOAD ./Peripheral/src/ch32v30x_rcc.o
LOAD ./Peripheral/src/ch32v30x_rng.o
LOAD ./Peripheral/src/ch32v30x_rtc.o
LOAD ./Peripheral/src/ch32v30x_sdio.o
LOAD ./Peripheral/src/ch32v30x_spi.o
LOAD ./Peripheral/src/ch32v30x_tim.o
LOAD ./Peripheral/src/ch32v30x_usart.o
LOAD ./Peripheral/src/ch32v30x_wwdg.o
LOAD ./NetLib/eth_driver.o
LOAD ./NetLib/ethernet_helpers.o
LOAD ./Debug/debug.o
LOAD ./Core/core_riscv.o
LOAD C:\MRS_DATA\workspace\RT-Thread_test-1\NetLib\libwchnet.a
LOAD d:/mounriver/mounriver_studio/toolchain/risc-v embedded gcc/bin/../lib/gcc/riscv-none-embed/8.2.0/rv32imacxw/ilp32\libgcc.a
LOAD d:/mounriver/mounriver_studio/toolchain/risc-v embedded gcc/bin/../lib/gcc/riscv-none-embed/8.2.0/../../../../riscv-none-embed/lib/rv32imacxw/ilp32\libg_nano.a
LOAD d:/mounriver/mounriver_studio/toolchain/risc-v embedded gcc/bin/../lib/gcc/riscv-none-embed/8.2.0/../../../../riscv-none-embed/lib/rv32imacxw/ilp32\libc_nano.a
LOAD d:/mounriver/mounriver_studio/toolchain/risc-v embedded gcc/bin/../lib/gcc/riscv-none-embed/8.2.0/rv32imacxw/ilp32\libgcc.a
START GROUP
LOAD d:/mounriver/mounriver_studio/toolchain/risc-v embedded gcc/bin/../lib/gcc/riscv-none-embed/8.2.0/rv32imacxw/ilp32\libgcc.a
LOAD d:/mounriver/mounriver_studio/toolchain/risc-v embedded gcc/bin/../lib/gcc/riscv-none-embed/8.2.0/../../../../riscv-none-embed/lib/rv32imacxw/ilp32\libc_nano.a
LOAD d:/mounriver/mounriver_studio/toolchain/risc-v embedded gcc/bin/../lib/gcc/riscv-none-embed/8.2.0/../../../../riscv-none-embed/lib/rv32imacxw/ilp32\libnosys.a
END GROUP
START GROUP
LOAD d:/mounriver/mounriver_studio/toolchain/risc-v embedded gcc/bin/../lib/gcc/riscv-none-embed/8.2.0/rv32imacxw/ilp32\libgcc.a
LOAD d:/mounriver/mounriver_studio/toolchain/risc-v embedded gcc/bin/../lib/gcc/riscv-none-embed/8.2.0/../../../../riscv-none-embed/lib/rv32imacxw/ilp32\libc_nano.a
LOAD d:/mounriver/mounriver_studio/toolchain/risc-v embedded gcc/bin/../lib/gcc/riscv-none-embed/8.2.0/../../../../riscv-none-embed/lib/rv32imacxw/ilp32\libnosys.a
END GROUP
                0x0000000000000800                __stack_size = 0x800
                [!provide]                        PROVIDE (_stack_size = __stack_size)

.init           0x0000000000000000       0x38
                0x0000000000000000                _sinit = .
                0x0000000000000000                . = ALIGN (0x4)
 *(SORT_NONE(.init))
 .init          0x0000000000000000       0x38 ./Startup/startup_ch32v30x.o
                0x0000000000000000                _start
                0x0000000000000038                . = ALIGN (0x4)
                0x0000000000000038                _einit = .

.vector         0x0000000000000038      0x1c8
 *(.vector)
 .vector        0x0000000000000038      0x1a0 ./Startup/startup_ch32v30x.o
                0x0000000000000200                . = ALIGN (0x40)
 *fill*         0x00000000000001d8       0x28 

.text           0x0000000000000200     0xeee0
                0x0000000000000200                . = ALIGN (0x4)
 *(.text)
 .text          0x0000000000000200       0xce ./rtthread/libcpu/risc-v/common/context_gcc.o
                0x0000000000000200                rt_hw_context_switch_to
                0x000000000000021c                rt_hw_context_switch
                0x0000000000000276                rt_hw_context_switch_exit
 *fill*         0x00000000000002ce        0x2 
 .text          0x00000000000002d0       0xe0 ./rtthread/libcpu/risc-v/common/interrupt_gcc.o
                0x00000000000002d0                SW_handler
 .text          0x00000000000003b0       0x60 d:/mounriver/mounriver_studio/toolchain/risc-v embedded gcc/bin/../lib/gcc/riscv-none-embed/8.2.0/rv32imacxw/ilp32\libgcc.a(save-restore.o)
                0x00000000000003b0                __riscv_save_12
                0x00000000000003b8                __riscv_save_9
                0x00000000000003b8                __riscv_save_11
                0x00000000000003b8                __riscv_save_10
                0x00000000000003b8                __riscv_save_8
                0x00000000000003c6                __riscv_save_4
                0x00000000000003c6                __riscv_save_6
                0x00000000000003c6                __riscv_save_5
                0x00000000000003c6                __riscv_save_7
                0x00000000000003e0                __riscv_save_3
                0x00000000000003e0                __riscv_save_2
                0x00000000000003e0                __riscv_save_1
                0x00000000000003e0                __riscv_save_0
                0x00000000000003ec                __riscv_restore_12
                0x00000000000003f0                __riscv_restore_11
                0x00000000000003f0                __riscv_restore_9
                0x00000000000003f0                __riscv_restore_10
                0x00000000000003f0                __riscv_restore_8
                0x00000000000003fa                __riscv_restore_5
                0x00000000000003fa                __riscv_restore_7
                0x00000000000003fa                __riscv_restore_6
                0x00000000000003fa                __riscv_restore_4
                0x0000000000000404                __riscv_restore_3
                0x0000000000000404                __riscv_restore_0
                0x0000000000000404                __riscv_restore_2
                0x0000000000000404                __riscv_restore_1
 .text          0x0000000000000410       0xa8 d:/mounriver/mounriver_studio/toolchain/risc-v embedded gcc/bin/../lib/gcc/riscv-none-embed/8.2.0/../../../../riscv-none-embed/lib/rv32imacxw/ilp32\libg_nano.a(lib_a-memset.o)
                0x0000000000000410                memset
 *(.text.*)
 .text.rt_tick_get
                0x00000000000004b8        0x6 ./rtthread/src/clock.o
                0x00000000000004b8                rt_tick_get
 .text.rt_tick_increase
                0x00000000000004be       0x28 ./rtthread/src/clock.o
                0x00000000000004be                rt_tick_increase
 .text.rti_start
                0x00000000000004e6        0x4 ./rtthread/src/components.o
 .text.rti_end  0x00000000000004ea        0x4 ./rtthread/src/components.o
 .text.rti_board_start
                0x00000000000004ee        0x4 ./rtthread/src/components.o
 .text.rti_board_end
                0x00000000000004f2        0x4 ./rtthread/src/components.o
 .text.rt_components_board_init
                0x00000000000004f6       0x1e ./rtthread/src/components.o
                0x00000000000004f6                rt_components_board_init
 .text.rt_components_init
                0x0000000000000514       0x1e ./rtthread/src/components.o
                0x0000000000000514                rt_components_init
 .text.main_thread_entry
                0x0000000000000532        0xc ./rtthread/src/components.o
                0x0000000000000532                main_thread_entry
 .text.rt_application_init
                0x000000000000053e       0x28 ./rtthread/src/components.o
                0x000000000000053e                rt_application_init
 .text.rtthread_startup
                0x0000000000000566       0x28 ./rtthread/src/components.o
                0x0000000000000566                rtthread_startup
 .text.entry    0x000000000000058e        0xa ./rtthread/src/components.o
                0x000000000000058e                entry
 .text.rt_device_find
                0x0000000000000598       0x48 ./rtthread/src/device.o
                0x0000000000000598                rt_device_find
 .text.rt_device_register
                0x00000000000005e0       0x34 ./rtthread/src/device.o
                0x00000000000005e0                rt_device_register
 .text.rt_device_open
                0x0000000000000614       0x7a ./rtthread/src/device.o
                0x0000000000000614                rt_device_open
 .text.rt_device_close
                0x000000000000068e       0x38 ./rtthread/src/device.o
                0x000000000000068e                rt_device_close
 .text.rt_device_read
                0x00000000000006c6       0x1c ./rtthread/src/device.o
                0x00000000000006c6                rt_device_read
 .text.rt_device_write
                0x00000000000006e2       0x1c ./rtthread/src/device.o
                0x00000000000006e2                rt_device_write
 .text.rt_device_set_rx_indicate
                0x00000000000006fe        0x6 ./rtthread/src/device.o
                0x00000000000006fe                rt_device_set_rx_indicate
 .text.rt_thread_idle_excute
                0x0000000000000704       0x74 ./rtthread/src/idle.o
                0x0000000000000704                rt_thread_idle_excute
 .text.rt_thread_idle_entry
                0x0000000000000778       0x1c ./rtthread/src/idle.o
 .text.rt_thread_idle_init
                0x0000000000000794       0x36 ./rtthread/src/idle.o
                0x0000000000000794                rt_thread_idle_init
 .text.rt_ipc_list_suspend
                0x00000000000007ca       0x5a ./rtthread/src/ipc.o
 .text.rt_sem_init
                0x0000000000000824       0x28 ./rtthread/src/ipc.o
                0x0000000000000824                rt_sem_init
 .text.rt_sem_take
                0x000000000000084c       0x80 ./rtthread/src/ipc.o
                0x000000000000084c                rt_sem_take
 .text.rt_sem_release
                0x00000000000008cc       0x40 ./rtthread/src/ipc.o
                0x00000000000008cc                rt_sem_release
 .text.rt_interrupt_enter
                0x000000000000090c       0x2c ./rtthread/src/irq.o
                0x000000000000090c                rt_interrupt_enter
 .text.rt_interrupt_leave
                0x0000000000000938       0x2c ./rtthread/src/irq.o
                0x0000000000000938                rt_interrupt_leave
 .text.rt_interrupt_get_nest
                0x0000000000000964        0x6 ./rtthread/src/irq.o
                0x0000000000000964                rt_interrupt_get_nest
 .text.print_number
                0x000000000000096a      0x17e ./rtthread/src/kservice.o
 .text.rt_set_errno
                0x0000000000000ae8       0x1c ./rtthread/src/kservice.o
                0x0000000000000ae8                rt_set_errno
 .text.rt_memset
                0x0000000000000b04       0x88 ./rtthread/src/kservice.o
                0x0000000000000b04                rt_memset
 .text.rt_memmove
                0x0000000000000b8c       0x48 ./rtthread/src/kservice.o
                0x0000000000000b8c                rt_memmove
 .text.rt_strncpy
                0x0000000000000bd4       0x2c ./rtthread/src/kservice.o
                0x0000000000000bd4                rt_strncpy
 .text.rt_strncmp
                0x0000000000000c00       0x2a ./rtthread/src/kservice.o
                0x0000000000000c00                rt_strncmp
 .text.rt_strlen
                0x0000000000000c2a       0x12 ./rtthread/src/kservice.o
                0x0000000000000c2a                rt_strlen
 .text.rt_vsnprintf
                0x0000000000000c3c      0x352 ./rtthread/src/kservice.o
                0x0000000000000c3c                rt_vsnprintf
 .text.rt_console_get_device
                0x0000000000000f8e        0x6 ./rtthread/src/kservice.o
                0x0000000000000f8e                rt_console_get_device
 .text.rt_console_set_device
                0x0000000000000f94       0x2e ./rtthread/src/kservice.o
                0x0000000000000f94                rt_console_set_device
 .text.rt_hw_console_output
                0x0000000000000fc2        0x2 ./rtthread/src/kservice.o
                0x0000000000000fc2                rt_hw_console_output
 .text.rt_kprintf
                0x0000000000000fc4       0x68 ./rtthread/src/kservice.o
                0x0000000000000fc4                rt_kprintf
 .text.rt_show_version
                0x000000000000102c       0x3e ./rtthread/src/kservice.o
                0x000000000000102c                rt_show_version
 .text.__rt_ffs
                0x000000000000106a       0x4e ./rtthread/src/kservice.o
                0x000000000000106a                __rt_ffs
 .text.plug_holes
                0x00000000000010b8       0x58 ./rtthread/src/mem.o
 .text.list_mem
                0x0000000000001110       0x32 ./rtthread/src/mem.o
                0x0000000000001110                list_mem
 .text.rt_system_heap_init
                0x0000000000001142       0x7c ./rtthread/src/mem.o
                0x0000000000001142                rt_system_heap_init
 .text.rt_malloc
                0x00000000000011be      0x12c ./rtthread/src/mem.o
                0x00000000000011be                rt_malloc
 .text.rt_calloc
                0x00000000000012ea       0x24 ./rtthread/src/mem.o
                0x00000000000012ea                rt_calloc
 .text.rt_free  0x000000000000130e       0xaa ./rtthread/src/mem.o
                0x000000000000130e                rt_free
 .text.rt_object_get_information
                0x00000000000013b8       0x2a ./rtthread/src/object.o
                0x00000000000013b8                rt_object_get_information
 .text.rt_object_init
                0x00000000000013e2       0x5e ./rtthread/src/object.o
                0x00000000000013e2                rt_object_init
 .text.rt_object_detach
                0x0000000000001440       0x2e ./rtthread/src/object.o
                0x0000000000001440                rt_object_detach
 .text.rt_object_allocate
                0x000000000000146e       0x56 ./rtthread/src/object.o
                0x000000000000146e                rt_object_allocate
 .text.rt_object_delete
                0x00000000000014c4       0x32 ./rtthread/src/object.o
                0x00000000000014c4                rt_object_delete
 .text.rt_object_is_systemobject
                0x00000000000014f6        0x8 ./rtthread/src/object.o
                0x00000000000014f6                rt_object_is_systemobject
 .text.rt_system_scheduler_init
                0x00000000000014fe       0x2e ./rtthread/src/scheduler.o
                0x00000000000014fe                rt_system_scheduler_init
 .text.rt_system_scheduler_start
                0x000000000000152c       0x2c ./rtthread/src/scheduler.o
                0x000000000000152c                rt_system_scheduler_start
 .text.rt_schedule
                0x0000000000001558       0x6a ./rtthread/src/scheduler.o
                0x0000000000001558                rt_schedule
 .text.rt_schedule_insert_thread
                0x00000000000015c2       0x48 ./rtthread/src/scheduler.o
                0x00000000000015c2                rt_schedule_insert_thread
 .text.rt_schedule_remove_thread
                0x000000000000160a       0x42 ./rtthread/src/scheduler.o
                0x000000000000160a                rt_schedule_remove_thread
 .text.rt_enter_critical
                0x000000000000164c       0x16 ./rtthread/src/scheduler.o
                0x000000000000164c                rt_enter_critical
 .text.rt_exit_critical
                0x0000000000001662       0x2e ./rtthread/src/scheduler.o
                0x0000000000001662                rt_exit_critical
 .text.rt_thread_exit
                0x0000000000001690       0x50 ./rtthread/src/thread.o
                0x0000000000001690                rt_thread_exit
 .text._rt_thread_init.isra.0
                0x00000000000016e0       0x8e ./rtthread/src/thread.o
 .text.rt_thread_timeout
                0x000000000000176e       0x20 ./rtthread/src/thread.o
                0x000000000000176e                rt_thread_timeout
 .text.rt_thread_init
                0x000000000000178e       0x32 ./rtthread/src/thread.o
                0x000000000000178e                rt_thread_init
 .text.rt_thread_self
                0x00000000000017c0        0x6 ./rtthread/src/thread.o
                0x00000000000017c0                rt_thread_self
 .text.rt_thread_create
                0x00000000000017c6       0x46 ./rtthread/src/thread.o
                0x00000000000017c6                rt_thread_create
 .text.rt_thread_yield
                0x000000000000180c       0x52 ./rtthread/src/thread.o
                0x000000000000180c                rt_thread_yield
 .text.rt_thread_suspend
                0x000000000000185e       0x4a ./rtthread/src/thread.o
                0x000000000000185e                rt_thread_suspend
 .text.rt_thread_sleep
                0x00000000000018a8       0x40 ./rtthread/src/thread.o
                0x00000000000018a8                rt_thread_sleep
 .text.rt_thread_delay
                0x00000000000018e8        0xa ./rtthread/src/thread.o
                0x00000000000018e8                rt_thread_delay
 .text.rt_thread_resume
                0x00000000000018f2       0x4c ./rtthread/src/thread.o
                0x00000000000018f2                rt_thread_resume
 .text.rt_thread_startup
                0x000000000000193e       0x2c ./rtthread/src/thread.o
                0x000000000000193e                rt_thread_startup
 .text._rt_timer_remove.part.1
                0x000000000000196a       0x12 ./rtthread/src/timer.o
 .text.rt_timer_init
                0x000000000000197c       0x3a ./rtthread/src/timer.o
                0x000000000000197c                rt_timer_init
 .text.rt_timer_detach
                0x00000000000019b6       0x1e ./rtthread/src/timer.o
                0x00000000000019b6                rt_timer_detach
 .text.rt_timer_start
                0x00000000000019d4       0x80 ./rtthread/src/timer.o
                0x00000000000019d4                rt_timer_start
 .text.rt_timer_stop
                0x0000000000001a54       0x30 ./rtthread/src/timer.o
                0x0000000000001a54                rt_timer_stop
 .text.rt_timer_control
                0x0000000000001a84       0x38 ./rtthread/src/timer.o
                0x0000000000001a84                rt_timer_control
 .text.rt_timer_check
                0x0000000000001abc       0x78 ./rtthread/src/timer.o
                0x0000000000001abc                rt_timer_check
 .text.rt_system_timer_init
                0x0000000000001b34        0xa ./rtthread/src/timer.o
                0x0000000000001b34                rt_system_timer_init
 .text.rt_system_timer_thread_init
                0x0000000000001b3e        0x2 ./rtthread/src/timer.o
                0x0000000000001b3e                rt_system_timer_thread_init
 .text.rt_hw_stack_init
                0x0000000000001b40       0x36 ./rtthread/libcpu/risc-v/common/cpuport.o
                0x0000000000001b40                rt_hw_stack_init
 .text.sw_setpend
                0x0000000000001b76       0x10 ./rtthread/libcpu/risc-v/common/cpuport.o
                0x0000000000001b76                sw_setpend
 .text.sw_clearpend
                0x0000000000001b86        0xe ./rtthread/libcpu/risc-v/common/cpuport.o
                0x0000000000001b86                sw_clearpend
 .text.rt_hw_interrupt_disable
                0x0000000000001b94        0xc ./rtthread/libcpu/risc-v/common/cpuport.o
                0x0000000000001b94                rt_hw_interrupt_disable
 .text.rt_hw_interrupt_enable
                0x0000000000001ba0        0x6 ./rtthread/libcpu/risc-v/common/cpuport.o
                0x0000000000001ba0                rt_hw_interrupt_enable
 .text.rt_hw_context_switch_interrupt
                0x0000000000001ba6       0x22 ./rtthread/libcpu/risc-v/common/cpuport.o
                0x0000000000001ba6                rt_hw_context_switch_interrupt
 .text.rt_list_len
                0x0000000000001bc8       0x12 ./rtthread/components/finsh/cmd.o
 .text.reboot   0x0000000000001bda       0x12 ./rtthread/components/finsh/cmd.o
                0x0000000000001bda                reboot
 .text.clear    0x0000000000001bec       0x16 ./rtthread/components/finsh/cmd.o
                0x0000000000001bec                clear
 .text.object_split
                0x0000000000001c02       0x20 ./rtthread/components/finsh/cmd.o
 .text.show_wait_queue
                0x0000000000001c22       0x36 ./rtthread/components/finsh/cmd.o
 .text.object_name_maxlen
                0x0000000000001c58       0x3e ./rtthread/components/finsh/cmd.o
 .text.list_thread
                0x0000000000001c96       0xe2 ./rtthread/components/finsh/cmd.o
                0x0000000000001c96                list_thread
 .text.list_sem
                0x0000000000001d78       0xb6 ./rtthread/components/finsh/cmd.o
                0x0000000000001d78                list_sem
 .text.list_event
                0x0000000000001e2e       0xac ./rtthread/components/finsh/cmd.o
                0x0000000000001e2e                list_event
 .text.list_mutex
                0x0000000000001eda       0x82 ./rtthread/components/finsh/cmd.o
                0x0000000000001eda                list_mutex
 .text.list_mailbox
                0x0000000000001f5c       0xbe ./rtthread/components/finsh/cmd.o
                0x0000000000001f5c                list_mailbox
 .text.list_msgqueue
                0x000000000000201a       0xb6 ./rtthread/components/finsh/cmd.o
                0x000000000000201a                list_msgqueue
 .text.list_device
                0x00000000000020d0       0x94 ./rtthread/components/finsh/cmd.o
                0x00000000000020d0                list_device
 .text.list_timer
                0x0000000000002164       0x9a ./rtthread/components/finsh/cmd.o
                0x0000000000002164                list_timer
 .text.list     0x00000000000021fe       0x4a ./rtthread/components/finsh/cmd.o
                0x00000000000021fe                list
 .text.msh_help
                0x0000000000002248       0x58 ./rtthread/components/finsh/msh.o
                0x0000000000002248                msh_help
 .text.msh_is_used
                0x00000000000022a0        0x4 ./rtthread/components/finsh/msh.o
                0x00000000000022a0                msh_is_used
 .text.msh_exec
                0x00000000000022a4      0x1aa ./rtthread/components/finsh/msh.o
                0x00000000000022a4                msh_exec
 .text.msh_auto_complete
                0x000000000000244e       0xa2 ./rtthread/components/finsh/msh.o
                0x000000000000244e                msh_auto_complete
 .text.cmd_ps   0x00000000000024f0        0xe ./rtthread/components/finsh/msh_cmd.o
                0x00000000000024f0                cmd_ps
 .text.cmd_free
                0x00000000000024fe        0xe ./rtthread/components/finsh/msh_cmd.o
                0x00000000000024fe                cmd_free
 .text.finsh_rx_ind
                0x000000000000250c       0x12 ./rtthread/components/finsh/shell.o
 .text.finsh_system_init
                0x000000000000251e       0x98 ./rtthread/components/finsh/shell.o
                0x000000000000251e                finsh_system_init
 .text.finsh_get_prompt
                0x00000000000025b6       0x3c ./rtthread/components/finsh/shell.o
                0x00000000000025b6                finsh_get_prompt
 .text.shell_handle_history
                0x00000000000025f2       0x2e ./rtthread/components/finsh/shell.o
 .text.finsh_set_device
                0x0000000000002620       0x7e ./rtthread/components/finsh/shell.o
                0x0000000000002620                finsh_set_device
 .text.finsh_thread_entry
                0x000000000000269e      0x410 ./rtthread/components/finsh/shell.o
                0x000000000000269e                finsh_thread_entry
 .text.rt_serial_init
                0x0000000000002aae       0x20 ./rtthread/components/drivers/serial/serial.o
 .text.rt_serial_write
                0x0000000000002ace       0x42 ./rtthread/components/drivers/serial/serial.o
 .text.rt_serial_open
                0x0000000000002b10       0x9e ./rtthread/components/drivers/serial/serial.o
 .text.rt_serial_control
                0x0000000000002bae       0x6e ./rtthread/components/drivers/serial/serial.o
 .text.rt_serial_read
                0x0000000000002c1c       0x9e ./rtthread/components/drivers/serial/serial.o
 .text.rt_serial_close
                0x0000000000002cba       0x40 ./rtthread/components/drivers/serial/serial.o
 .text.rt_hw_serial_register
                0x0000000000002cfa       0x5a ./rtthread/components/drivers/serial/serial.o
                0x0000000000002cfa                rt_hw_serial_register
 .text.rt_hw_serial_isr
                0x0000000000002d54       0xaa ./rtthread/components/drivers/serial/serial.o
                0x0000000000002d54                rt_hw_serial_isr
 .text._pin_control
                0x0000000000002dfe       0x1c ./rtthread/components/drivers/misc/pin.o
 .text.rt_pin_mode
                0x0000000000002e1a       0x1a ./rtthread/components/drivers/misc/pin.o
                0x0000000000002e1a                rt_pin_mode
 .text.rt_pin_write
                0x0000000000002e34       0x1a ./rtthread/components/drivers/misc/pin.o
                0x0000000000002e34                rt_pin_write
 .text.rt_pin_read
                0x0000000000002e4e       0x18 ./rtthread/components/drivers/misc/pin.o
                0x0000000000002e4e                rt_pin_read
 .text._pin_read
                0x0000000000002e66       0x2e ./rtthread/components/drivers/misc/pin.o
 .text._pin_write
                0x0000000000002e94       0x2c ./rtthread/components/drivers/misc/pin.o
 .text.rt_device_pin_register
                0x0000000000002ec0       0x54 ./rtthread/components/drivers/misc/pin.o
                0x0000000000002ec0                rt_device_pin_register
 .text.rt_heap_begin_get
                0x0000000000002f14        0xa ./rtthread/board.o
                0x0000000000002f14                rt_heap_begin_get
 .text.rt_heap_end_get
                0x0000000000002f1e        0xa ./rtthread/board.o
                0x0000000000002f1e                rt_heap_end_get
 .text.rt_hw_board_init
                0x0000000000002f28       0x76 ./rtthread/board.o
                0x0000000000002f28                rt_hw_board_init
 .text.SysTick_Handler
                0x0000000000002f9e       0x20 ./rtthread/board.o
                0x0000000000002f9e                SysTick_Handler
 .text.bit2bitno
                0x0000000000002fbe       0x1c ./drivers/drv_gpio.o
 .text.GPIOD_CLK_ENABLE
                0x0000000000002fda       0x12 ./drivers/drv_gpio.o
 .text.GPIOB_CLK_ENABLE
                0x0000000000002fec       0x10 ./drivers/drv_gpio.o
 .text.GPIOA_CLK_ENABLE
                0x0000000000002ffc       0x10 ./drivers/drv_gpio.o
 .text.GPIOC_CLK_ENABLE
                0x000000000000300c       0x10 ./drivers/drv_gpio.o
 .text.GPIOE_CLK_ENABLE
                0x000000000000301c       0x12 ./drivers/drv_gpio.o
 .text.rt_hw_pin_init
                0x000000000000302e       0x1c ./drivers/drv_gpio.o
                0x000000000000302e                rt_hw_pin_init
 .text.get_pin  0x000000000000304a       0x20 ./drivers/drv_gpio.o
                0x000000000000304a                get_pin
 .text.ch32_pin_write
                0x000000000000306a       0x22 ./drivers/drv_gpio.o
                0x000000000000306a                ch32_pin_write
 .text.ch32_pin_read
                0x000000000000308c       0x1e ./drivers/drv_gpio.o
                0x000000000000308c                ch32_pin_read
 .text.ch32_pin_mode
                0x00000000000030aa       0x7e ./drivers/drv_gpio.o
                0x00000000000030aa                ch32_pin_mode
 .text.ch32_pin_attach_irq
                0x0000000000003128       0x92 ./drivers/drv_gpio.o
                0x0000000000003128                ch32_pin_attach_irq
 .text.ch32_pin_dettach_irq
                0x00000000000031ba       0x5a ./drivers/drv_gpio.o
                0x00000000000031ba                ch32_pin_dettach_irq
 .text.ch32_pin_irq_enable
                0x0000000000003214      0x15c ./drivers/drv_gpio.o
                0x0000000000003214                ch32_pin_irq_enable
 .text.HAL_GPIO_EXTI_Callback
                0x0000000000003370       0x24 ./drivers/drv_gpio.o
                0x0000000000003370                HAL_GPIO_EXTI_Callback
 .text.EXTI0_IRQHandler
                0x0000000000003394       0x28 ./drivers/drv_gpio.o
                0x0000000000003394                EXTI0_IRQHandler
 .text.EXTI1_IRQHandler
                0x00000000000033bc       0x28 ./drivers/drv_gpio.o
                0x00000000000033bc                EXTI1_IRQHandler
 .text.EXTI2_IRQHandler
                0x00000000000033e4       0x28 ./drivers/drv_gpio.o
                0x00000000000033e4                EXTI2_IRQHandler
 .text.EXTI3_IRQHandler
                0x000000000000340c       0x28 ./drivers/drv_gpio.o
                0x000000000000340c                EXTI3_IRQHandler
 .text.EXTI4_IRQHandler
                0x0000000000003434       0x28 ./drivers/drv_gpio.o
                0x0000000000003434                EXTI4_IRQHandler
 .text.EXTI9_5_IRQHandler
                0x000000000000345c       0x78 ./drivers/drv_gpio.o
                0x000000000000345c                EXTI9_5_IRQHandler
 .text.EXTI15_10_IRQHandler
                0x00000000000034d4       0x80 ./drivers/drv_gpio.o
                0x00000000000034d4                EXTI15_10_IRQHandler
 .text.ch32dma_transmit
                0x0000000000003554        0x4 ./drivers/drv_usart.o
                0x0000000000003554                ch32dma_transmit
 .text.ch32_configure
                0x0000000000003558       0xce ./drivers/drv_usart.o
 .text.rt_hw_usart_init
                0x0000000000003626       0xc4 ./drivers/drv_usart.o
                0x0000000000003626                rt_hw_usart_init
 .text.ch32_getc
                0x00000000000036ea       0x22 ./drivers/drv_usart.o
 .text.ch32_putc
                0x000000000000370c       0x22 ./drivers/drv_usart.o
 .text.ch32_control
                0x000000000000372e       0x5c ./drivers/drv_usart.o
 .text.USART1_IRQHandler
                0x000000000000378a       0x4a ./drivers/drv_usart.o
                0x000000000000378a                USART1_IRQHandler
 .text.ADC_Function_Init
                0x00000000000037d4       0xe2 ./User/headers/adc_helpers.o
                0x00000000000037d4                ADC_Function_Init
 .text.Apply_Calibration_Offset
                0x00000000000038b6       0x28 ./User/headers/adc_helpers.o
                0x00000000000038b6                Apply_Calibration_Offset
 .text.Get_ADC_Val
                0x00000000000038de       0x3e ./User/headers/adc_helpers.o
                0x00000000000038de                Get_ADC_Val
 .text.ADC_to_Voltage
                0x000000000000391c       0x24 ./User/headers/adc_helpers.o
                0x000000000000391c                ADC_to_Voltage
 .text.MCP9701_Get_Temperature
                0x0000000000003940       0x34 ./User/headers/analog_sensors.o
                0x0000000000003940                MCP9701_Get_Temperature
 .text.LDR_Get_Intensity
                0x0000000000003974       0x50 ./User/headers/analog_sensors.o
                0x0000000000003974                LDR_Get_Intensity
 .text.NMI_Handler
                0x00000000000039c4       0x20 ./User/ch32v30x_it.o
                0x00000000000039c4                NMI_Handler
 .text.HardFault_Handler
                0x00000000000039e4       0x20 ./User/ch32v30x_it.o
                0x00000000000039e4                HardFault_Handler
 .text.GetADC   0x0000000000003a04       0x34 ./User/main.o
                0x0000000000003a04                GetADC
 .text.ETH_Interface_Init
                0x0000000000003a38      0x120 ./User/main.o
                0x0000000000003a38                ETH_Interface_Init
 .text.SendReminder
                0x0000000000003b58       0x20 ./User/main.o
                0x0000000000003b58                SendReminder
 .text.LED1_BLINK_INIT
                0x0000000000003b78       0x34 ./User/main.o
                0x0000000000003b78                LED1_BLINK_INIT
 .text.startup.main
                0x0000000000003bac       0xee ./User/main.o
                0x0000000000003bac                main
 .text.SystemInit
                0x0000000000003c9a       0xf8 ./User/system_ch32v30x.o
                0x0000000000003c9a                SystemInit
 .text.vector_handler
                0x0000000000003d92       0xbe ./Startup/startup_ch32v30x.o
                0x0000000000003d96                Ecall_M_Mode_Handler
                0x0000000000003d98                Ecall_U_Mode_Handler
                0x0000000000003d9a                Break_Point_Handler
                0x0000000000003da0                WWDG_IRQHandler
                0x0000000000003da2                PVD_IRQHandler
                0x0000000000003da4                TAMPER_IRQHandler
                0x0000000000003da6                RTC_IRQHandler
                0x0000000000003da8                FLASH_IRQHandler
                0x0000000000003daa                RCC_IRQHandler
                0x0000000000003db6                DMA1_Channel1_IRQHandler
                0x0000000000003db8                DMA1_Channel2_IRQHandler
                0x0000000000003dba                DMA1_Channel3_IRQHandler
                0x0000000000003dbc                DMA1_Channel4_IRQHandler
                0x0000000000003dbe                DMA1_Channel5_IRQHandler
                0x0000000000003dc0                DMA1_Channel6_IRQHandler
                0x0000000000003dc2                DMA1_Channel7_IRQHandler
                0x0000000000003dc4                ADC1_2_IRQHandler
                0x0000000000003dc6                USB_HP_CAN1_TX_IRQHandler
                0x0000000000003dc8                USB_LP_CAN1_RX0_IRQHandler
                0x0000000000003dca                CAN1_RX1_IRQHandler
                0x0000000000003dcc                CAN1_SCE_IRQHandler
                0x0000000000003dd0                TIM1_BRK_IRQHandler
                0x0000000000003dd2                TIM1_UP_IRQHandler
                0x0000000000003dd4                TIM1_TRG_COM_IRQHandler
                0x0000000000003dd6                TIM1_CC_IRQHandler
                0x0000000000003dd8                TIM2_IRQHandler
                0x0000000000003dda                TIM3_IRQHandler
                0x0000000000003ddc                TIM4_IRQHandler
                0x0000000000003dde                I2C1_EV_IRQHandler
                0x0000000000003de0                I2C1_ER_IRQHandler
                0x0000000000003de2                I2C2_EV_IRQHandler
                0x0000000000003de4                I2C2_ER_IRQHandler
                0x0000000000003de6                SPI1_IRQHandler
                0x0000000000003de8                SPI2_IRQHandler
                0x0000000000003dec                USART2_IRQHandler
                0x0000000000003dee                USART3_IRQHandler
                0x0000000000003df2                RTCAlarm_IRQHandler
                0x0000000000003df4                USBWakeUp_IRQHandler
                0x0000000000003df6                TIM8_BRK_IRQHandler
                0x0000000000003df8                TIM8_UP_IRQHandler
                0x0000000000003dfa                TIM8_TRG_COM_IRQHandler
                0x0000000000003dfc                TIM8_CC_IRQHandler
                0x0000000000003dfe                RNG_IRQHandler
                0x0000000000003e00                FSMC_IRQHandler
                0x0000000000003e02                SDIO_IRQHandler
                0x0000000000003e04                TIM5_IRQHandler
                0x0000000000003e06                SPI3_IRQHandler
                0x0000000000003e08                UART4_IRQHandler
                0x0000000000003e0a                UART5_IRQHandler
                0x0000000000003e0c                TIM6_IRQHandler
                0x0000000000003e0e                TIM7_IRQHandler
                0x0000000000003e10                DMA2_Channel1_IRQHandler
                0x0000000000003e12                DMA2_Channel2_IRQHandler
                0x0000000000003e14                DMA2_Channel3_IRQHandler
                0x0000000000003e16                DMA2_Channel4_IRQHandler
                0x0000000000003e18                DMA2_Channel5_IRQHandler
                0x0000000000003e1a                ETH_IRQHandler
                0x0000000000003e1c                ETH_WKUP_IRQHandler
                0x0000000000003e1e                CAN2_TX_IRQHandler
                0x0000000000003e20                CAN2_RX0_IRQHandler
                0x0000000000003e22                CAN2_RX1_IRQHandler
                0x0000000000003e24                CAN2_SCE_IRQHandler
                0x0000000000003e26                OTG_FS_IRQHandler
                0x0000000000003e28                USBHSWakeup_IRQHandler
                0x0000000000003e2a                USBHS_IRQHandler
                0x0000000000003e2c                DVP_IRQHandler
                0x0000000000003e2e                UART6_IRQHandler
                0x0000000000003e30                UART7_IRQHandler
                0x0000000000003e32                UART8_IRQHandler
                0x0000000000003e34                TIM9_BRK_IRQHandler
                0x0000000000003e36                TIM9_UP_IRQHandler
                0x0000000000003e38                TIM9_TRG_COM_IRQHandler
                0x0000000000003e3a                TIM9_CC_IRQHandler
                0x0000000000003e3c                TIM10_BRK_IRQHandler
                0x0000000000003e3e                TIM10_UP_IRQHandler
                0x0000000000003e40                TIM10_TRG_COM_IRQHandler
                0x0000000000003e42                TIM10_CC_IRQHandler
                0x0000000000003e44                DMA2_Channel6_IRQHandler
                0x0000000000003e46                DMA2_Channel7_IRQHandler
                0x0000000000003e48                DMA2_Channel8_IRQHandler
                0x0000000000003e4a                DMA2_Channel9_IRQHandler
                0x0000000000003e4c                DMA2_Channel10_IRQHandler
                0x0000000000003e4e                DMA2_Channel11_IRQHandler
 .text.handle_reset
                0x0000000000003e50       0x92 ./Startup/startup_ch32v30x.o
                0x0000000000003e50                handle_reset
 .text.ADC_DeInit
                0x0000000000003ee2       0x46 ./Peripheral/src/ch32v30x_adc.o
                0x0000000000003ee2                ADC_DeInit
 .text.ADC_Init
                0x0000000000003f28       0x56 ./Peripheral/src/ch32v30x_adc.o
                0x0000000000003f28                ADC_Init
 .text.ADC_Cmd  0x0000000000003f7e       0x10 ./Peripheral/src/ch32v30x_adc.o
                0x0000000000003f7e                ADC_Cmd
 .text.ADC_ResetCalibration
                0x0000000000003f8e        0xa ./Peripheral/src/ch32v30x_adc.o
                0x0000000000003f8e                ADC_ResetCalibration
 .text.ADC_GetResetCalibrationStatus
                0x0000000000003f98        0x8 ./Peripheral/src/ch32v30x_adc.o
                0x0000000000003f98                ADC_GetResetCalibrationStatus
 .text.ADC_StartCalibration
                0x0000000000003fa0        0xa ./Peripheral/src/ch32v30x_adc.o
                0x0000000000003fa0                ADC_StartCalibration
 .text.ADC_GetCalibrationStatus
                0x0000000000003faa        0x8 ./Peripheral/src/ch32v30x_adc.o
                0x0000000000003faa                ADC_GetCalibrationStatus
 .text.ADC_SoftwareStartConvCmd
                0x0000000000003fb2       0x18 ./Peripheral/src/ch32v30x_adc.o
                0x0000000000003fb2                ADC_SoftwareStartConvCmd
 .text.ADC_DiscModeChannelCountConfig
                0x0000000000003fca       0x12 ./Peripheral/src/ch32v30x_adc.o
                0x0000000000003fca                ADC_DiscModeChannelCountConfig
 .text.ADC_RegularChannelConfig
                0x0000000000003fdc       0xb8 ./Peripheral/src/ch32v30x_adc.o
                0x0000000000003fdc                ADC_RegularChannelConfig
 .text.ADC_GetConversionValue
                0x0000000000004094        0x8 ./Peripheral/src/ch32v30x_adc.o
                0x0000000000004094                ADC_GetConversionValue
 .text.ADC_GetFlagStatus
                0x000000000000409c        0xa ./Peripheral/src/ch32v30x_adc.o
                0x000000000000409c                ADC_GetFlagStatus
 .text.ADC_BufferCmd
                0x00000000000040a6       0x18 ./Peripheral/src/ch32v30x_adc.o
                0x00000000000040a6                ADC_BufferCmd
 .text.Get_CalibrationValue
                0x00000000000040be      0x134 ./Peripheral/src/ch32v30x_adc.o
                0x00000000000040be                Get_CalibrationValue
 .text.ETH_DeInit
                0x00000000000041f2       0x14 ./Peripheral/src/ch32v30x_eth.o
                0x00000000000041f2                ETH_DeInit
 .text.ETH_StructInit
                0x0000000000004206       0xd8 ./Peripheral/src/ch32v30x_eth.o
                0x0000000000004206                ETH_StructInit
 .text.ETH_WritePHYRegister
                0x00000000000042de       0x52 ./Peripheral/src/ch32v30x_eth.o
                0x00000000000042de                ETH_WritePHYRegister
 .text.ETH_DMATxDescChainInit
                0x0000000000004330       0x42 ./Peripheral/src/ch32v30x_eth.o
                0x0000000000004330                ETH_DMATxDescChainInit
 .text.ETH_DMARxDescChainInit
                0x0000000000004372       0x4c ./Peripheral/src/ch32v30x_eth.o
                0x0000000000004372                ETH_DMARxDescChainInit
 .text.ETH_SoftwareReset
                0x00000000000043be        0xe ./Peripheral/src/ch32v30x_eth.o
                0x00000000000043be                ETH_SoftwareReset
 .text.ETH_DMAITConfig
                0x00000000000043cc       0x1e ./Peripheral/src/ch32v30x_eth.o
                0x00000000000043cc                ETH_DMAITConfig
 .text.EXTI_Init
                0x00000000000043ea       0x6a ./Peripheral/src/ch32v30x_exti.o
                0x00000000000043ea                EXTI_Init
 .text.EXTI_GetITStatus
                0x0000000000004454       0x1e ./Peripheral/src/ch32v30x_exti.o
                0x0000000000004454                EXTI_GetITStatus
 .text.EXTI_ClearITPendingBit
                0x0000000000004472        0xa ./Peripheral/src/ch32v30x_exti.o
                0x0000000000004472                EXTI_ClearITPendingBit
 .text.GPIO_Init
                0x000000000000447c       0xc0 ./Peripheral/src/ch32v30x_gpio.o
                0x000000000000447c                GPIO_Init
 .text.GPIO_ReadInputDataBit
                0x000000000000453c        0xa ./Peripheral/src/ch32v30x_gpio.o
                0x000000000000453c                GPIO_ReadInputDataBit
 .text.GPIO_SetBits
                0x0000000000004546        0x4 ./Peripheral/src/ch32v30x_gpio.o
                0x0000000000004546                GPIO_SetBits
 .text.GPIO_ResetBits
                0x000000000000454a        0x4 ./Peripheral/src/ch32v30x_gpio.o
                0x000000000000454a                GPIO_ResetBits
 .text.GPIO_WriteBit
                0x000000000000454e        0xa ./Peripheral/src/ch32v30x_gpio.o
                0x000000000000454e                GPIO_WriteBit
 .text.GPIO_EXTILineConfig
                0x0000000000004558       0x2c ./Peripheral/src/ch32v30x_gpio.o
                0x0000000000004558                GPIO_EXTILineConfig
 .text.RCC_ADCCLKConfig
                0x0000000000004584       0x12 ./Peripheral/src/ch32v30x_rcc.o
                0x0000000000004584                RCC_ADCCLKConfig
 .text.RCC_GetClocksFreq
                0x0000000000004596      0x106 ./Peripheral/src/ch32v30x_rcc.o
                0x0000000000004596                RCC_GetClocksFreq
 .text.RCC_AHBPeriphClockCmd
                0x000000000000469c       0x1e ./Peripheral/src/ch32v30x_rcc.o
                0x000000000000469c                RCC_AHBPeriphClockCmd
 .text.RCC_APB2PeriphClockCmd
                0x00000000000046ba       0x1e ./Peripheral/src/ch32v30x_rcc.o
                0x00000000000046ba                RCC_APB2PeriphClockCmd
 .text.RCC_APB2PeriphResetCmd
                0x00000000000046d8       0x1e ./Peripheral/src/ch32v30x_rcc.o
                0x00000000000046d8                RCC_APB2PeriphResetCmd
 .text.RCC_GetFlagStatus
                0x00000000000046f6       0x2e ./Peripheral/src/ch32v30x_rcc.o
                0x00000000000046f6                RCC_GetFlagStatus
 .text.RCC_PREDIV2Config
                0x0000000000004724       0x10 ./Peripheral/src/ch32v30x_rcc.o
                0x0000000000004724                RCC_PREDIV2Config
 .text.RCC_PLL3Config
                0x0000000000004734       0x12 ./Peripheral/src/ch32v30x_rcc.o
                0x0000000000004734                RCC_PLL3Config
 .text.RCC_PLL3Cmd
                0x0000000000004746       0x24 ./Peripheral/src/ch32v30x_rcc.o
                0x0000000000004746                RCC_PLL3Cmd
 .text.RCC_AHBPeriphResetCmd
                0x000000000000476a       0x1e ./Peripheral/src/ch32v30x_rcc.o
                0x000000000000476a                RCC_AHBPeriphResetCmd
 .text.USART_Init
                0x0000000000004788       0xbc ./Peripheral/src/ch32v30x_usart.o
                0x0000000000004788                USART_Init
 .text.USART_Cmd
                0x0000000000004844       0x16 ./Peripheral/src/ch32v30x_usart.o
                0x0000000000004844                USART_Cmd
 .text.USART_ITConfig
                0x000000000000485a       0x36 ./Peripheral/src/ch32v30x_usart.o
                0x000000000000485a                USART_ITConfig
 .text.USART_SendData
                0x0000000000004890        0x8 ./Peripheral/src/ch32v30x_usart.o
                0x0000000000004890                USART_SendData
 .text.USART_GetFlagStatus
                0x0000000000004898        0xa ./Peripheral/src/ch32v30x_usart.o
                0x0000000000004898                USART_GetFlagStatus
 .text.USART_GetITStatus
                0x00000000000048a2       0x3c ./Peripheral/src/ch32v30x_usart.o
                0x00000000000048a2                USART_GetITStatus
 .text.USART_ClearITPendingBit
                0x00000000000048de       0x14 ./Peripheral/src/ch32v30x_usart.o
                0x00000000000048de                USART_ClearITPendingBit
 .text.ETH_TxPktChainMode
                0x00000000000048f2       0x3e ./NetLib/eth_driver.o
                0x00000000000048f2                ETH_TxPktChainMode
 .text.ETH_LedDataSet
                0x0000000000004930       0x22 ./NetLib/eth_driver.o
                0x0000000000004930                ETH_LedDataSet
 .text.ETH_LedLinkSet
                0x0000000000004952       0x22 ./NetLib/eth_driver.o
                0x0000000000004952                ETH_LedLinkSet
 .text.WCHNET_GetMacAddr
                0x0000000000004974       0x20 ./NetLib/eth_driver.o
                0x0000000000004974                WCHNET_GetMacAddr
 .text.WCHNET_MainTask
                0x0000000000004994       0x10 ./NetLib/eth_driver.o
                0x0000000000004994                WCHNET_MainTask
 .text.ETH_LedConfiguration
                0x00000000000049a4       0x44 ./NetLib/eth_driver.o
                0x00000000000049a4                ETH_LedConfiguration
 .text.ETH_SetClock
                0x00000000000049e8       0x2a ./NetLib/eth_driver.o
                0x00000000000049e8                ETH_SetClock
 .text.ETH_RegInit
                0x0000000000004a12      0x13e ./NetLib/eth_driver.o
                0x0000000000004a12                ETH_RegInit
 .text.ETH_Configuration
                0x0000000000004b50       0xcc ./NetLib/eth_driver.o
                0x0000000000004b50                ETH_Configuration
 .text.ETH_Init
                0x0000000000004c1c       0x5e ./NetLib/eth_driver.o
                0x0000000000004c1c                ETH_Init
 .text.ETH_LibInit
                0x0000000000004c7a       0x86 ./NetLib/eth_driver.o
                0x0000000000004c7a                ETH_LibInit
 .text.WCHNET_DataLoopback
                0x0000000000004d00       0x4c ./NetLib/ethernet_helpers.o
                0x0000000000004d00                WCHNET_DataLoopback
 .text.mStopIfError
                0x0000000000004d4c       0x1a ./NetLib/ethernet_helpers.o
                0x0000000000004d4c                mStopIfError
 .text.WCHNET_CreateTcpSocket
                0x0000000000004d66       0x6c ./NetLib/ethernet_helpers.o
                0x0000000000004d66                WCHNET_CreateTcpSocket
 .text.WCHNET_HandleSockInt
                0x0000000000004dd2       0xa0 ./NetLib/ethernet_helpers.o
                0x0000000000004dd2                WCHNET_HandleSockInt
 .text.WCHNET_HandleGlobalInt
                0x0000000000004e72       0x62 ./NetLib/ethernet_helpers.o
                0x0000000000004e72                WCHNET_HandleGlobalInt
 .text.Set_Receive_Handler
                0x0000000000004ed4        0x6 ./NetLib/ethernet_helpers.o
                0x0000000000004ed4                Set_Receive_Handler
 .text.Delay_Init
                0x0000000000004eda       0x2a ./Debug/debug.o
                0x0000000000004eda                Delay_Init
 .text.Delay_Us
                0x0000000000004f04       0x2e ./Debug/debug.o
                0x0000000000004f04                Delay_Us
 .text.Delay_Ms
                0x0000000000004f32       0x2e ./Debug/debug.o
                0x0000000000004f32                Delay_Ms
 .text.USART_Printf_Init
                0x0000000000004f60       0x5a ./Debug/debug.o
                0x0000000000004f60                USART_Printf_Init
 .text._write   0x0000000000004fba       0x3e ./Debug/debug.o
                0x0000000000004fba                _write
 .text._sbrk    0x0000000000004ff8       0x2a ./Debug/debug.o
                0x0000000000004ff8                _sbrk
 .text.WCHNET_PeriodicHandle
                0x0000000000005022      0x1c4 C:\MRS_DATA\workspace\RT-Thread_test-1\NetLib\libwchnet.a(eth_api.o)
                0x0000000000005022                WCHNET_PeriodicHandle
 .text.WCHNET_NetInput
                0x00000000000051e6       0x28 C:\MRS_DATA\workspace\RT-Thread_test-1\NetLib\libwchnet.a(eth_api.o)
                0x00000000000051e6                WCHNET_NetInput
 .text.WCHNET_Rx
                0x000000000000520e       0x52 C:\MRS_DATA\workspace\RT-Thread_test-1\NetLib\libwchnet.a(eth_api.o)
                0x000000000000520e                WCHNET_Rx
 .text.setRxBuffAddr
                0x0000000000005260       0x12 C:\MRS_DATA\workspace\RT-Thread_test-1\NetLib\libwchnet.a(eth_api.o)
                0x0000000000005260                setRxBuffAddr
 .text.WCHNET_Tx
                0x0000000000005272       0x32 C:\MRS_DATA\workspace\RT-Thread_test-1\NetLib\libwchnet.a(eth_api.o)
                0x0000000000005272                WCHNET_Tx
 .text.getTxBuffAddr
                0x00000000000052a4       0x1c C:\MRS_DATA\workspace\RT-Thread_test-1\NetLib\libwchnet.a(eth_api.o)
                0x00000000000052a4                getTxBuffAddr
 .text.IPCheckParaInit
                0x00000000000052c0       0x1e C:\MRS_DATA\workspace\RT-Thread_test-1\NetLib\libwchnet.a(ipcheck.o)
                0x00000000000052c0                IPCheckParaInit
 .text.SelIPARPSend
                0x00000000000052de       0x38 C:\MRS_DATA\workspace\RT-Thread_test-1\NetLib\libwchnet.a(ipcheck.o)
                0x00000000000052de                SelIPARPSend
 .text.IPCheckTmr
                0x0000000000005316       0x42 C:\MRS_DATA\workspace\RT-Thread_test-1\NetLib\libwchnet.a(ipcheck.o)
                0x0000000000005316                IPCheckTmr
 .text.IPConflictHandle
                0x0000000000005358       0x2e C:\MRS_DATA\workspace\RT-Thread_test-1\NetLib\libwchnet.a(ipcheck.o)
                0x0000000000005358                IPConflictHandle
 .text.NET_TCPError
                0x0000000000005386        0x2 C:\MRS_DATA\workspace\RT-Thread_test-1\NetLib\libwchnet.a(socket.o)
                0x0000000000005386                NET_TCPError
 .text.LwipTCPSendCallBack
                0x0000000000005388       0x3e C:\MRS_DATA\workspace\RT-Thread_test-1\NetLib\libwchnet.a(socket.o)
                0x0000000000005388                LwipTCPSendCallBack
 .text.LwipTCPPollCallBack
                0x00000000000053c6        0x4 C:\MRS_DATA\workspace\RT-Thread_test-1\NetLib\libwchnet.a(socket.o)
                0x00000000000053c6                LwipTCPPollCallBack
 .text.SocketIPRAWReceive
                0x00000000000053ca       0xc0 C:\MRS_DATA\workspace\RT-Thread_test-1\NetLib\libwchnet.a(socket.o)
                0x00000000000053ca                SocketIPRAWReceive
 .text.SocketUdpReceive
                0x000000000000548a       0xd6 C:\MRS_DATA\workspace\RT-Thread_test-1\NetLib\libwchnet.a(socket.o)
                0x000000000000548a                SocketUdpReceive
 .text.WCHSocketTCPReceive
                0x0000000000005560       0xdc C:\MRS_DATA\workspace\RT-Thread_test-1\NetLib\libwchnet.a(socket.o)
                0x0000000000005560                WCHSocketTCPReceive
 .text.LwipTcpConnectedCallBack
                0x000000000000563c       0x42 C:\MRS_DATA\workspace\RT-Thread_test-1\NetLib\libwchnet.a(socket.o)
                0x000000000000563c                LwipTcpConnectedCallBack
 .text.ErrorEncode
                0x000000000000567e       0x1a C:\MRS_DATA\workspace\RT-Thread_test-1\NetLib\libwchnet.a(socket.o)
                0x000000000000567e                ErrorEncode
 .text.WCHSocketInit
                0x0000000000005698       0x4c C:\MRS_DATA\workspace\RT-Thread_test-1\NetLib\libwchnet.a(socket.o)
                0x0000000000005698                WCHSocketInit
 .text.WCHNET_Init
                0x00000000000056e4       0xac C:\MRS_DATA\workspace\RT-Thread_test-1\NetLib\libwchnet.a(socket.o)
                0x00000000000056e4                WCHNET_Init
 .text.WCHNET_ConfigKeepLive
                0x0000000000005790       0x16 C:\MRS_DATA\workspace\RT-Thread_test-1\NetLib\libwchnet.a(socket.o)
                0x0000000000005790                WCHNET_ConfigKeepLive
 .text.WCHNET_ConfigLIB
                0x00000000000057a6      0x120 C:\MRS_DATA\workspace\RT-Thread_test-1\NetLib\libwchnet.a(socket.o)
                0x00000000000057a6                WCHNET_ConfigLIB
 .text.WCHNET_GetVer
                0x00000000000058c6        0x4 C:\MRS_DATA\workspace\RT-Thread_test-1\NetLib\libwchnet.a(socket.o)
                0x00000000000058c6                WCHNET_GetVer
 .text.WCHFindCorrectTCBPcb
                0x00000000000058ca       0x5e C:\MRS_DATA\workspace\RT-Thread_test-1\NetLib\libwchnet.a(socket.o)
                0x00000000000058ca                WCHFindCorrectTCBPcb
 .text.WCHNET_SocketCreat
                0x0000000000005928      0x1d2 C:\MRS_DATA\workspace\RT-Thread_test-1\NetLib\libwchnet.a(socket.o)
                0x0000000000005928                WCHNET_SocketCreat
 .text.tcp_recved_socket
                0x0000000000005afa       0x24 C:\MRS_DATA\workspace\RT-Thread_test-1\NetLib\libwchnet.a(socket.o)
                0x0000000000005afa                tcp_recved_socket
 .text.WCHNET_ModifyRecvBuf
                0x0000000000005b1e       0x52 C:\MRS_DATA\workspace\RT-Thread_test-1\NetLib\libwchnet.a(socket.o)
                0x0000000000005b1e                WCHNET_ModifyRecvBuf
 .text.WCHNET_SocketRecv
                0x0000000000005b70       0xf2 C:\MRS_DATA\workspace\RT-Thread_test-1\NetLib\libwchnet.a(socket.o)
                0x0000000000005b70                WCHNET_SocketRecv
 .text.SocketIPRawSend
                0x0000000000005c62       0xec C:\MRS_DATA\workspace\RT-Thread_test-1\NetLib\libwchnet.a(socket.o)
                0x0000000000005c62                SocketIPRawSend
 .text.SocketUdpSend
                0x0000000000005d4e       0xd0 C:\MRS_DATA\workspace\RT-Thread_test-1\NetLib\libwchnet.a(socket.o)
                0x0000000000005d4e                SocketUdpSend
 .text.SocketTcpSend
                0x0000000000005e1e      0x100 C:\MRS_DATA\workspace\RT-Thread_test-1\NetLib\libwchnet.a(socket.o)
                0x0000000000005e1e                SocketTcpSend
 .text.WCHNET_SocketSend
                0x0000000000005f1e       0x56 C:\MRS_DATA\workspace\RT-Thread_test-1\NetLib\libwchnet.a(socket.o)
                0x0000000000005f1e                WCHNET_SocketSend
 .text.WCHScokedIntHandle
                0x0000000000005f74       0x52 C:\MRS_DATA\workspace\RT-Thread_test-1\NetLib\libwchnet.a(socket.o)
                0x0000000000005f74                WCHScokedIntHandle
 .text.LwipRemoveTcpPcb
                0x0000000000005fc6       0xa6 C:\MRS_DATA\workspace\RT-Thread_test-1\NetLib\libwchnet.a(socket.o)
                0x0000000000005fc6                LwipRemoveTcpPcb
 .text.WCHNET_QueryGlobalInt
                0x000000000000606c       0x3e C:\MRS_DATA\workspace\RT-Thread_test-1\NetLib\libwchnet.a(socket.o)
                0x000000000000606c                WCHNET_QueryGlobalInt
 .text.WCHNET_GetGlobalInt
                0x00000000000060aa       0x14 C:\MRS_DATA\workspace\RT-Thread_test-1\NetLib\libwchnet.a(socket.o)
                0x00000000000060aa                WCHNET_GetGlobalInt
 .text.WCHNET_GetSocketInt
                0x00000000000060be       0x2a C:\MRS_DATA\workspace\RT-Thread_test-1\NetLib\libwchnet.a(socket.o)
                0x00000000000060be                WCHNET_GetSocketInt
 .text.WCHNET_GetPHYStatus
                0x00000000000060e8        0xa C:\MRS_DATA\workspace\RT-Thread_test-1\NetLib\libwchnet.a(socket.o)
                0x00000000000060e8                WCHNET_GetPHYStatus
 .text.WCHNET_SocketSetKeepLive
                0x00000000000060f2       0x54 C:\MRS_DATA\workspace\RT-Thread_test-1\NetLib\libwchnet.a(socket.o)
                0x00000000000060f2                WCHNET_SocketSetKeepLive
 .text.WCHNET_SocketConnect
                0x0000000000006146       0x6c C:\MRS_DATA\workspace\RT-Thread_test-1\NetLib\libwchnet.a(socket.o)
                0x0000000000006146                WCHNET_SocketConnect
 .text.QueryPingEnable
                0x00000000000061b2        0xe C:\MRS_DATA\workspace\RT-Thread_test-1\NetLib\libwchnet.a(socket.o)
                0x00000000000061b2                QueryPingEnable
 .text.LwipUnreachPort
                0x00000000000061c0       0x1a C:\MRS_DATA\workspace\RT-Thread_test-1\NetLib\libwchnet.a(socket.o)
                0x00000000000061c0                LwipUnreachPort
 .text.LwipArpCheck
                0x00000000000061da        0xc C:\MRS_DATA\workspace\RT-Thread_test-1\NetLib\libwchnet.a(socket.o)
                0x00000000000061da                LwipArpCheck
 .text.find_entry
                0x00000000000061e6      0x17e C:\MRS_DATA\workspace\RT-Thread_test-1\NetLib\libwchnet.a(etharp.o)
 .text.update_arp_entry
                0x0000000000006364       0xae C:\MRS_DATA\workspace\RT-Thread_test-1\NetLib\libwchnet.a(etharp.o)
 .text.etharp_tmr
                0x0000000000006412       0x4e C:\MRS_DATA\workspace\RT-Thread_test-1\NetLib\libwchnet.a(etharp.o)
                0x0000000000006412                etharp_tmr
 .text.etharp_ip_input
                0x0000000000006460       0x38 C:\MRS_DATA\workspace\RT-Thread_test-1\NetLib\libwchnet.a(etharp.o)
                0x0000000000006460                etharp_ip_input
 .text.etharp_arp_input
                0x0000000000006498      0x160 C:\MRS_DATA\workspace\RT-Thread_test-1\NetLib\libwchnet.a(etharp.o)
                0x0000000000006498                etharp_arp_input
 .text.etharp_request
                0x00000000000065f8       0xce C:\MRS_DATA\workspace\RT-Thread_test-1\NetLib\libwchnet.a(etharp.o)
                0x00000000000065f8                etharp_request
 .text.etharp_query
                0x00000000000066c6       0xe2 C:\MRS_DATA\workspace\RT-Thread_test-1\NetLib\libwchnet.a(etharp.o)
                0x00000000000066c6                etharp_query
 .text.etharp_output
                0x00000000000067a8      0x134 C:\MRS_DATA\workspace\RT-Thread_test-1\NetLib\libwchnet.a(etharp.o)
                0x00000000000067a8                etharp_output
 .text.ethernet_input
                0x00000000000068dc       0x58 C:\MRS_DATA\workspace\RT-Thread_test-1\NetLib\libwchnet.a(etharp.o)
                0x00000000000068dc                ethernet_input
 .text.ethernetif_init
                0x0000000000006934       0x64 C:\MRS_DATA\workspace\RT-Thread_test-1\NetLib\libwchnet.a(ethernetif.o)
                0x0000000000006934                ethernetif_init
 .text.low_level_output
                0x0000000000006998       0x52 C:\MRS_DATA\workspace\RT-Thread_test-1\NetLib\libwchnet.a(ethernetif.o)
 .text.ethernetif_input
                0x00000000000069ea       0x8e C:\MRS_DATA\workspace\RT-Thread_test-1\NetLib\libwchnet.a(ethernetif.o)
                0x00000000000069ea                ethernetif_input
 .text.wch_ethernetif_init
                0x0000000000006a78       0x76 C:\MRS_DATA\workspace\RT-Thread_test-1\NetLib\libwchnet.a(ethernetif.o)
                0x0000000000006a78                wch_ethernetif_init
 .text.htons    0x0000000000006aee        0xe C:\MRS_DATA\workspace\RT-Thread_test-1\NetLib\libwchnet.a(inet.o)
                0x0000000000006aee                htons
 .text.ntohs    0x0000000000006afc        0xe C:\MRS_DATA\workspace\RT-Thread_test-1\NetLib\libwchnet.a(inet.o)
                0x0000000000006afc                ntohs
 .text.htonl    0x0000000000006b0a       0x24 C:\MRS_DATA\workspace\RT-Thread_test-1\NetLib\libwchnet.a(inet.o)
                0x0000000000006b0a                htonl
 .text.ntohl    0x0000000000006b2e        0xc C:\MRS_DATA\workspace\RT-Thread_test-1\NetLib\libwchnet.a(inet.o)
                0x0000000000006b2e                ntohl
 .text.ip_route
                0x0000000000006b3a       0x4c C:\MRS_DATA\workspace\RT-Thread_test-1\NetLib\libwchnet.a(ip.o)
                0x0000000000006b3a                ip_route
 .text.ip_input
                0x0000000000006b86      0x29a C:\MRS_DATA\workspace\RT-Thread_test-1\NetLib\libwchnet.a(ip.o)
                0x0000000000006b86                ip_input
 .text.ip_output_if
                0x0000000000006e20      0x15a C:\MRS_DATA\workspace\RT-Thread_test-1\NetLib\libwchnet.a(ip.o)
                0x0000000000006e20                ip_output_if
 .text.ip_output
                0x0000000000006f7a       0x36 C:\MRS_DATA\workspace\RT-Thread_test-1\NetLib\libwchnet.a(ip.o)
                0x0000000000006f7a                ip_output
 .text.ip_addr_isbroadcast
                0x0000000000006fb0       0x4a C:\MRS_DATA\workspace\RT-Thread_test-1\NetLib\libwchnet.a(ip_addr.o)
                0x0000000000006fb0                ip_addr_isbroadcast
 .text.ip_reass_tmr
                0x0000000000006ffa       0xe6 C:\MRS_DATA\workspace\RT-Thread_test-1\NetLib\libwchnet.a(ip_frag.o)
                0x0000000000006ffa                ip_reass_tmr
 .text.ip_reass
                0x00000000000070e0      0x3dc C:\MRS_DATA\workspace\RT-Thread_test-1\NetLib\libwchnet.a(ip_frag.o)
                0x00000000000070e0                ip_reass
 .text.ip_frag  0x00000000000074bc      0x17e C:\MRS_DATA\workspace\RT-Thread_test-1\NetLib\libwchnet.a(ip_frag.o)
                0x00000000000074bc                ip_frag
 .text.dhcp_set_state
                0x000000000000763a        0xe C:\MRS_DATA\workspace\RT-Thread_test-1\NetLib\libwchnet.a(dhcp.o)
 .text.dhcp_option
                0x0000000000007648       0x20 C:\MRS_DATA\workspace\RT-Thread_test-1\NetLib\libwchnet.a(dhcp.o)
 .text.dhcp_option_byte
                0x0000000000007668       0x12 C:\MRS_DATA\workspace\RT-Thread_test-1\NetLib\libwchnet.a(dhcp.o)
 .text.dhcp_option_long
                0x000000000000767a       0x48 C:\MRS_DATA\workspace\RT-Thread_test-1\NetLib\libwchnet.a(dhcp.o)
 .text.dhcp_option_trailer
                0x00000000000076c2       0x34 C:\MRS_DATA\workspace\RT-Thread_test-1\NetLib\libwchnet.a(dhcp.o)
 .text.dhcp_create_request
                0x00000000000076f6      0x17e C:\MRS_DATA\workspace\RT-Thread_test-1\NetLib\libwchnet.a(dhcp.o)
 .text.dhcp_delete_request
                0x0000000000007874       0x1e C:\MRS_DATA\workspace\RT-Thread_test-1\NetLib\libwchnet.a(dhcp.o)
 .text.dhcp_arp_reply
                0x0000000000007892      0x182 C:\MRS_DATA\workspace\RT-Thread_test-1\NetLib\libwchnet.a(dhcp.o)
                0x0000000000007892                dhcp_arp_reply
 .text.lwip_init
                0x0000000000007a14       0x18 C:\MRS_DATA\workspace\RT-Thread_test-1\NetLib\libwchnet.a(init.o)
                0x0000000000007a14                lwip_init
 .text.mem_init
                0x0000000000007a2c       0x3e C:\MRS_DATA\workspace\RT-Thread_test-1\NetLib\libwchnet.a(mem.o)
                0x0000000000007a2c                mem_init
 .text.mem_free
                0x0000000000007a6a       0x84 C:\MRS_DATA\workspace\RT-Thread_test-1\NetLib\libwchnet.a(mem.o)
                0x0000000000007a6a                mem_free
 .text.mem_realloc
                0x0000000000007aee       0xca C:\MRS_DATA\workspace\RT-Thread_test-1\NetLib\libwchnet.a(mem.o)
                0x0000000000007aee                mem_realloc
 .text.mem_malloc
                0x0000000000007bb8       0xd0 C:\MRS_DATA\workspace\RT-Thread_test-1\NetLib\libwchnet.a(mem.o)
                0x0000000000007bb8                mem_malloc
 .text.memp_init
                0x0000000000007c88       0x50 C:\MRS_DATA\workspace\RT-Thread_test-1\NetLib\libwchnet.a(memp.o)
                0x0000000000007c88                memp_init
 .text.memp_malloc
                0x0000000000007cd8       0x20 C:\MRS_DATA\workspace\RT-Thread_test-1\NetLib\libwchnet.a(memp.o)
                0x0000000000007cd8                memp_malloc
 .text.memp_free
                0x0000000000007cf8       0x18 C:\MRS_DATA\workspace\RT-Thread_test-1\NetLib\libwchnet.a(memp.o)
                0x0000000000007cf8                memp_free
 .text.netif_set_ipaddr
                0x0000000000007d10       0x96 C:\MRS_DATA\workspace\RT-Thread_test-1\NetLib\libwchnet.a(netif.o)
                0x0000000000007d10                netif_set_ipaddr
 .text.netif_set_addr
                0x0000000000007da6       0x4e C:\MRS_DATA\workspace\RT-Thread_test-1\NetLib\libwchnet.a(netif.o)
                0x0000000000007da6                netif_set_addr
 .text.netif_add
                0x0000000000007df4       0x5a C:\MRS_DATA\workspace\RT-Thread_test-1\NetLib\libwchnet.a(netif.o)
                0x0000000000007df4                netif_add
 .text.netif_set_default
                0x0000000000007e4e        0x6 C:\MRS_DATA\workspace\RT-Thread_test-1\NetLib\libwchnet.a(netif.o)
                0x0000000000007e4e                netif_set_default
 .text.netif_is_up
                0x0000000000007e54        0x8 C:\MRS_DATA\workspace\RT-Thread_test-1\NetLib\libwchnet.a(netif.o)
                0x0000000000007e54                netif_is_up
 .text.pbuf_header
                0x0000000000007e5c       0x6e C:\MRS_DATA\workspace\RT-Thread_test-1\NetLib\libwchnet.a(pbuf.o)
                0x0000000000007e5c                pbuf_header
 .text.pbuf_free
                0x0000000000007eca       0x4e C:\MRS_DATA\workspace\RT-Thread_test-1\NetLib\libwchnet.a(pbuf.o)
                0x0000000000007eca                pbuf_free
 .text.pbuf_alloc
                0x0000000000007f18      0x140 C:\MRS_DATA\workspace\RT-Thread_test-1\NetLib\libwchnet.a(pbuf.o)
                0x0000000000007f18                pbuf_alloc
 .text.pbuf_realloc
                0x0000000000008058       0x58 C:\MRS_DATA\workspace\RT-Thread_test-1\NetLib\libwchnet.a(pbuf.o)
                0x0000000000008058                pbuf_realloc
 .text.pbuf_clen
                0x00000000000080b0       0x12 C:\MRS_DATA\workspace\RT-Thread_test-1\NetLib\libwchnet.a(pbuf.o)
                0x00000000000080b0                pbuf_clen
 .text.pbuf_ref
                0x00000000000080c2        0xa C:\MRS_DATA\workspace\RT-Thread_test-1\NetLib\libwchnet.a(pbuf.o)
                0x00000000000080c2                pbuf_ref
 .text.pbuf_cat
                0x00000000000080cc       0x1c C:\MRS_DATA\workspace\RT-Thread_test-1\NetLib\libwchnet.a(pbuf.o)
                0x00000000000080cc                pbuf_cat
 .text.pbuf_chain
                0x00000000000080e8       0x14 C:\MRS_DATA\workspace\RT-Thread_test-1\NetLib\libwchnet.a(pbuf.o)
                0x00000000000080e8                pbuf_chain
 .text.pbuf_copy
                0x00000000000080fc       0x9c C:\MRS_DATA\workspace\RT-Thread_test-1\NetLib\libwchnet.a(pbuf.o)
                0x00000000000080fc                pbuf_copy
 .text.raw_input
                0x0000000000008198       0x68 C:\MRS_DATA\workspace\RT-Thread_test-1\NetLib\libwchnet.a(raw.o)
                0x0000000000008198                raw_input
 .text.raw_bind
                0x0000000000008200       0x1e C:\MRS_DATA\workspace\RT-Thread_test-1\NetLib\libwchnet.a(raw.o)
                0x0000000000008200                raw_bind
 .text.raw_connect
                0x000000000000821e       0x1e C:\MRS_DATA\workspace\RT-Thread_test-1\NetLib\libwchnet.a(raw.o)
                0x000000000000821e                raw_connect
 .text.raw_recv
                0x000000000000823c        0x6 C:\MRS_DATA\workspace\RT-Thread_test-1\NetLib\libwchnet.a(raw.o)
                0x000000000000823c                raw_recv
 .text.raw_sendto
                0x0000000000008242       0x7e C:\MRS_DATA\workspace\RT-Thread_test-1\NetLib\libwchnet.a(raw.o)
                0x0000000000008242                raw_sendto
 .text.raw_send
                0x00000000000082c0       0x10 C:\MRS_DATA\workspace\RT-Thread_test-1\NetLib\libwchnet.a(raw.o)
                0x00000000000082c0                raw_send
 .text.raw_new  0x00000000000082d0       0x30 C:\MRS_DATA\workspace\RT-Thread_test-1\NetLib\libwchnet.a(raw.o)
                0x00000000000082d0                raw_new
 .text.tcp_new_port
                0x0000000000008300       0x5c C:\MRS_DATA\workspace\RT-Thread_test-1\NetLib\libwchnet.a(tcp.o)
 .text.tcp_bind
                0x000000000000835c      0x116 C:\MRS_DATA\workspace\RT-Thread_test-1\NetLib\libwchnet.a(tcp.o)
                0x000000000000835c                tcp_bind
 .text.tcp_update_rcv_ann_wnd
                0x0000000000008472       0x48 C:\MRS_DATA\workspace\RT-Thread_test-1\NetLib\libwchnet.a(tcp.o)
                0x0000000000008472                tcp_update_rcv_ann_wnd
 .text.tcp_recved
                0x00000000000084ba       0x3c C:\MRS_DATA\workspace\RT-Thread_test-1\NetLib\libwchnet.a(tcp.o)
                0x00000000000084ba                tcp_recved
 .text.tcp_seg_free
                0x00000000000084f6       0x2a C:\MRS_DATA\workspace\RT-Thread_test-1\NetLib\libwchnet.a(tcp.o)
                0x00000000000084f6                tcp_seg_free
 .text.tcp_segs_free
                0x0000000000008520       0x1e C:\MRS_DATA\workspace\RT-Thread_test-1\NetLib\libwchnet.a(tcp.o)
                0x0000000000008520                tcp_segs_free
 .text.tcp_seg_copy
                0x000000000000853e       0x28 C:\MRS_DATA\workspace\RT-Thread_test-1\NetLib\libwchnet.a(tcp.o)
                0x000000000000853e                tcp_seg_copy
 .text.tcp_arg  0x0000000000008566        0x4 C:\MRS_DATA\workspace\RT-Thread_test-1\NetLib\libwchnet.a(tcp.o)
                0x0000000000008566                tcp_arg
 .text.tcp_recv
                0x000000000000856a        0x6 C:\MRS_DATA\workspace\RT-Thread_test-1\NetLib\libwchnet.a(tcp.o)
                0x000000000000856a                tcp_recv
 .text.tcp_sent
                0x0000000000008570        0x6 C:\MRS_DATA\workspace\RT-Thread_test-1\NetLib\libwchnet.a(tcp.o)
                0x0000000000008570                tcp_sent
 .text.tcp_err  0x0000000000008576        0x6 C:\MRS_DATA\workspace\RT-Thread_test-1\NetLib\libwchnet.a(tcp.o)
                0x0000000000008576                tcp_err
 .text.tcp_poll
                0x000000000000857c        0xa C:\MRS_DATA\workspace\RT-Thread_test-1\NetLib\libwchnet.a(tcp.o)
                0x000000000000857c                tcp_poll
 .text.tcp_pcb_purge
                0x0000000000008586       0x4e C:\MRS_DATA\workspace\RT-Thread_test-1\NetLib\libwchnet.a(tcp.o)
                0x0000000000008586                tcp_pcb_purge
 .text.tcp_slowtmr
                0x00000000000085d4      0x29e C:\MRS_DATA\workspace\RT-Thread_test-1\NetLib\libwchnet.a(tcp.o)
                0x00000000000085d4                tcp_slowtmr
 .text.tcp_pcb_remove
                0x0000000000008872       0x72 C:\MRS_DATA\workspace\RT-Thread_test-1\NetLib\libwchnet.a(tcp.o)
                0x0000000000008872                tcp_pcb_remove
 .text.tcp_close
                0x00000000000088e4       0xb2 C:\MRS_DATA\workspace\RT-Thread_test-1\NetLib\libwchnet.a(tcp.o)
                0x00000000000088e4                tcp_close
 .text.tcp_recv_null
                0x0000000000008996       0x30 C:\MRS_DATA\workspace\RT-Thread_test-1\NetLib\libwchnet.a(tcp.o)
                0x0000000000008996                tcp_recv_null
 .text.tcp_fasttmr
                0x00000000000089c6       0x62 C:\MRS_DATA\workspace\RT-Thread_test-1\NetLib\libwchnet.a(tcp.o)
                0x00000000000089c6                tcp_fasttmr
 .text.tcp_tmr  0x0000000000008a28       0x22 C:\MRS_DATA\workspace\RT-Thread_test-1\NetLib\libwchnet.a(tcp.o)
                0x0000000000008a28                tcp_tmr
 .text.tcp_abandon
                0x0000000000008a4a       0x9a C:\MRS_DATA\workspace\RT-Thread_test-1\NetLib\libwchnet.a(tcp.o)
                0x0000000000008a4a                tcp_abandon
 .text.tcp_next_iss
                0x0000000000008ae4       0x10 C:\MRS_DATA\workspace\RT-Thread_test-1\NetLib\libwchnet.a(tcp.o)
                0x0000000000008ae4                tcp_next_iss
 .text.tcp_alloc
                0x0000000000008af4      0x134 C:\MRS_DATA\workspace\RT-Thread_test-1\NetLib\libwchnet.a(tcp.o)
                0x0000000000008af4                tcp_alloc
 .text.tcp_new  0x0000000000008c28       0x10 C:\MRS_DATA\workspace\RT-Thread_test-1\NetLib\libwchnet.a(tcp.o)
                0x0000000000008c28                tcp_new
 .text.tcp_eff_send_mss
                0x0000000000008c38       0x2e C:\MRS_DATA\workspace\RT-Thread_test-1\NetLib\libwchnet.a(tcp.o)
                0x0000000000008c38                tcp_eff_send_mss
 .text.tcp_connect
                0x0000000000008c66       0xe8 C:\MRS_DATA\workspace\RT-Thread_test-1\NetLib\libwchnet.a(tcp.o)
                0x0000000000008c66                tcp_connect
 .text.RemoveTimeWaiTCP
                0x0000000000008d4e       0x32 C:\MRS_DATA\workspace\RT-Thread_test-1\NetLib\libwchnet.a(tcp.o)
                0x0000000000008d4e                RemoveTimeWaiTCP
 .text.tcp_oos_insert_segment
                0x0000000000008d80       0xce C:\MRS_DATA\workspace\RT-Thread_test-1\NetLib\libwchnet.a(tcp_in.o)
 .text.tcp_receive
                0x0000000000008e4e      0x8f0 C:\MRS_DATA\workspace\RT-Thread_test-1\NetLib\libwchnet.a(tcp_in.o)
 .text.tcp_parseopt.isra.0
                0x000000000000973e       0xa6 C:\MRS_DATA\workspace\RT-Thread_test-1\NetLib\libwchnet.a(tcp_in.o)
 .text.tcp_input
                0x00000000000097e4      0x9d4 C:\MRS_DATA\workspace\RT-Thread_test-1\NetLib\libwchnet.a(tcp_in.o)
                0x00000000000097e4                tcp_input
 .text.tcp_output_set_header.isra.0.constprop.1
                0x000000000000a1b8       0xd4 C:\MRS_DATA\workspace\RT-Thread_test-1\NetLib\libwchnet.a(tcp_out.o)
 .text.tcp_enqueue
                0x000000000000a28c      0x448 C:\MRS_DATA\workspace\RT-Thread_test-1\NetLib\libwchnet.a(tcp_out.o)
                0x000000000000a28c                tcp_enqueue
 .text.tcp_send_ctrl
                0x000000000000a6d4       0x16 C:\MRS_DATA\workspace\RT-Thread_test-1\NetLib\libwchnet.a(tcp_out.o)
                0x000000000000a6d4                tcp_send_ctrl
 .text.tcp_write
                0x000000000000a6ea       0x30 C:\MRS_DATA\workspace\RT-Thread_test-1\NetLib\libwchnet.a(tcp_out.o)
                0x000000000000a6ea                tcp_write
 .text.tcp_send_empty_ack
                0x000000000000a71a       0x6c C:\MRS_DATA\workspace\RT-Thread_test-1\NetLib\libwchnet.a(tcp_out.o)
                0x000000000000a71a                tcp_send_empty_ack
 .text.tcp_output
                0x000000000000a786      0x364 C:\MRS_DATA\workspace\RT-Thread_test-1\NetLib\libwchnet.a(tcp_out.o)
                0x000000000000a786                tcp_output
 .text.tcp_rst  0x000000000000aaea      0x108 C:\MRS_DATA\workspace\RT-Thread_test-1\NetLib\libwchnet.a(tcp_out.o)
                0x000000000000aaea                tcp_rst
 .text.tcp_rexmit_rto
                0x000000000000abf2       0x36 C:\MRS_DATA\workspace\RT-Thread_test-1\NetLib\libwchnet.a(tcp_out.o)
                0x000000000000abf2                tcp_rexmit_rto
 .text.tcp_rexmit
                0x000000000000ac28       0x7c C:\MRS_DATA\workspace\RT-Thread_test-1\NetLib\libwchnet.a(tcp_out.o)
                0x000000000000ac28                tcp_rexmit
 .text.tcp_rexmit_fast
                0x000000000000aca4       0x62 C:\MRS_DATA\workspace\RT-Thread_test-1\NetLib\libwchnet.a(tcp_out.o)
                0x000000000000aca4                tcp_rexmit_fast
 .text.tcp_keepalive
                0x000000000000ad06       0x5e C:\MRS_DATA\workspace\RT-Thread_test-1\NetLib\libwchnet.a(tcp_out.o)
                0x000000000000ad06                tcp_keepalive
 .text.tcp_zero_window_probe
                0x000000000000ad64       0xd2 C:\MRS_DATA\workspace\RT-Thread_test-1\NetLib\libwchnet.a(tcp_out.o)
                0x000000000000ad64                tcp_zero_window_probe
 .text.udp_input
                0x000000000000ae36      0x238 C:\MRS_DATA\workspace\RT-Thread_test-1\NetLib\libwchnet.a(udp.o)
                0x000000000000ae36                udp_input
 .text.udp_bind
                0x000000000000b06e       0x9a C:\MRS_DATA\workspace\RT-Thread_test-1\NetLib\libwchnet.a(udp.o)
                0x000000000000b06e                udp_bind
 .text.udp_sendto_if
                0x000000000000b108       0xd6 C:\MRS_DATA\workspace\RT-Thread_test-1\NetLib\libwchnet.a(udp.o)
                0x000000000000b108                udp_sendto_if
 .text.udp_sendto
                0x000000000000b1de       0x2e C:\MRS_DATA\workspace\RT-Thread_test-1\NetLib\libwchnet.a(udp.o)
                0x000000000000b1de                udp_sendto
 .text.udp_send
                0x000000000000b20c       0x12 C:\MRS_DATA\workspace\RT-Thread_test-1\NetLib\libwchnet.a(udp.o)
                0x000000000000b20c                udp_send
 .text.udp_connect
                0x000000000000b21e       0x7e C:\MRS_DATA\workspace\RT-Thread_test-1\NetLib\libwchnet.a(udp.o)
                0x000000000000b21e                udp_connect
 .text.udp_recv
                0x000000000000b29c        0x6 C:\MRS_DATA\workspace\RT-Thread_test-1\NetLib\libwchnet.a(udp.o)
                0x000000000000b29c                udp_recv
 .text.udp_new  0x000000000000b2a2       0x24 C:\MRS_DATA\workspace\RT-Thread_test-1\NetLib\libwchnet.a(udp.o)
                0x000000000000b2a2                udp_new
 .text.icmp_send_response.isra.0
                0x000000000000b2c6       0x76 C:\MRS_DATA\workspace\RT-Thread_test-1\NetLib\libwchnet.a(icmp.o)
 .text.icmp_input
                0x000000000000b33c      0x250 C:\MRS_DATA\workspace\RT-Thread_test-1\NetLib\libwchnet.a(icmp.o)
                0x000000000000b33c                icmp_input
 .text.icmp_dest_unreach
                0x000000000000b58c       0x14 C:\MRS_DATA\workspace\RT-Thread_test-1\NetLib\libwchnet.a(icmp.o)
                0x000000000000b58c                icmp_dest_unreach
 .text.icmp_time_exceeded
                0x000000000000b5a0       0x14 C:\MRS_DATA\workspace\RT-Thread_test-1\NetLib\libwchnet.a(icmp.o)
                0x000000000000b5a0                icmp_time_exceeded
 .text.lwip_standard_chksum
                0x000000000000b5b4       0x7e C:\MRS_DATA\workspace\RT-Thread_test-1\NetLib\libwchnet.a(inet_chksum.o)
 .text.inet_chksum_pseudo
                0x000000000000b632       0xf8 C:\MRS_DATA\workspace\RT-Thread_test-1\NetLib\libwchnet.a(inet_chksum.o)
                0x000000000000b632                inet_chksum_pseudo
 .text.inet_chksum
                0x000000000000b72a       0x14 C:\MRS_DATA\workspace\RT-Thread_test-1\NetLib\libwchnet.a(inet_chksum.o)
                0x000000000000b72a                inet_chksum
 .text.inet_chksum_pbuf
                0x000000000000b73e       0x6a C:\MRS_DATA\workspace\RT-Thread_test-1\NetLib\libwchnet.a(inet_chksum.o)
                0x000000000000b73e                inet_chksum_pbuf
 .text.__divsf3
                0x000000000000b7a8      0x2b2 d:/mounriver/mounriver_studio/toolchain/risc-v embedded gcc/bin/../lib/gcc/riscv-none-embed/8.2.0/rv32imacxw/ilp32\libgcc.a(divsf3.o)
                0x000000000000b7a8                __divsf3
 .text.__mulsf3
                0x000000000000ba5a      0x290 d:/mounriver/mounriver_studio/toolchain/risc-v embedded gcc/bin/../lib/gcc/riscv-none-embed/8.2.0/rv32imacxw/ilp32\libgcc.a(mulsf3.o)
                0x000000000000ba5a                __mulsf3
 .text.__subsf3
                0x000000000000bcea      0x388 d:/mounriver/mounriver_studio/toolchain/risc-v embedded gcc/bin/../lib/gcc/riscv-none-embed/8.2.0/rv32imacxw/ilp32\libgcc.a(subsf3.o)
                0x000000000000bcea                __subsf3
 .text.__fixsfsi
                0x000000000000c072       0x62 d:/mounriver/mounriver_studio/toolchain/risc-v embedded gcc/bin/../lib/gcc/riscv-none-embed/8.2.0/rv32imacxw/ilp32\libgcc.a(fixsfsi.o)
                0x000000000000c072                __fixsfsi
 .text.__floatunsisf
                0x000000000000c0d4       0xce d:/mounriver/mounriver_studio/toolchain/risc-v embedded gcc/bin/../lib/gcc/riscv-none-embed/8.2.0/rv32imacxw/ilp32\libgcc.a(floatunsisf.o)
                0x000000000000c0d4                __floatunsisf
 .text.__clzsi2
                0x000000000000c1a2       0x6e d:/mounriver/mounriver_studio/toolchain/risc-v embedded gcc/bin/../lib/gcc/riscv-none-embed/8.2.0/rv32imacxw/ilp32\libgcc.a(_clzsi2.o)
                0x000000000000c1a2                __clzsi2
 .text.memcmp   0x000000000000c210       0x24 d:/mounriver/mounriver_studio/toolchain/risc-v embedded gcc/bin/../lib/gcc/riscv-none-embed/8.2.0/../../../../riscv-none-embed/lib/rv32imacxw/ilp32\libg_nano.a(lib_a-memcmp.o)
                0x000000000000c210                memcmp
 .text.memcpy   0x000000000000c234       0xb2 d:/mounriver/mounriver_studio/toolchain/risc-v embedded gcc/bin/../lib/gcc/riscv-none-embed/8.2.0/../../../../riscv-none-embed/lib/rv32imacxw/ilp32\libg_nano.a(lib_a-memcpy.o)
                0x000000000000c234                memcpy
 .text.printf   0x000000000000c2e6       0x40 d:/mounriver/mounriver_studio/toolchain/risc-v embedded gcc/bin/../lib/gcc/riscv-none-embed/8.2.0/../../../../riscv-none-embed/lib/rv32imacxw/ilp32\libg_nano.a(lib_a-printf.o)
                0x000000000000c2e6                iprintf
                0x000000000000c2e6                printf
 .text._puts_r  0x000000000000c326       0xd4 d:/mounriver/mounriver_studio/toolchain/risc-v embedded gcc/bin/../lib/gcc/riscv-none-embed/8.2.0/../../../../riscv-none-embed/lib/rv32imacxw/ilp32\libg_nano.a(lib_a-puts.o)
                0x000000000000c326                _puts_r
 .text.puts     0x000000000000c3fa        0xc d:/mounriver/mounriver_studio/toolchain/risc-v embedded gcc/bin/../lib/gcc/riscv-none-embed/8.2.0/../../../../riscv-none-embed/lib/rv32imacxw/ilp32\libg_nano.a(lib_a-puts.o)
                0x000000000000c3fa                puts
 .text.strcat   0x000000000000c406       0x1e d:/mounriver/mounriver_studio/toolchain/risc-v embedded gcc/bin/../lib/gcc/riscv-none-embed/8.2.0/../../../../riscv-none-embed/lib/rv32imacxw/ilp32\libg_nano.a(lib_a-strcat.o)
                0x000000000000c406                strcat
 .text.strcpy   0x000000000000c424       0x10 d:/mounriver/mounriver_studio/toolchain/risc-v embedded gcc/bin/../lib/gcc/riscv-none-embed/8.2.0/../../../../riscv-none-embed/lib/rv32imacxw/ilp32\libg_nano.a(lib_a-strcpy.o)
                0x000000000000c424                strcpy
 .text.strlen   0x000000000000c434       0x12 d:/mounriver/mounriver_studio/toolchain/risc-v embedded gcc/bin/../lib/gcc/riscv-none-embed/8.2.0/../../../../riscv-none-embed/lib/rv32imacxw/ilp32\libg_nano.a(lib_a-strlen.o)
                0x000000000000c434                strlen
 .text.strncmp  0x000000000000c446       0x28 d:/mounriver/mounriver_studio/toolchain/risc-v embedded gcc/bin/../lib/gcc/riscv-none-embed/8.2.0/../../../../riscv-none-embed/lib/rv32imacxw/ilp32\libg_nano.a(lib_a-strncmp.o)
                0x000000000000c446                strncmp
 .text.__swbuf_r
                0x000000000000c46e       0xbc d:/mounriver/mounriver_studio/toolchain/risc-v embedded gcc/bin/../lib/gcc/riscv-none-embed/8.2.0/../../../../riscv-none-embed/lib/rv32imacxw/ilp32\libg_nano.a(lib_a-wbuf.o)
                0x000000000000c46e                __swbuf_r
 .text.__swsetup_r
                0x000000000000c52a       0xfc d:/mounriver/mounriver_studio/toolchain/risc-v embedded gcc/bin/../lib/gcc/riscv-none-embed/8.2.0/../../../../riscv-none-embed/lib/rv32imacxw/ilp32\libg_nano.a(lib_a-wsetup.o)
                0x000000000000c52a                __swsetup_r
 .text.__sflush_r
                0x000000000000c626      0x130 d:/mounriver/mounriver_studio/toolchain/risc-v embedded gcc/bin/../lib/gcc/riscv-none-embed/8.2.0/../../../../riscv-none-embed/lib/rv32imacxw/ilp32\libg_nano.a(lib_a-fflush.o)
                0x000000000000c626                __sflush_r
 .text._fflush_r
                0x000000000000c756       0x66 d:/mounriver/mounriver_studio/toolchain/risc-v embedded gcc/bin/../lib/gcc/riscv-none-embed/8.2.0/../../../../riscv-none-embed/lib/rv32imacxw/ilp32\libg_nano.a(lib_a-fflush.o)
                0x000000000000c756                _fflush_r
 .text.std      0x000000000000c7bc       0x66 d:/mounriver/mounriver_studio/toolchain/risc-v embedded gcc/bin/../lib/gcc/riscv-none-embed/8.2.0/../../../../riscv-none-embed/lib/rv32imacxw/ilp32\libg_nano.a(lib_a-findfp.o)
 .text._cleanup_r
                0x000000000000c822        0xa d:/mounriver/mounriver_studio/toolchain/risc-v embedded gcc/bin/../lib/gcc/riscv-none-embed/8.2.0/../../../../riscv-none-embed/lib/rv32imacxw/ilp32\libg_nano.a(lib_a-findfp.o)
                0x000000000000c822                _cleanup_r
 .text.__sfmoreglue
                0x000000000000c82c       0x46 d:/mounriver/mounriver_studio/toolchain/risc-v embedded gcc/bin/../lib/gcc/riscv-none-embed/8.2.0/../../../../riscv-none-embed/lib/rv32imacxw/ilp32\libg_nano.a(lib_a-findfp.o)
                0x000000000000c82c                __sfmoreglue
 .text.__sinit  0x000000000000c872       0x6c d:/mounriver/mounriver_studio/toolchain/risc-v embedded gcc/bin/../lib/gcc/riscv-none-embed/8.2.0/../../../../riscv-none-embed/lib/rv32imacxw/ilp32\libg_nano.a(lib_a-findfp.o)
                0x000000000000c872                __sinit
 .text.__sfp    0x000000000000c8de       0xa0 d:/mounriver/mounriver_studio/toolchain/risc-v embedded gcc/bin/../lib/gcc/riscv-none-embed/8.2.0/../../../../riscv-none-embed/lib/rv32imacxw/ilp32\libg_nano.a(lib_a-findfp.o)
                0x000000000000c8de                __sfp
 .text._fwalk_reent
                0x000000000000c97e       0x6a d:/mounriver/mounriver_studio/toolchain/risc-v embedded gcc/bin/../lib/gcc/riscv-none-embed/8.2.0/../../../../riscv-none-embed/lib/rv32imacxw/ilp32\libg_nano.a(lib_a-fwalk.o)
                0x000000000000c97e                _fwalk_reent
 .text.__swhatbuf_r
                0x000000000000c9e8       0x58 d:/mounriver/mounriver_studio/toolchain/risc-v embedded gcc/bin/../lib/gcc/riscv-none-embed/8.2.0/../../../../riscv-none-embed/lib/rv32imacxw/ilp32\libg_nano.a(lib_a-makebuf.o)
                0x000000000000c9e8                __swhatbuf_r
 .text.__smakebuf_r
                0x000000000000ca40       0x92 d:/mounriver/mounriver_studio/toolchain/risc-v embedded gcc/bin/../lib/gcc/riscv-none-embed/8.2.0/../../../../riscv-none-embed/lib/rv32imacxw/ilp32\libg_nano.a(lib_a-makebuf.o)
                0x000000000000ca40                __smakebuf_r
 .text._free_r  0x000000000000cad2       0xa8 d:/mounriver/mounriver_studio/toolchain/risc-v embedded gcc/bin/../lib/gcc/riscv-none-embed/8.2.0/../../../../riscv-none-embed/lib/rv32imacxw/ilp32\libg_nano.a(lib_a-nano-freer.o)
                0x000000000000cad2                _free_r
 .text._malloc_r
                0x000000000000cb7a       0xd4 d:/mounriver/mounriver_studio/toolchain/risc-v embedded gcc/bin/../lib/gcc/riscv-none-embed/8.2.0/../../../../riscv-none-embed/lib/rv32imacxw/ilp32\libg_nano.a(lib_a-nano-mallocr.o)
                0x000000000000cb7a                _malloc_r
 .text.__sfputc_r
                0x000000000000cc4e       0x28 d:/mounriver/mounriver_studio/toolchain/risc-v embedded gcc/bin/../lib/gcc/riscv-none-embed/8.2.0/../../../../riscv-none-embed/lib/rv32imacxw/ilp32\libg_nano.a(lib_a-nano-vfprintf.o)
 .text.__sfputs_r
                0x000000000000cc76       0x42 d:/mounriver/mounriver_studio/toolchain/risc-v embedded gcc/bin/../lib/gcc/riscv-none-embed/8.2.0/../../../../riscv-none-embed/lib/rv32imacxw/ilp32\libg_nano.a(lib_a-nano-vfprintf.o)
                0x000000000000cc76                __sfputs_r
 .text._vfprintf_r
                0x000000000000ccb8      0x288 d:/mounriver/mounriver_studio/toolchain/risc-v embedded gcc/bin/../lib/gcc/riscv-none-embed/8.2.0/../../../../riscv-none-embed/lib/rv32imacxw/ilp32\libg_nano.a(lib_a-nano-vfprintf.o)
                0x000000000000ccb8                _vfprintf_r
                0x000000000000ccb8                _vfiprintf_r
 .text._printf_common
                0x000000000000cf40      0x10c d:/mounriver/mounriver_studio/toolchain/risc-v embedded gcc/bin/../lib/gcc/riscv-none-embed/8.2.0/../../../../riscv-none-embed/lib/rv32imacxw/ilp32\libg_nano.a(lib_a-nano-vfprintf_i.o)
                0x000000000000cf40                _printf_common
 .text._printf_i
                0x000000000000d04c      0x2a2 d:/mounriver/mounriver_studio/toolchain/risc-v embedded gcc/bin/../lib/gcc/riscv-none-embed/8.2.0/../../../../riscv-none-embed/lib/rv32imacxw/ilp32\libg_nano.a(lib_a-nano-vfprintf_i.o)
                0x000000000000d04c                _printf_i
 .text._sbrk_r  0x000000000000d2ee       0x32 d:/mounriver/mounriver_studio/toolchain/risc-v embedded gcc/bin/../lib/gcc/riscv-none-embed/8.2.0/../../../../riscv-none-embed/lib/rv32imacxw/ilp32\libg_nano.a(lib_a-sbrkr.o)
                0x000000000000d2ee                _sbrk_r
 .text.__sread  0x000000000000d320       0x2c d:/mounriver/mounriver_studio/toolchain/risc-v embedded gcc/bin/../lib/gcc/riscv-none-embed/8.2.0/../../../../riscv-none-embed/lib/rv32imacxw/ilp32\libg_nano.a(lib_a-stdio.o)
                0x000000000000d320                __sread
 .text.__swrite
                0x000000000000d34c       0x48 d:/mounriver/mounriver_studio/toolchain/risc-v embedded gcc/bin/../lib/gcc/riscv-none-embed/8.2.0/../../../../riscv-none-embed/lib/rv32imacxw/ilp32\libg_nano.a(lib_a-stdio.o)
                0x000000000000d34c                __swrite
 .text.__sseek  0x000000000000d394       0x30 d:/mounriver/mounriver_studio/toolchain/risc-v embedded gcc/bin/../lib/gcc/riscv-none-embed/8.2.0/../../../../riscv-none-embed/lib/rv32imacxw/ilp32\libg_nano.a(lib_a-stdio.o)
                0x000000000000d394                __sseek
 .text.__sclose
                0x000000000000d3c4        0x6 d:/mounriver/mounriver_studio/toolchain/risc-v embedded gcc/bin/../lib/gcc/riscv-none-embed/8.2.0/../../../../riscv-none-embed/lib/rv32imacxw/ilp32\libg_nano.a(lib_a-stdio.o)
                0x000000000000d3c4                __sclose
 .text._write_r
                0x000000000000d3ca       0x36 d:/mounriver/mounriver_studio/toolchain/risc-v embedded gcc/bin/../lib/gcc/riscv-none-embed/8.2.0/../../../../riscv-none-embed/lib/rv32imacxw/ilp32\libg_nano.a(lib_a-writer.o)
                0x000000000000d3ca                _write_r
 .text._close_r
                0x000000000000d400       0x30 d:/mounriver/mounriver_studio/toolchain/risc-v embedded gcc/bin/../lib/gcc/riscv-none-embed/8.2.0/../../../../riscv-none-embed/lib/rv32imacxw/ilp32\libg_nano.a(lib_a-closer.o)
                0x000000000000d400                _close_r
 .text._fstat_r