Archive member included to satisfy reference by file (symbol)

C:\MRS_DATA\workspace\RT-Thread_test-1\NetLib\libwchnet.a(eth_api.o)
                              ./NetLib/eth_driver.o (WCHNET_PeriodicHandle)
C:\MRS_DATA\workspace\RT-Thread_test-1\NetLib\libwchnet.a(ipcheck.o)
                              C:\MRS_DATA\workspace\RT-Thread_test-1\NetLib\libwchnet.a(eth_api.o) (IPCheckParaInit)
C:\MRS_DATA\workspace\RT-Thread_test-1\NetLib\libwchnet.a(net_dhcp.o)
                              C:\MRS_DATA\workspace\RT-Thread_test-1\NetLib\libwchnet.a(eth_api.o) (DHCPCtrl)
C:\MRS_DATA\workspace\RT-Thread_test-1\NetLib\libwchnet.a(net_dns.o)
                              C:\MRS_DATA\workspace\RT-Thread_test-1\NetLib\libwchnet.a(eth_api.o) (DNSInf)
C:\MRS_DATA\workspace\RT-Thread_test-1\NetLib\libwchnet.a(socket.o)
                              C:\MRS_DATA\workspace\RT-Thread_test-1\NetLib\libwchnet.a(net_dhcp.o) (ErrorEncode)
C:\MRS_DATA\workspace\RT-Thread_test-1\NetLib\libwchnet.a(etharp.o)
                              C:\MRS_DATA\workspace\RT-Thread_test-1\NetLib\libwchnet.a(eth_api.o) (etharp_tmr)
C:\MRS_DATA\workspace\RT-Thread_test-1\NetLib\libwchnet.a(ethernetif.o)
                              C:\MRS_DATA\workspace\RT-Thread_test-1\NetLib\libwchnet.a(eth_api.o) (ethernetif_input)
C:\MRS_DATA\workspace\RT-Thread_test-1\NetLib\libwchnet.a(inet.o)
                              C:\MRS_DATA\workspace\RT-Thread_test-1\NetLib\libwchnet.a(socket.o) (inet_ntoa)
C:\MRS_DATA\workspace\RT-Thread_test-1\NetLib\libwchnet.a(ip.o)
                              C:\MRS_DATA\workspace\RT-Thread_test-1\NetLib\libwchnet.a(etharp.o) (ip_input)
C:\MRS_DATA\workspace\RT-Thread_test-1\NetLib\libwchnet.a(ip_addr.o)
                              C:\MRS_DATA\workspace\RT-Thread_test-1\NetLib\libwchnet.a(socket.o) (ip_addr_isbroadcast)
C:\MRS_DATA\workspace\RT-Thread_test-1\NetLib\libwchnet.a(ip_frag.o)
                              C:\MRS_DATA\workspace\RT-Thread_test-1\NetLib\libwchnet.a(eth_api.o) (ip_reass_tmr)
C:\MRS_DATA\workspace\RT-Thread_test-1\NetLib\libwchnet.a(dhcp.o)
                              C:\MRS_DATA\workspace\RT-Thread_test-1\NetLib\libwchnet.a(net_dhcp.o) (dhcp_arp_reply)
C:\MRS_DATA\workspace\RT-Thread_test-1\NetLib\libwchnet.a(dns.o)
                              C:\MRS_DATA\workspace\RT-Thread_test-1\NetLib\libwchnet.a(dhcp.o) (dns_setserver)
C:\MRS_DATA\workspace\RT-Thread_test-1\NetLib\libwchnet.a(init.o)
                              C:\MRS_DATA\workspace\RT-Thread_test-1\NetLib\libwchnet.a(ethernetif.o) (lwip_init)
C:\MRS_DATA\workspace\RT-Thread_test-1\NetLib\libwchnet.a(mem.o)
                              C:\MRS_DATA\workspace\RT-Thread_test-1\NetLib\libwchnet.a(init.o) (mem_init)
C:\MRS_DATA\workspace\RT-Thread_test-1\NetLib\libwchnet.a(memp.o)
                              C:\MRS_DATA\workspace\RT-Thread_test-1\NetLib\libwchnet.a(init.o) (memp_init)
C:\MRS_DATA\workspace\RT-Thread_test-1\NetLib\libwchnet.a(netif.o)
                              C:\MRS_DATA\workspace\RT-Thread_test-1\NetLib\libwchnet.a(dhcp.o) (netif_set_ipaddr)
C:\MRS_DATA\workspace\RT-Thread_test-1\NetLib\libwchnet.a(pbuf.o)
                              C:\MRS_DATA\workspace\RT-Thread_test-1\NetLib\libwchnet.a(socket.o) (pbuf_header)
C:\MRS_DATA\workspace\RT-Thread_test-1\NetLib\libwchnet.a(raw.o)
                              C:\MRS_DATA\workspace\RT-Thread_test-1\NetLib\libwchnet.a(ip.o) (raw_input)
C:\MRS_DATA\workspace\RT-Thread_test-1\NetLib\libwchnet.a(tcp.o)
                              C:\MRS_DATA\workspace\RT-Thread_test-1\NetLib\libwchnet.a(socket.o) (tcp_bind)
C:\MRS_DATA\workspace\RT-Thread_test-1\NetLib\libwchnet.a(tcp_in.o)
                              C:\MRS_DATA\workspace\RT-Thread_test-1\NetLib\libwchnet.a(ip.o) (tcp_input)
C:\MRS_DATA\workspace\RT-Thread_test-1\NetLib\libwchnet.a(tcp_out.o)
                              C:\MRS_DATA\workspace\RT-Thread_test-1\NetLib\libwchnet.a(tcp.o) (tcp_enqueue)
C:\MRS_DATA\workspace\RT-Thread_test-1\NetLib\libwchnet.a(udp.o)
                              C:\MRS_DATA\workspace\RT-Thread_test-1\NetLib\libwchnet.a(ip.o) (udp_input)
C:\MRS_DATA\workspace\RT-Thread_test-1\NetLib\libwchnet.a(icmp.o)
                              C:\MRS_DATA\workspace\RT-Thread_test-1\NetLib\libwchnet.a(ip.o) (icmp_input)
C:\MRS_DATA\workspace\RT-Thread_test-1\NetLib\libwchnet.a(inet_chksum.o)
                              C:\MRS_DATA\workspace\RT-Thread_test-1\NetLib\libwchnet.a(tcp_in.o) (inet_chksum_pseudo)
d:/mounriver/mounriver_studio/toolchain/risc-v embedded gcc/bin/../lib/gcc/riscv-none-embed/8.2.0/rv32imacxw/ilp32\libgcc.a(muldf3.o)
                              ./User/headers/YM3812/OPL2.o (__muldf3)
d:/mounriver/mounriver_studio/toolchain/risc-v embedded gcc/bin/../lib/gcc/riscv-none-embed/8.2.0/rv32imacxw/ilp32\libgcc.a(subdf3.o)
                              ./User/headers/YM3812/OPL2.o (__subdf3)
[...]
Memory Configuration

Name             Origin             Length             Attributes
FLASH            0x0000000000000000 0x0000000000040000 xr
RAM              0x0000000020000000 0x0000000000010000 xrw
*default*        0x0000000000000000 0xffffffffffffffff

Linker script and memory map

LOAD ./rtthread/src/clock.o
LOAD ./rtthread/src/components.o
LOAD ./rtthread/src/cpu.o
LOAD ./rtthread/src/device.o
LOAD ./rtthread/src/idle.o
LOAD ./rtthread/src/ipc.o
LOAD ./rtthread/src/irq.o
LOAD ./rtthread/src/kservice.o
LOAD ./rtthread/src/mem.o
LOAD ./rtthread/src/memheap.o
LOAD ./rtthread/src/mempool.o
LOAD ./rtthread/src/object.o
LOAD ./rtthread/src/scheduler.o
LOAD ./rtthread/src/slab.o
LOAD ./rtthread/src/thread.o
LOAD ./rtthread/src/timer.o
LOAD ./rtthread/libcpu/risc-v/common/context_gcc.o
LOAD ./rtthread/libcpu/risc-v/common/cpuport.o
LOAD ./rtthread/libcpu/risc-v/common/interrupt_gcc.o
LOAD ./rtthread/components/finsh/cmd.o
LOAD ./rtthread/components/finsh/msh.o
LOAD ./rtthread/components/finsh/msh_cmd.o
LOAD ./rtthread/components/finsh/msh_file.o
LOAD ./rtthread/components/finsh/shell.o
LOAD ./rtthread/components/finsh/symbol.o
LOAD ./rtthread/components/drivers/serial/serial.o
LOAD ./rtthread/components/drivers/misc/pin.o
LOAD ./rtthread/board.o
LOAD ./drivers/drv_gpio.o
LOAD ./drivers/drv_usart.o
LOAD ./User/headers/YM3812/OPL2.o
LOAD ./User/headers/ILI9341/ILI9341.o
LOAD ./User/headers/ILI9341/fonts.o
LOAD ./User/headers/MIDI.o
LOAD ./User/headers/adc_helpers.o
LOAD ./User/headers/analog_sensors.o
LOAD ./User/headers/inputs.o
LOAD ./User/headers/menu.o
LOAD ./User/ch32v30x_it.o
LOAD ./User/main.o
LOAD ./User/system_ch32v30x.o
LOAD ./Startup/startup_ch32v30x.o
LOAD ./Peripheral/src/ch32v30x_adc.o
LOAD ./Peripheral/src/ch32v30x_bkp.o
LOAD ./Peripheral/src/ch32v30x_can.o
LOAD ./Peripheral/src/ch32v30x_crc.o
LOAD ./Peripheral/src/ch32v30x_dac.o
LOAD ./Peripheral/src/ch32v30x_dbgmcu.o
LOAD ./Peripheral/src/ch32v30x_dma.o
LOAD ./Peripheral/src/ch32v30x_dvp.o
LOAD ./Peripheral/src/ch32v30x_eth.o
LOAD ./Peripheral/src/ch32v30x_exti.o
LOAD ./Peripheral/src/ch32v30x_flash.o
LOAD ./Peripheral/src/ch32v30x_fsmc.o
LOAD ./Peripheral/src/ch32v30x_gpio.o
LOAD ./Peripheral/src/ch32v30x_i2c.o
LOAD ./Peripheral/src/ch32v30x_iwdg.o
LOAD ./Peripheral/src/ch32v30x_misc.o
LOAD ./Peripheral/src/ch32v30x_opa.o
LOAD ./Peripheral/src/ch32v30x_pwr.o
LOAD ./Peripheral/src/ch32v30x_rcc.o
LOAD ./Peripheral/src/ch32v30x_rng.o
LOAD ./Peripheral/src/ch32v30x_rtc.o
LOAD ./Peripheral/src/ch32v30x_sdio.o
LOAD ./Peripheral/src/ch32v30x_spi.o
LOAD ./Peripheral/src/ch32v30x_tim.o
LOAD ./Peripheral/src/ch32v30x_usart.o
LOAD ./Peripheral/src/ch32v30x_wwdg.o
LOAD ./NetLib/eth_driver.o
LOAD ./NetLib/ethernet_helpers.o
LOAD ./Debug/debug.o
LOAD ./Core/core_riscv.o
LOAD C:\MRS_DATA\workspace\RT-Thread_test-1\NetLib\libwchnet.a
LOAD d:/mounriver/mounriver_studio/toolchain/risc-v embedded gcc/bin/../lib/gcc/riscv-none-embed/8.2.0/rv32imacxw/ilp32\libgcc.a
LOAD d:/mounriver/mounriver_studio/toolchain/risc-v embedded gcc/bin/../lib/gcc/riscv-none-embed/8.2.0/../../../../riscv-none-embed/lib/rv32imacxw/ilp32\libg_nano.a
LOAD d:/mounriver/mounriver_studio/toolchain/risc-v embedded gcc/bin/../lib/gcc/riscv-none-embed/8.2.0/../../../../riscv-none-embed/lib/rv32imacxw/ilp32\libc_nano.a
LOAD d:/mounriver/mounriver_studio/toolchain/risc-v embedded gcc/bin/../lib/gcc/riscv-none-embed/8.2.0/rv32imacxw/ilp32\libgcc.a
START GROUP
LOAD d:/mounriver/mounriver_studio/toolchain/risc-v embedded gcc/bin/../lib/gcc/riscv-none-embed/8.2.0/rv32imacxw/ilp32\libgcc.a
LOAD d:/mounriver/mounriver_studio/toolchain/risc-v embedded gcc/bin/../lib/gcc/riscv-none-embed/8.2.0/../../../../riscv-none-embed/lib/rv32imacxw/ilp32\libc_nano.a
LOAD d:/mounriver/mounriver_studio/toolchain/risc-v embedded gcc/bin/../lib/gcc/riscv-none-embed/8.2.0/../../../../riscv-none-embed/lib/rv32imacxw/ilp32\libnosys.a
END GROUP
START GROUP
LOAD d:/mounriver/mounriver_studio/toolchain/risc-v embedded gcc/bin/../lib/gcc/riscv-none-embed/8.2.0/rv32imacxw/ilp32\libgcc.a
LOAD d:/mounriver/mounriver_studio/toolchain/risc-v embedded gcc/bin/../lib/gcc/riscv-none-embed/8.2.0/../../../../riscv-none-embed/lib/rv32imacxw/ilp32\libc_nano.a
LOAD d:/mounriver/mounriver_studio/toolchain/risc-v embedded gcc/bin/../lib/gcc/riscv-none-embed/8.2.0/../../../../riscv-none-embed/lib/rv32imacxw/ilp32\libnosys.a
END GROUP
                0x0000000000000800                __stack_size = 0x800
                [!provide]                        PROVIDE (_stack_size = __stack_size)

.init           0x0000000000000000       0x38
                0x0000000000000000                _sinit = .
                0x0000000000000000                . = ALIGN (0x4)
 *(SORT_NONE(.init))
 .init          0x0000000000000000       0x38 ./Startup/startup_ch32v30x.o
                0x0000000000000000                _start
                0x0000000000000038                . = ALIGN (0x4)
                0x0000000000000038                _einit = .

.vector         0x0000000000000038      0x1c8
 *(.vector)
 .vector        0x0000000000000038      0x1a0 ./Startup/startup_ch32v30x.o
                0x0000000000000200                . = ALIGN (0x40)
 *fill*         0x00000000000001d8       0x28 

.text           0x0000000000000200     0xcf1c
                0x0000000000000200                . = ALIGN (0x4)
 *(.text)
 .text          0x0000000000000200       0xce ./rtthread/libcpu/risc-v/common/context_gcc.o
                0x0000000000000200                rt_hw_context_switch_to
                0x000000000000021c                rt_hw_context_switch
                0x0000000000000276                rt_hw_context_switch_exit
 *fill*         0x00000000000002ce        0x2 
 .text          0x00000000000002d0       0xe2 ./rtthread/libcpu/risc-v/common/interrupt_gcc.o
                0x00000000000002d0                SW_handler
 .text          0x00000000000003b2       0x60 d:/mounriver/mounriver_studio/toolchain/risc-v embedded gcc/bin/../lib/gcc/riscv-none-embed/8.2.0/rv32imacxw/ilp32\libgcc.a(save-restore.o)
                0x00000000000003b2                __riscv_save_12
                0x00000000000003ba                __riscv_save_9
                0x00000000000003ba                __riscv_save_11
                0x00000000000003ba                __riscv_save_10
                0x00000000000003ba                __riscv_save_8
                0x00000000000003c8                __riscv_save_4
                0x00000000000003c8                __riscv_save_6
                0x00000000000003c8                __riscv_save_5
                0x00000000000003c8                __riscv_save_7
                0x00000000000003e2                __riscv_save_3
                0x00000000000003e2                __riscv_save_2
                0x00000000000003e2                __riscv_save_1
                0x00000000000003e2                __riscv_save_0
                0x00000000000003ee                __riscv_restore_12
                0x00000000000003f2                __riscv_restore_11
                0x00000000000003f2                __riscv_restore_9
                0x00000000000003f2                __riscv_restore_10
                0x00000000000003f2                __riscv_restore_8
                0x00000000000003fc                __riscv_restore_5
                0x00000000000003fc                __riscv_restore_7
                0x00000000000003fc                __riscv_restore_6
                0x00000000000003fc                __riscv_restore_4
                0x0000000000000406                __riscv_restore_3
                0x0000000000000406                __riscv_restore_0
                0x0000000000000406                __riscv_restore_2
                0x0000000000000406                __riscv_restore_1
 .text          0x0000000000000412       0xa8 d:/mounriver/mounriver_studio/toolchain/risc-v embedded gcc/bin/../lib/gcc/riscv-none-embed/8.2.0/../../../../riscv-none-embed/lib/rv32imacxw/ilp32\libg_nano.a(lib_a-memset.o)
                0x0000000000000412                memset
 *(.text.*)
 .text.rt_tick_get
                0x00000000000004ba        0x6 ./rtthread/src/clock.o
                0x00000000000004ba                rt_tick_get
 .text.rt_tick_increase
                0x00000000000004c0       0x28 ./rtthread/src/clock.o
                0x00000000000004c0                rt_tick_increase
 .text.rt_tick_from_millisecond
                0x00000000000004e8       0x28 ./rtthread/src/clock.o
                0x00000000000004e8                rt_tick_from_millisecond
 .text.rti_start
                0x0000000000000510        0x4 ./rtthread/src/components.o
 .text.rti_end  0x0000000000000514        0x4 ./rtthread/src/components.o
 .text.rti_board_start
                0x0000000000000518        0x4 ./rtthread/src/components.o
 .text.rti_board_end
                0x000000000000051c        0x4 ./rtthread/src/components.o
 .text.rt_components_board_init
                0x0000000000000520       0x1e ./rtthread/src/components.o
                0x0000000000000520                rt_components_board_init
 .text.rt_components_init
                0x000000000000053e       0x1e ./rtthread/src/components.o
                0x000000000000053e                rt_components_init
 .text.main_thread_entry
                0x000000000000055c        0xc ./rtthread/src/components.o
                0x000000000000055c                main_thread_entry
 .text.rt_application_init
                0x0000000000000568       0x28 ./rtthread/src/components.o
                0x0000000000000568                rt_application_init
 .text.rtthread_startup
                0x0000000000000590       0x28 ./rtthread/src/components.o
                0x0000000000000590                rtthread_startup
 .text.entry    0x00000000000005b8        0xa ./rtthread/src/components.o
                0x00000000000005b8                entry
 .text.rt_device_find
                0x00000000000005c2       0x48 ./rtthread/src/device.o
                0x00000000000005c2                rt_device_find
 .text.rt_device_register
                0x000000000000060a       0x34 ./rtthread/src/device.o
                0x000000000000060a                rt_device_register
 .text.rt_device_open
                0x000000000000063e       0x7a ./rtthread/src/device.o
                0x000000000000063e                rt_device_open
 .text.rt_device_close
                0x00000000000006b8       0x38 ./rtthread/src/device.o
                0x00000000000006b8                rt_device_close
 .text.rt_device_read
                0x00000000000006f0       0x1c ./rtthread/src/device.o
                0x00000000000006f0                rt_device_read
 .text.rt_device_write
                0x000000000000070c       0x1c ./rtthread/src/device.o
                0x000000000000070c                rt_device_write
 .text.rt_device_set_rx_indicate
                0x0000000000000728        0x6 ./rtthread/src/device.o
                0x0000000000000728                rt_device_set_rx_indicate
 .text.rt_thread_idle_excute
                0x000000000000072e       0x74 ./rtthread/src/idle.o
                0x000000000000072e                rt_thread_idle_excute
 .text.rt_thread_idle_entry
                0x00000000000007a2       0x1c ./rtthread/src/idle.o
 .text.rt_thread_idle_init
                0x00000000000007be       0x36 ./rtthread/src/idle.o
                0x00000000000007be                rt_thread_idle_init
 .text.rt_ipc_list_suspend
                0x00000000000007f4       0x5a ./rtthread/src/ipc.o
 .text.rt_sem_init
                0x000000000000084e       0x28 ./rtthread/src/ipc.o
                0x000000000000084e                rt_sem_init
 .text.rt_sem_take
                0x0000000000000876       0x80 ./rtthread/src/ipc.o
                0x0000000000000876                rt_sem_take
 .text.rt_sem_release
                0x00000000000008f6       0x40 ./rtthread/src/ipc.o
                0x00000000000008f6                rt_sem_release
 .text.rt_interrupt_enter
                0x0000000000000936       0x2c ./rtthread/src/irq.o
                0x0000000000000936                rt_interrupt_enter
 .text.rt_interrupt_leave
                0x0000000000000962       0x2c ./rtthread/src/irq.o
                0x0000000000000962                rt_interrupt_leave
 .text.rt_interrupt_get_nest
                0x000000000000098e        0x6 ./rtthread/src/irq.o
                0x000000000000098e                rt_interrupt_get_nest
 .text.print_number
                0x0000000000000994      0x17e ./rtthread/src/kservice.o
 .text.rt_set_errno
                0x0000000000000b12       0x1c ./rtthread/src/kservice.o
                0x0000000000000b12                rt_set_errno
 .text.rt_memset
                0x0000000000000b2e       0x88 ./rtthread/src/kservice.o
                0x0000000000000b2e                rt_memset
 .text.rt_memmove
                0x0000000000000bb6       0x48 ./rtthread/src/kservice.o
                0x0000000000000bb6                rt_memmove
 .text.rt_strncpy
                0x0000000000000bfe       0x2c ./rtthread/src/kservice.o
                0x0000000000000bfe                rt_strncpy
 .text.rt_strncmp
                0x0000000000000c2a       0x2a ./rtthread/src/kservice.o
                0x0000000000000c2a                rt_strncmp
 .text.rt_strlen
                0x0000000000000c54       0x12 ./rtthread/src/kservice.o
                0x0000000000000c54                rt_strlen
 .text.rt_vsnprintf
                0x0000000000000c66      0x352 ./rtthread/src/kservice.o
                0x0000000000000c66                rt_vsnprintf
 .text.rt_console_get_device
                0x0000000000000fb8        0x6 ./rtthread/src/kservice.o
                0x0000000000000fb8                rt_console_get_device
 .text.rt_console_set_device
                0x0000000000000fbe       0x2e ./rtthread/src/kservice.o
                0x0000000000000fbe                rt_console_set_device
 .text.rt_hw_console_output
                0x0000000000000fec        0x2 ./rtthread/src/kservice.o
                0x0000000000000fec                rt_hw_console_output
 .text.rt_kprintf
                0x0000000000000fee       0x68 ./rtthread/src/kservice.o
                0x0000000000000fee                rt_kprintf
 .text.rt_show_version
                0x0000000000001056       0x3e ./rtthread/src/kservice.o
                0x0000000000001056                rt_show_version
 .text.__rt_ffs
                0x0000000000001094       0x4e ./rtthread/src/kservice.o
                0x0000000000001094                __rt_ffs
 .text.plug_holes
                0x00000000000010e2       0x58 ./rtthread/src/mem.o
 .text.list_mem
                0x000000000000113a       0x32 ./rtthread/src/mem.o
                0x000000000000113a                list_mem
 .text.rt_system_heap_init
                0x000000000000116c       0x7c ./rtthread/src/mem.o
                0x000000000000116c                rt_system_heap_init
 .text.rt_malloc
                0x00000000000011e8      0x12c ./rtthread/src/mem.o
                0x00000000000011e8                rt_malloc
 .text.rt_calloc
                0x0000000000001314       0x24 ./rtthread/src/mem.o
                0x0000000000001314                rt_calloc
 .text.rt_free  0x0000000000001338       0xaa ./rtthread/src/mem.o
                0x0000000000001338                rt_free
 .text.rt_object_get_information
                0x00000000000013e2       0x2a ./rtthread/src/object.o
                0x00000000000013e2                rt_object_get_information
 .text.rt_object_init
                0x000000000000140c       0x5e ./rtthread/src/object.o
                0x000000000000140c                rt_object_init
 .text.rt_object_detach
                0x000000000000146a       0x2e ./rtthread/src/object.o
                0x000000000000146a                rt_object_detach
 .text.rt_object_allocate
                0x0000000000001498       0x56 ./rtthread/src/object.o
                0x0000000000001498                rt_object_allocate
 .text.rt_object_delete
                0x00000000000014ee       0x32 ./rtthread/src/object.o
                0x00000000000014ee                rt_object_delete
 .text.rt_object_is_systemobject
                0x0000000000001520        0x8 ./rtthread/src/object.o
                0x0000000000001520                rt_object_is_systemobject
 .text.rt_system_scheduler_init
                0x0000000000001528       0x2e ./rtthread/src/scheduler.o
                0x0000000000001528                rt_system_scheduler_init
 .text.rt_system_scheduler_start
                0x0000000000001556       0x2c ./rtthread/src/scheduler.o
                0x0000000000001556                rt_system_scheduler_start
 .text.rt_schedule
                0x0000000000001582       0x6a ./rtthread/src/scheduler.o
                0x0000000000001582                rt_schedule
 .text.rt_schedule_insert_thread
                0x00000000000015ec       0x48 ./rtthread/src/scheduler.o
                0x00000000000015ec                rt_schedule_insert_thread
 .text.rt_schedule_remove_thread
                0x0000000000001634       0x42 ./rtthread/src/scheduler.o
                0x0000000000001634                rt_schedule_remove_thread
 .text.rt_enter_critical
                0x0000000000001676       0x16 ./rtthread/src/scheduler.o
                0x0000000000001676                rt_enter_critical
 .text.rt_exit_critical
                0x000000000000168c       0x2e ./rtthread/src/scheduler.o
                0x000000000000168c                rt_exit_critical
 .text.rt_thread_exit
                0x00000000000016ba       0x50 ./rtthread/src/thread.o
                0x00000000000016ba                rt_thread_exit
 .text._rt_thread_init.isra.0
                0x000000000000170a       0x8e ./rtthread/src/thread.o
 .text.rt_thread_timeout
                0x0000000000001798       0x20 ./rtthread/src/thread.o
                0x0000000000001798                rt_thread_timeout
 .text.rt_thread_init
                0x00000000000017b8       0x32 ./rtthread/src/thread.o
                0x00000000000017b8                rt_thread_init
 .text.rt_thread_self
                0x00000000000017ea        0x6 ./rtthread/src/thread.o
                0x00000000000017ea                rt_thread_self
 .text.rt_thread_create
                0x00000000000017f0       0x46 ./rtthread/src/thread.o
                0x00000000000017f0                rt_thread_create
 .text.rt_thread_yield
                0x0000000000001836       0x52 ./rtthread/src/thread.o
                0x0000000000001836                rt_thread_yield
 .text.rt_thread_suspend
                0x0000000000001888       0x4a ./rtthread/src/thread.o
                0x0000000000001888                rt_thread_suspend
 .text.rt_thread_sleep
                0x00000000000018d2       0x40 ./rtthread/src/thread.o
                0x00000000000018d2                rt_thread_sleep
 .text.rt_thread_mdelay
                0x0000000000001912        0xe ./rtthread/src/thread.o
                0x0000000000001912                rt_thread_mdelay
 .text.rt_thread_resume
                0x0000000000001920       0x4c ./rtthread/src/thread.o
                0x0000000000001920                rt_thread_resume
 .text.rt_thread_startup
                0x000000000000196c       0x2c ./rtthread/src/thread.o
                0x000000000000196c                rt_thread_startup
 .text._rt_timer_remove.part.1
                0x0000000000001998       0x12 ./rtthread/src/timer.o
 .text.rt_timer_init
                0x00000000000019aa       0x3a ./rtthread/src/timer.o
                0x00000000000019aa                rt_timer_init
 .text.rt_timer_detach
                0x00000000000019e4       0x1e ./rtthread/src/timer.o
                0x00000000000019e4                rt_timer_detach
 .text.rt_timer_start
                0x0000000000001a02       0x80 ./rtthread/src/timer.o
                0x0000000000001a02                rt_timer_start
 .text.rt_timer_stop
                0x0000000000001a82       0x30 ./rtthread/src/timer.o
                0x0000000000001a82                rt_timer_stop
 .text.rt_timer_control
                0x0000000000001ab2       0x38 ./rtthread/src/timer.o
                0x0000000000001ab2                rt_timer_control
 .text.rt_timer_check
                0x0000000000001aea       0x78 ./rtthread/src/timer.o
                0x0000000000001aea                rt_timer_check
 .text.rt_system_timer_init
                0x0000000000001b62        0xa ./rtthread/src/timer.o
                0x0000000000001b62                rt_system_timer_init
 .text.rt_system_timer_thread_init
                0x0000000000001b6c        0x2 ./rtthread/src/timer.o
                0x0000000000001b6c                rt_system_timer_thread_init
 .text.rt_hw_stack_init
                0x0000000000001b6e       0x36 ./rtthread/libcpu/risc-v/common/cpuport.o
                0x0000000000001b6e                rt_hw_stack_init
 .text.sw_setpend
                0x0000000000001ba4       0x10 ./rtthread/libcpu/risc-v/common/cpuport.o
                0x0000000000001ba4                sw_setpend
 .text.sw_clearpend
                0x0000000000001bb4        0xe ./rtthread/libcpu/risc-v/common/cpuport.o
                0x0000000000001bb4                sw_clearpend
 .text.rt_hw_interrupt_disable
                0x0000000000001bc2        0xc ./rtthread/libcpu/risc-v/common/cpuport.o
                0x0000000000001bc2                rt_hw_interrupt_disable
 .text.rt_hw_interrupt_enable
                0x0000000000001bce        0x6 ./rtthread/libcpu/risc-v/common/cpuport.o
                0x0000000000001bce                rt_hw_interrupt_enable
 .text.rt_hw_context_switch_interrupt
                0x0000000000001bd4       0x22 ./rtthread/libcpu/risc-v/common/cpuport.o
                0x0000000000001bd4                rt_hw_context_switch_interrupt
 .text.rt_list_len
                0x0000000000001bf6       0x12 ./rtthread/components/finsh/cmd.o
 .text.reboot   0x0000000000001c08       0x12 ./rtthread/components/finsh/cmd.o
                0x0000000000001c08                reboot
 .text.clear    0x0000000000001c1a       0x16 ./rtthread/components/finsh/cmd.o
                0x0000000000001c1a                clear
 .text.object_split
                0x0000000000001c30       0x20 ./rtthread/components/finsh/cmd.o
 .text.show_wait_queue
                0x0000000000001c50       0x36 ./rtthread/components/finsh/cmd.o
 .text.object_name_maxlen
                0x0000000000001c86       0x3e ./rtthread/components/finsh/cmd.o
 .text.list_thread
                0x0000000000001cc4       0xe2 ./rtthread/components/finsh/cmd.o
                0x0000000000001cc4                list_thread
 .text.list_sem
                0x0000000000001da6       0xb6 ./rtthread/components/finsh/cmd.o
                0x0000000000001da6                list_sem
 .text.list_event
                0x0000000000001e5c       0xac ./rtthread/components/finsh/cmd.o
                0x0000000000001e5c                list_event
 .text.list_mutex
                0x0000000000001f08       0x82 ./rtthread/components/finsh/cmd.o
                0x0000000000001f08                list_mutex
 .text.list_mailbox
                0x0000000000001f8a       0xbe ./rtthread/components/finsh/cmd.o
                0x0000000000001f8a                list_mailbox
 .text.list_msgqueue
                0x0000000000002048       0xb6 ./rtthread/components/finsh/cmd.o
                0x0000000000002048                list_msgqueue
 .text.list_device
                0x00000000000020fe       0x94 ./rtthread/components/finsh/cmd.o
                0x00000000000020fe                list_device
 .text.list_timer
                0x0000000000002192       0x9a ./rtthread/components/finsh/cmd.o
                0x0000000000002192                list_timer
 .text.list     0x000000000000222c       0x4a ./rtthread/components/finsh/cmd.o
                0x000000000000222c                list
 .text.msh_help
                0x0000000000002276       0x58 ./rtthread/components/finsh/msh.o
                0x0000000000002276                msh_help
 .text.msh_is_used
                0x00000000000022ce        0x4 ./rtthread/components/finsh/msh.o
                0x00000000000022ce                msh_is_used
 .text.msh_exec
                0x00000000000022d2      0x1aa ./rtthread/components/finsh/msh.o
                0x00000000000022d2                msh_exec
 .text.msh_auto_complete
                0x000000000000247c       0xa2 ./rtthread/components/finsh/msh.o
                0x000000000000247c                msh_auto_complete
 .text.cmd_ps   0x000000000000251e        0xe ./rtthread/components/finsh/msh_cmd.o
                0x000000000000251e                cmd_ps
 .text.cmd_free
                0x000000000000252c        0xe ./rtthread/components/finsh/msh_cmd.o
                0x000000000000252c                cmd_free
 .text.finsh_rx_ind
                0x000000000000253a       0x12 ./rtthread/components/finsh/shell.o
 .text.finsh_system_init
                0x000000000000254c       0x98 ./rtthread/components/finsh/shell.o
                0x000000000000254c                finsh_system_init
 .text.finsh_get_prompt
                0x00000000000025e4       0x3c ./rtthread/components/finsh/shell.o
                0x00000000000025e4                finsh_get_prompt
 .text.shell_handle_history
                0x0000000000002620       0x2e ./rtthread/components/finsh/shell.o
 .text.finsh_set_device
                0x000000000000264e       0x7e ./rtthread/components/finsh/shell.o
                0x000000000000264e                finsh_set_device
 .text.finsh_thread_entry
                0x00000000000026cc      0x410 ./rtthread/components/finsh/shell.o
                0x00000000000026cc                finsh_thread_entry
 .text.rt_serial_init
                0x0000000000002adc       0x20 ./rtthread/components/drivers/serial/serial.o
 .text.rt_serial_write
                0x0000000000002afc       0x42 ./rtthread/components/drivers/serial/serial.o
 .text.rt_serial_open
                0x0000000000002b3e       0x9e ./rtthread/components/drivers/serial/serial.o
 .text.rt_serial_control
                0x0000000000002bdc       0x6e ./rtthread/components/drivers/serial/serial.o
 .text.rt_serial_read
                0x0000000000002c4a       0x9e ./rtthread/components/drivers/serial/serial.o
 .text.rt_serial_close
                0x0000000000002ce8       0x40 ./rtthread/components/drivers/serial/serial.o
 .text.rt_hw_serial_register
                0x0000000000002d28       0x5a ./rtthread/components/drivers/serial/serial.o
                0x0000000000002d28                rt_hw_serial_register
 .text.rt_hw_serial_isr
                0x0000000000002d82       0xaa ./rtthread/components/drivers/serial/serial.o
                0x0000000000002d82                rt_hw_serial_isr
 .text._pin_control
                0x0000000000002e2c       0x1c ./rtthread/components/drivers/misc/pin.o
 .text.rt_pin_mode
                0x0000000000002e48       0x1a ./rtthread/components/drivers/misc/pin.o
                0x0000000000002e48                rt_pin_mode
 .text.rt_pin_write
                0x0000000000002e62       0x1a ./rtthread/components/drivers/misc/pin.o
                0x0000000000002e62                rt_pin_write
 .text.rt_pin_read
                0x0000000000002e7c       0x18 ./rtthread/components/drivers/misc/pin.o
                0x0000000000002e7c                rt_pin_read
 .text._pin_read
                0x0000000000002e94       0x2e ./rtthread/components/drivers/misc/pin.o
 .text._pin_write
                0x0000000000002ec2       0x2c ./rtthread/components/drivers/misc/pin.o
 .text.rt_device_pin_register
                0x0000000000002eee       0x54 ./rtthread/components/drivers/misc/pin.o
                0x0000000000002eee                rt_device_pin_register
 .text.rt_heap_begin_get
                0x0000000000002f42        0xa ./rtthread/board.o
                0x0000000000002f42                rt_heap_begin_get
 .text.rt_heap_end_get
                0x0000000000002f4c        0xa ./rtthread/board.o
                0x0000000000002f4c                rt_heap_end_get
 .text.rt_hw_board_init
                0x0000000000002f56       0x72 ./rtthread/board.o
                0x0000000000002f56                rt_hw_board_init
 .text.SysTick_Handler
                0x0000000000002fc8       0x20 ./rtthread/board.o
                0x0000000000002fc8                SysTick_Handler
 .text.bit2bitno
                0x0000000000002fe8       0x1c ./drivers/drv_gpio.o
 .text.GPIOD_CLK_ENABLE
                0x0000000000003004       0x12 ./drivers/drv_gpio.o
 .text.GPIOB_CLK_ENABLE
                0x0000000000003016       0x10 ./drivers/drv_gpio.o
 .text.GPIOA_CLK_ENABLE
                0x0000000000003026       0x10 ./drivers/drv_gpio.o
 .text.GPIOC_CLK_ENABLE
                0x0000000000003036       0x10 ./drivers/drv_gpio.o
 .text.GPIOE_CLK_ENABLE
                0x0000000000003046       0x12 ./drivers/drv_gpio.o
 .text.rt_hw_pin_init
                0x0000000000003058       0x1c ./drivers/drv_gpio.o
                0x0000000000003058                rt_hw_pin_init
 .text.get_pin  0x0000000000003074       0x20 ./drivers/drv_gpio.o
                0x0000000000003074                get_pin
 .text.ch32_pin_write
                0x0000000000003094       0x22 ./drivers/drv_gpio.o
                0x0000000000003094                ch32_pin_write
 .text.ch32_pin_read
                0x00000000000030b6       0x1e ./drivers/drv_gpio.o
                0x00000000000030b6                ch32_pin_read
 .text.ch32_pin_mode
                0x00000000000030d4       0x7e ./drivers/drv_gpio.o
                0x00000000000030d4                ch32_pin_mode
 .text.ch32_pin_attach_irq
                0x0000000000003152       0x92 ./drivers/drv_gpio.o
                0x0000000000003152                ch32_pin_attach_irq
 .text.ch32_pin_dettach_irq
                0x00000000000031e4       0x5a ./drivers/drv_gpio.o
                0x00000000000031e4                ch32_pin_dettach_irq
 .text.ch32_pin_irq_enable
                0x000000000000323e      0x15c ./drivers/drv_gpio.o
                0x000000000000323e                ch32_pin_irq_enable
 .text.HAL_GPIO_EXTI_Callback
                0x000000000000339a       0x24 ./drivers/drv_gpio.o
                0x000000000000339a                HAL_GPIO_EXTI_Callback
 .text.EXTI0_IRQHandler
                0x00000000000033be       0x28 ./drivers/drv_gpio.o
                0x00000000000033be                EXTI0_IRQHandler
 .text.EXTI1_IRQHandler
                0x00000000000033e6       0x28 ./drivers/drv_gpio.o
                0x00000000000033e6                EXTI1_IRQHandler
 .text.EXTI2_IRQHandler
                0x000000000000340e       0x28 ./drivers/drv_gpio.o
                0x000000000000340e                EXTI2_IRQHandler
 .text.EXTI3_IRQHandler
                0x0000000000003436       0x28 ./drivers/drv_gpio.o
                0x0000000000003436                EXTI3_IRQHandler
 .text.EXTI4_IRQHandler
                0x000000000000345e       0x28 ./drivers/drv_gpio.o
                0x000000000000345e                EXTI4_IRQHandler
 .text.EXTI9_5_IRQHandler
                0x0000000000003486       0x78 ./drivers/drv_gpio.o
                0x0000000000003486                EXTI9_5_IRQHandler
 .text.EXTI15_10_IRQHandler
                0x00000000000034fe       0x80 ./drivers/drv_gpio.o
                0x00000000000034fe                EXTI15_10_IRQHandler
 .text.ch32dma_transmit
                0x000000000000357e        0x4 ./drivers/drv_usart.o
                0x000000000000357e                ch32dma_transmit
 .text.ch32_configure
                0x0000000000003582       0xce ./drivers/drv_usart.o
 .text.rt_hw_usart_init
                0x0000000000003650       0xc4 ./drivers/drv_usart.o
                0x0000000000003650                rt_hw_usart_init
 .text.ch32_getc
                0x0000000000003714       0x22 ./drivers/drv_usart.o
 .text.ch32_putc
                0x0000000000003736       0x22 ./drivers/drv_usart.o
 .text.ch32_control
                0x0000000000003758       0x5c ./drivers/drv_usart.o
 .text.USART1_IRQHandler
                0x00000000000037b4       0x4a ./drivers/drv_usart.o
                0x00000000000037b4                USART1_IRQHandler
 .text.usDelay  0x00000000000037fe       0x14 ./User/headers/YM3812/OPL2.o
 .text.SWSPI_Init
                0x0000000000003812       0xa2 ./User/headers/YM3812/OPL2.o
                0x0000000000003812                SWSPI_Init
 .text.SWSPI_Write
                0x00000000000038b4       0x40 ./User/headers/YM3812/OPL2.o
                0x00000000000038b4                SWSPI_Write
 .text.YM3812_Reset
                0x00000000000038f4       0x1e ./User/headers/YM3812/OPL2.o
                0x00000000000038f4                YM3812_Reset
 .text.YM3812_Write_Full
                0x0000000000003912       0x80 ./User/headers/YM3812/OPL2.o
                0x0000000000003912                YM3812_Write_Full
 .text.getChipRegisterOffset
                0x0000000000003992       0x1c ./User/headers/YM3812/OPL2.o
                0x0000000000003992                getChipRegisterOffset
 .text.getChipRegister
                0x00000000000039ae       0x14 ./User/headers/YM3812/OPL2.o
                0x00000000000039ae                getChipRegister
 .text.getChannelRegisterOffset
                0x00000000000039c2       0x2c ./User/headers/YM3812/OPL2.o
                0x00000000000039c2                getChannelRegisterOffset
 .text.getChannelRegister
                0x00000000000039ee       0x18 ./User/headers/YM3812/OPL2.o
                0x00000000000039ee                getChannelRegister
 .text.getOperatorRegisterOffset
                0x0000000000003a06       0x54 ./User/headers/YM3812/OPL2.o
                0x0000000000003a06                getOperatorRegisterOffset
 .text.getOperatorRegister
                0x0000000000003a5a       0x18 ./User/headers/YM3812/OPL2.o
                0x0000000000003a5a                getOperatorRegister
 .text.YM3812_Write
                0x0000000000003a72       0x22 ./User/headers/YM3812/OPL2.o
                0x0000000000003a72                YM3812_Write
 .text.setChipRegister
                0x0000000000003a94       0x26 ./User/headers/YM3812/OPL2.o
                0x0000000000003a94                setChipRegister
 .text.setWaveFormSelect.part.0
                0x0000000000003aba       0x1c ./User/headers/YM3812/OPL2.o
 .text.setChannelRegister
                0x0000000000003ad6       0x36 ./User/headers/YM3812/OPL2.o
                0x0000000000003ad6                setChannelRegister
 .text.setOperatorRegister
                0x0000000000003b0c       0x4a ./User/headers/YM3812/OPL2.o
                0x0000000000003b0c                setOperatorRegister
 .text.createInstrument
                0x0000000000003b56       0x28 ./User/headers/YM3812/OPL2.o
                0x0000000000003b56                createInstrument
 .text.loadInstrument
                0x0000000000003b7e      0x13a ./User/headers/YM3812/OPL2.o
                0x0000000000003b7e                loadInstrument
 .text.setInstrument
                0x0000000000003cb8      0x170 ./User/headers/YM3812/OPL2.o
                0x0000000000003cb8                setInstrument
 .text.YM3812_Begin
                0x0000000000003e28       0x84 ./User/headers/YM3812/OPL2.o
                0x0000000000003e28                YM3812_Begin
 .text.getTremolo
                0x0000000000003eac       0x1a ./User/headers/YM3812/OPL2.o
                0x0000000000003eac                getTremolo
 .text.setTremolo
                0x0000000000003ec6       0x38 ./User/headers/YM3812/OPL2.o
                0x0000000000003ec6                setTremolo
 .text.getVibrato
                0x0000000000003efe       0x18 ./User/headers/YM3812/OPL2.o
                0x0000000000003efe                getVibrato
 .text.setVibrato
                0x0000000000003f16       0x38 ./User/headers/YM3812/OPL2.o
                0x0000000000003f16                setVibrato
 .text.getMaintainSustain
                0x0000000000003f4e       0x18 ./User/headers/YM3812/OPL2.o
                0x0000000000003f4e                getMaintainSustain
 .text.setMaintainSustain
                0x0000000000003f66       0x38 ./User/headers/YM3812/OPL2.o
                0x0000000000003f66                setMaintainSustain
 .text.getEnvelopeScaling
                0x0000000000003f9e       0x18 ./User/headers/YM3812/OPL2.o
                0x0000000000003f9e                getEnvelopeScaling
 .text.setEnvelopeScaling
                0x0000000000003fb6       0x38 ./User/headers/YM3812/OPL2.o
                0x0000000000003fb6                setEnvelopeScaling
 .text.getMultiplier
                0x0000000000003fee       0x16 ./User/headers/YM3812/OPL2.o
                0x0000000000003fee                getMultiplier
 .text.setMultiplier
                0x0000000000004004       0x2e ./User/headers/YM3812/OPL2.o
                0x0000000000004004                setMultiplier
 .text.getScalingLevel
                0x0000000000004032       0x1a ./User/headers/YM3812/OPL2.o
                0x0000000000004032                getScalingLevel
 .text.setScalingLevel
                0x000000000000404c       0x32 ./User/headers/YM3812/OPL2.o
                0x000000000000404c                setScalingLevel
 .text.getAttack
                0x000000000000407e       0x1a ./User/headers/YM3812/OPL2.o
                0x000000000000407e                getAttack
 .text.setAttack
                0x0000000000004098       0x30 ./User/headers/YM3812/OPL2.o
                0x0000000000004098                setAttack
 .text.getDecay
                0x00000000000040c8       0x16 ./User/headers/YM3812/OPL2.o
                0x00000000000040c8                getDecay
 .text.setDecay
                0x00000000000040de       0x2e ./User/headers/YM3812/OPL2.o
                0x00000000000040de                setDecay
 .text.getSustain
                0x000000000000410c       0x1a ./User/headers/YM3812/OPL2.o
                0x000000000000410c                getSustain
 .text.setSustain
                0x0000000000004126       0x30 ./User/headers/YM3812/OPL2.o
                0x0000000000004126                setSustain
 .text.getRelease
                0x0000000000004156       0x16 ./User/headers/YM3812/OPL2.o
                0x0000000000004156                getRelease
 .text.setRelease
                0x000000000000416c       0x2e ./User/headers/YM3812/OPL2.o
                0x000000000000416c                setRelease
 .text.setFNumber
                0x000000000000419a       0x3a ./User/headers/YM3812/OPL2.o
                0x000000000000419a                setFNumber
 .text.setBlock
                0x00000000000041d4       0x2a ./User/headers/YM3812/OPL2.o
                0x00000000000041d4                setBlock
 .text.getKeyOn
                0x00000000000041fe       0x16 ./User/headers/YM3812/OPL2.o
                0x00000000000041fe                getKeyOn
 .text.setKeyOn
                0x0000000000004214       0x32 ./User/headers/YM3812/OPL2.o
                0x0000000000004214                setKeyOn
 .text.playNote
                0x0000000000004246       0x50 ./User/headers/YM3812/OPL2.o
                0x0000000000004246                playNote
 .text.getFeedback
                0x0000000000004296       0x16 ./User/headers/YM3812/OPL2.o
                0x0000000000004296                getFeedback
 .text.setFeedback
                0x00000000000042ac       0x2a ./User/headers/YM3812/OPL2.o
                0x00000000000042ac                setFeedback
 .text.getSynthMode
                0x00000000000042d6       0x14 ./User/headers/YM3812/OPL2.o
                0x00000000000042d6                getSynthMode
 .text.setSynthMode
                0x00000000000042ea       0x28 ./User/headers/YM3812/OPL2.o
                0x00000000000042ea                setSynthMode
 .text.getDeepTremolo
                0x0000000000004312       0x16 ./User/headers/YM3812/OPL2.o
                0x0000000000004312                getDeepTremolo
 .text.setDeepTremolo
                0x0000000000004328       0x2a ./User/headers/YM3812/OPL2.o
                0x0000000000004328                setDeepTremolo
 .text.getDeepVibrato
                0x0000000000004352       0x14 ./User/headers/YM3812/OPL2.o
                0x0000000000004352                getDeepVibrato
 .text.setDeepVibrato
                0x0000000000004366       0x2a ./User/headers/YM3812/OPL2.o
                0x0000000000004366                setDeepVibrato
 .text.getWaveForm
                0x0000000000004390       0x16 ./User/headers/YM3812/OPL2.o
                0x0000000000004390                getWaveForm
 .text.setWaveForm
                0x00000000000043a6       0x2e ./User/headers/YM3812/OPL2.o
                0x00000000000043a6                setWaveForm
 .text.YM3812_Write_Wrapper
                0x00000000000043d4       0x2a ./User/headers/YM3812/OPL2.o
                0x00000000000043d4                YM3812_Write_Wrapper
 .text.YM3812_Test_Sequence
                0x00000000000043fe       0x86 ./User/headers/YM3812/OPL2.o
                0x00000000000043fe                YM3812_Test_Sequence
 .text.MIDI_Note_On
                0x0000000000004484       0x68 ./User/headers/YM3812/OPL2.o
                0x0000000000004484                MIDI_Note_On
 .text.MIDI_Note_Off
                0x00000000000044ec       0x50 ./User/headers/YM3812/OPL2.o
                0x00000000000044ec                MIDI_Note_Off
 .text.ILI9341_Select
                0x000000000000453c       0x16 ./User/headers/ILI9341/ILI9341.o
 .text.ILI9341_GPIO_Init
                0x0000000000004552       0xaa ./User/headers/ILI9341/ILI9341.o
                0x0000000000004552                ILI9341_GPIO_Init
 .text.ILI9341_SPI_Init
                0x00000000000045fc       0x4a ./User/headers/ILI9341/ILI9341.o
                0x00000000000045fc                ILI9341_SPI_Init
 .text.HAL_SPI_Transmit
                0x0000000000004646       0x42 ./User/headers/ILI9341/ILI9341.o
                0x0000000000004646                HAL_SPI_Transmit
 .text.ILI9341_WriteCommand
                0x0000000000004688       0x2e ./User/headers/ILI9341/ILI9341.o
 .text.ILI9341_WriteData
                0x00000000000046b6       0x2e ./User/headers/ILI9341/ILI9341.o
 .text.ILI9341_SetAddressWindow
                0x00000000000046e4       0x68 ./User/headers/ILI9341/ILI9341.o
 .text.ILI9341_Unselect
                0x000000000000474c       0x16 ./User/headers/ILI9341/ILI9341.o
                0x000000000000474c                ILI9341_Unselect
 .text.ILI9341_FillRectangle.part.0
                0x0000000000004762       0xaa ./User/headers/ILI9341/ILI9341.o
 .text.ILI9341_TurnOn
                0x000000000000480c       0x16 ./User/headers/ILI9341/ILI9341.o
                0x000000000000480c                ILI9341_TurnOn
 .text.ILI9341_TurnOff
                0x0000000000004822       0x16 ./User/headers/ILI9341/ILI9341.o
                0x0000000000004822                ILI9341_TurnOff
 .text.ILI9341_Init
                0x0000000000004838      0x226 ./User/headers/ILI9341/ILI9341.o
                0x0000000000004838                ILI9341_Init
 .text.ILI9341_WriteChar
                0x0000000000004a5e       0x98 ./User/headers/ILI9341/ILI9341.o
                0x0000000000004a5e                ILI9341_WriteChar
 .text.ILI9341_WriteString
                0x0000000000004af6       0x98 ./User/headers/ILI9341/ILI9341.o
                0x0000000000004af6                ILI9341_WriteString
 .text.ILI9341_WriteString_Horizontal_Backwards
                0x0000000000004b8e       0x96 ./User/headers/ILI9341/ILI9341.o
                0x0000000000004b8e                ILI9341_WriteString_Horizontal_Backwards
 .text.ILI9341_FillRectangle
                0x0000000000004c24       0x1e ./User/headers/ILI9341/ILI9341.o
                0x0000000000004c24                ILI9341_FillRectangle
 .text.ILI9341_FillScreen
                0x0000000000004c42       0x1a ./User/headers/ILI9341/ILI9341.o
                0x0000000000004c42                ILI9341_FillScreen
 .text.Note_On_Debug
                0x0000000000004c5c       0x18 ./User/headers/MIDI.o
                0x0000000000004c5c                Note_On_Debug
 .text.Note_Off_Debug
                0x0000000000004c74       0x16 ./User/headers/MIDI.o
                0x0000000000004c74                Note_Off_Debug
 .text.UART_Init
                0x0000000000004c8a       0xca ./User/headers/MIDI.o
                0x0000000000004c8a                UART_Init
 .text.MIDI_Handler
                0x0000000000004d54       0x88 ./User/headers/MIDI.o
                0x0000000000004d54                MIDI_Handler
 .text.USART3_IRQHandler
                0x0000000000004ddc       0x38 ./User/headers/MIDI.o
                0x0000000000004ddc                USART3_IRQHandler
 .text.ADC_Function_Init
                0x0000000000004e14       0xe2 ./User/headers/adc_helpers.o
                0x0000000000004e14                ADC_Function_Init
 .text.Apply_Calibration_Offset
                0x0000000000004ef6       0x28 ./User/headers/adc_helpers.o
                0x0000000000004ef6                Apply_Calibration_Offset
 .text.Get_ADC_Val
                0x0000000000004f1e       0x3e ./User/headers/adc_helpers.o
                0x0000000000004f1e                Get_ADC_Val
 .text.Clamp    0x0000000000004f5c       0x3c ./User/headers/adc_helpers.o
                0x0000000000004f5c                Clamp
 .text.Generic_Input_Interrupt
                0x0000000000004f98       0x14 ./User/headers/inputs.o
                0x0000000000004f98                Generic_Input_Interrupt
 .text.Read_Potentiometers
                0x0000000000004fac       0x7e ./User/headers/inputs.o
                0x0000000000004fac                Read_Potentiometers
 .text.Inputs_Init
                0x000000000000502a       0xe4 ./User/headers/inputs.o
                0x000000000000502a                Inputs_Init
 .text.Read_Buttons
                0x000000000000510e       0x24 ./User/headers/inputs.o
                0x000000000000510e                Read_Buttons
 .text.Poll_Inputs
                0x0000000000005132       0xfe ./User/headers/inputs.o
                0x0000000000005132                Poll_Inputs
 .text.Read_Potentiometers_Debug
                0x0000000000005230       0x4c ./User/headers/inputs.o
                0x0000000000005230                Read_Potentiometers_Debug
 .text.Read_Buttons_Debug
                0x000000000000527c       0x28 ./User/headers/inputs.o
                0x000000000000527c                Read_Buttons_Debug
 .text.Do_Nothing
                0x00000000000052a4        0x2 ./User/headers/menu.o
 .text.Slider_Draw
                0x00000000000052a6      0x168 ./User/headers/menu.o
                0x00000000000052a6                Slider_Draw
 .text.Initialize_Menu
                0x000000000000540e       0x2e ./User/headers/menu.o
                0x000000000000540e                Initialize_Menu
 .text.NMI_Handler
                0x000000000000543c       0x20 ./User/ch32v30x_it.o
                0x000000000000543c                NMI_Handler
 .text.HardFault_Handler
                0x000000000000545c       0x20 ./User/ch32v30x_it.o
                0x000000000000545c                HardFault_Handler
 .text.Draw_Operator1_Attack
                0x000000000000547c       0x56 ./User/main.o
                0x000000000000547c                Draw_Operator1_Attack
 .text.Draw_Operator2_Attack
                0x00000000000054d2       0x56 ./User/main.o
                0x00000000000054d2                Draw_Operator2_Attack
 .text.Change_Operator1_Attack
                0x0000000000005528       0x34 ./User/main.o
                0x0000000000005528                Change_Operator1_Attack
 .text.Change_Operator2_Attack
                0x000000000000555c       0x34 ./User/main.o
                0x000000000000555c                Change_Operator2_Attack
 .text.Draw_Operator1_Decay
                0x0000000000005590       0x58 ./User/main.o
                0x0000000000005590                Draw_Operator1_Decay
 .text.Draw_Operator2_Decay
                0x00000000000055e8       0x58 ./User/main.o
                0x00000000000055e8                Draw_Operator2_Decay
 .text.Change_Operator1_Decay
                0x0000000000005640       0x34 ./User/main.o
                0x0000000000005640                Change_Operator1_Decay
 .text.Change_Operator2_Decay
                0x0000000000005674       0x34 ./User/main.o
                0x0000000000005674                Change_Operator2_Decay
 .text.Draw_Operator1_Sustain
                0x00000000000056a8       0x58 ./User/main.o
                0x00000000000056a8                Draw_Operator1_Sustain
 .text.Draw_Operator2_Sustain
                0x0000000000005700       0x58 ./User/main.o
                0x0000000000005700                Draw_Operator2_Sustain
 .text.Change_Operator1_Sustain
                0x0000000000005758       0x34 ./User/main.o
                0x0000000000005758                Change_Operator1_Sustain
 .text.Change_Operator2_Sustain
                0x000000000000578c       0x34 ./User/main.o
                0x000000000000578c                Change_Operator2_Sustain
 .text.Draw_Operator1_Release
                0x00000000000057c0       0x58 ./User/main.o
                0x00000000000057c0                Draw_Operator1_Release
 .text.Change_Operator1_Blank
                0x0000000000005818        0xc ./User/main.o
                0x0000000000005818                Change_Operator1_Blank
 .text.Draw_Operator2_Release
                0x0000000000005824       0x58 ./User/main.o
                0x0000000000005824                Draw_Operator2_Release
 .text.Change_Operator2_Blank
                0x000000000000587c        0xc ./User/main.o
                0x000000000000587c                Change_Operator2_Blank
 .text.Change_Operator1_Release
                0x0000000000005888       0x34 ./User/main.o
                0x0000000000005888                Change_Operator1_Release
 .text.Change_Operator2_Release
                0x00000000000058bc       0x34 ./User/main.o
                0x00000000000058bc                Change_Operator2_Release
 .text.Draw_Operator1_Multiplier
                0x00000000000058f0       0x56 ./User/main.o
                0x00000000000058f0                Draw_Operator1_Multiplier
 .text.Draw_Operator2_Multiplier
                0x0000000000005946       0x56 ./User/main.o
                0x0000000000005946                Draw_Operator2_Multiplier
 .text.Change_Operator1_Multiplier
                0x000000000000599c       0x34 ./User/main.o
                0x000000000000599c                Change_Operator1_Multiplier
 .text.Change_Operator2_Multiplier
                0x00000000000059d0       0x34 ./User/main.o
                0x00000000000059d0                Change_Operator2_Multiplier
 .text.Draw_Operator1_ScalingLevel
                0x0000000000005a04       0x58 ./User/main.o
                0x0000000000005a04                Draw_Operator1_ScalingLevel
 .text.Draw_Operator2_ScalingLevel
                0x0000000000005a5c       0x58 ./User/main.o
                0x0000000000005a5c                Draw_Operator2_ScalingLevel
 .text.Change_Operator1_ScalingLevel
                0x0000000000005ab4       0x34 ./User/main.o
                0x0000000000005ab4                Change_Operator1_ScalingLevel
 .text.Change_Operator2_ScalingLevel
                0x0000000000005ae8       0x34 ./User/main.o
                0x0000000000005ae8                Change_Operator2_ScalingLevel
 .text.Draw_Operator1_MaintainSustain
                0x0000000000005b1c       0x58 ./User/main.o
                0x0000000000005b1c                Draw_Operator1_MaintainSustain
 .text.Draw_Operator2_MaintainSustain
                0x0000000000005b74       0x58 ./User/main.o
                0x0000000000005b74                Draw_Operator2_MaintainSustain
 .text.Change_Operator1_MaintainSustain
                0x0000000000005bcc       0x38 ./User/main.o
                0x0000000000005bcc                Change_Operator1_MaintainSustain
 .text.Change_Operator2_MaintainSustain
                0x0000000000005c04       0x38 ./User/main.o
                0x0000000000005c04                Change_Operator2_MaintainSustain
 .text.Draw_Operator1_WaveForm
                0x0000000000005c3c       0x58 ./User/main.o
                0x0000000000005c3c                Draw_Operator1_WaveForm
 .text.Draw_Operator2_WaveForm
                0x0000000000005c94       0x58 ./User/main.o
                0x0000000000005c94                Draw_Operator2_WaveForm
 .text.Change_Operator1_WaveForm
                0x0000000000005cec       0x34 ./User/main.o
                0x0000000000005cec                Change_Operator1_WaveForm
 .text.Change_Operator2_WaveForm
                0x0000000000005d20       0x34 ./User/main.o
                0x0000000000005d20                Change_Operator2_WaveForm
 .text.Draw_Operator1_Tremolo
                0x0000000000005d54       0x56 ./User/main.o
                0x0000000000005d54                Draw_Operator1_Tremolo
 .text.Draw_Operator2_Tremolo
                0x0000000000005daa       0x56 ./User/main.o
                0x0000000000005daa                Draw_Operator2_Tremolo
 .text.Change_Operator1_Tremolo
                0x0000000000005e00       0x38 ./User/main.o
                0x0000000000005e00                Change_Operator1_Tremolo
 .text.Change_Operator2_Tremolo
                0x0000000000005e38       0x38 ./User/main.o
                0x0000000000005e38                Change_Operator2_Tremolo
 .text.Draw_Operator1_Vibrato
                0x0000000000005e70       0x58 ./User/main.o
                0x0000000000005e70                Draw_Operator1_Vibrato
 .text.Draw_Operator2_Vibrato
                0x0000000000005ec8       0x58 ./User/main.o
                0x0000000000005ec8                Draw_Operator2_Vibrato
 .text.Change_Operator1_Vibrato
                0x0000000000005f20       0x38 ./User/main.o
                0x0000000000005f20                Change_Operator1_Vibrato
 .text.Change_Operator2_Vibrato
                0x0000000000005f58       0x38 ./User/main.o
                0x0000000000005f58                Change_Operator2_Vibrato
 .text.Draw_Operator1_EnvelopeScaling
                0x0000000000005f90       0x58 ./User/main.o
                0x0000000000005f90                Draw_Operator1_EnvelopeScaling
 .text.Draw_Operator2_EnvelopeScaling
                0x0000000000005fe8       0x58 ./User/main.o
                0x0000000000005fe8                Draw_Operator2_EnvelopeScaling
 .text.Change_Operator1_EnvelopeScaling
                0x0000000000006040       0x38 ./User/main.o
                0x0000000000006040                Change_Operator1_EnvelopeScaling
 .text.Change_Operator2_EnvelopeScaling
                0x0000000000006078       0x38 ./User/main.o
                0x0000000000006078                Change_Operator2_EnvelopeScaling
 .text.Draw_Operator1_Blank
                0x00000000000060b0       0x2e ./User/main.o
                0x00000000000060b0                Draw_Operator1_Blank
 .text.Draw_Operator2_Blank
                0x00000000000060de        0xc ./User/main.o
                0x00000000000060de                Draw_Operator2_Blank
 .text.Handle_Button_Left
                0x00000000000060ea       0xe0 ./User/main.o
                0x00000000000060ea                Handle_Button_Left
 .text.Handle_Button_Right
                0x00000000000061ca       0xe4 ./User/main.o
                0x00000000000061ca                Handle_Button_Right
 .text.Draw_Global_DeepTremolo
                0x00000000000062ae       0x58 ./User/main.o
                0x00000000000062ae                Draw_Global_DeepTremolo
 .text.Change_Global_DeepTremolo
                0x0000000000006306       0x24 ./User/main.o
                0x0000000000006306                Change_Global_DeepTremolo
 .text.Draw_Global_DeepVibrato
                0x000000000000632a       0x5a ./User/main.o
                0x000000000000632a                Draw_Global_DeepVibrato
 .text.Change_Global_DeepVibrato
                0x0000000000006384       0x24 ./User/main.o
                0x0000000000006384                Change_Global_DeepVibrato
 .text.Draw_Global_SynthMode
                0x00000000000063a8       0x5c ./User/main.o
                0x00000000000063a8                Draw_Global_SynthMode
 .text.Change_Global_SynthMode
                0x0000000000006404       0x32 ./User/main.o
                0x0000000000006404                Change_Global_SynthMode
 .text.Draw_Global_Feedback
                0x0000000000006436       0x5c ./User/main.o
                0x0000000000006436                Draw_Global_Feedback
 .text.Change_Global_Feedback
                0x0000000000006492       0x32 ./User/main.o
                0x0000000000006492                Change_Global_Feedback
 .text.Initialize_Menu_Pages
                0x00000000000064c4      0x31e ./User/main.o
                0x00000000000064c4                Initialize_Menu_Pages
 .text.Setup_Inputs
                0x00000000000067e2       0x24 ./User/main.o
                0x00000000000067e2                Setup_Inputs
 .text.Setup_MIDI
                0x0000000000006806       0x24 ./User/main.o
                0x0000000000006806                Setup_MIDI
 .text.startup.main
                0x000000000000682a       0xa6 ./User/main.o
                0x000000000000682a                main
 .text.SystemInit
                0x00000000000068d0       0xf8 ./User/system_ch32v30x.o
                0x00000000000068d0                SystemInit
 .text.vector_handler
                0x00000000000069c8       0xbe ./Startup/startup_ch32v30x.o
                0x00000000000069cc                Ecall_M_Mode_Handler
                0x00000000000069ce                Ecall_U_Mode_Handler
                0x00000000000069d0                Break_Point_Handler
                0x00000000000069d6                WWDG_IRQHandler
                0x00000000000069d8                PVD_IRQHandler
                0x00000000000069da                TAMPER_IRQHandler
                0x00000000000069dc                RTC_IRQHandler
                0x00000000000069de                FLASH_IRQHandler
                0x00000000000069e0                RCC_IRQHandler
                0x00000000000069ec                DMA1_Channel1_IRQHandler
                0x00000000000069ee                DMA1_Channel2_IRQHandler
                0x00000000000069f0                DMA1_Channel3_IRQHandler
                0x00000000000069f2                DMA1_Channel4_IRQHandler
                0x00000000000069f4                DMA1_Channel5_IRQHandler
                0x00000000000069f6                DMA1_Channel6_IRQHandler
                0x00000000000069f8                DMA1_Channel7_IRQHandler
                0x00000000000069fa                ADC1_2_IRQHandler
                0x00000000000069fc                USB_HP_CAN1_TX_IRQHandler
                0x00000000000069fe                USB_LP_CAN1_RX0_IRQHandler
                0x0000000000006a00                CAN1_RX1_IRQHandler
                0x0000000000006a02                CAN1_SCE_IRQHandler
                0x0000000000006a06                TIM1_BRK_IRQHandler
                0x0000000000006a08                TIM1_UP_IRQHandler
                0x0000000000006a0a                TIM1_TRG_COM_IRQHandler
                0x0000000000006a0c                TIM1_CC_IRQHandler
                0x0000000000006a0e                TIM2_IRQHandler
                0x0000000000006a10                TIM3_IRQHandler
                0x0000000000006a12                TIM4_IRQHandler
                0x0000000000006a14                I2C1_EV_IRQHandler
                0x0000000000006a16                I2C1_ER_IRQHandler
                0x0000000000006a18                I2C2_EV_IRQHandler
                0x0000000000006a1a                I2C2_ER_IRQHandler
                0x0000000000006a1c                SPI1_IRQHandler
                0x0000000000006a1e                SPI2_IRQHandler
                0x0000000000006a22                USART2_IRQHandler
                0x0000000000006a28                RTCAlarm_IRQHandler
                0x0000000000006a2a                USBWakeUp_IRQHandler
                0x0000000000006a2c                TIM8_BRK_IRQHandler
                0x0000000000006a2e                TIM8_UP_IRQHandler
                0x0000000000006a30                TIM8_TRG_COM_IRQHandler
                0x0000000000006a32                TIM8_CC_IRQHandler
                0x0000000000006a34                RNG_IRQHandler
                0x0000000000006a36                FSMC_IRQHandler
                0x0000000000006a38                SDIO_IRQHandler
                0x0000000000006a3a                TIM5_IRQHandler
                0x0000000000006a3c                SPI3_IRQHandler
                0x0000000000006a3e                UART4_IRQHandler
                0x0000000000006a40                UART5_IRQHandler
                0x0000000000006a42                TIM6_IRQHandler
                0x0000000000006a44                TIM7_IRQHandler
                0x0000000000006a46                DMA2_Channel1_IRQHandler
                0x0000000000006a48                DMA2_Channel2_IRQHandler
                0x0000000000006a4a                DMA2_Channel3_IRQHandler
                0x0000000000006a4c                DMA2_Channel4_IRQHandler
                0x0000000000006a4e                DMA2_Channel5_IRQHandler
                0x0000000000006a50                ETH_IRQHandler
                0x0000000000006a52                ETH_WKUP_IRQHandler
                0x0000000000006a54                CAN2_TX_IRQHandler
                0x0000000000006a56                CAN2_RX0_IRQHandler
                0x0000000000006a58                CAN2_RX1_IRQHandler
                0x0000000000006a5a                CAN2_SCE_IRQHandler
                0x0000000000006a5c                OTG_FS_IRQHandler
                0x0000000000006a5e                USBHSWakeup_IRQHandler
                0x0000000000006a60                USBHS_IRQHandler
                0x0000000000006a62                DVP_IRQHandler
                0x0000000000006a64                UART6_IRQHandler
                0x0000000000006a66                UART7_IRQHandler
                0x0000000000006a68                UART8_IRQHandler
                0x0000000000006a6a                TIM9_BRK_IRQHandler
                0x0000000000006a6c                TIM9_UP_IRQHandler
                0x0000000000006a6e                TIM9_TRG_COM_IRQHandler
                0x0000000000006a70                TIM9_CC_IRQHandler
                0x0000000000006a72                TIM10_BRK_IRQHandler
                0x0000000000006a74                TIM10_UP_IRQHandler
                0x0000000000006a76                TIM10_TRG_COM_IRQHandler
                0x0000000000006a78                TIM10_CC_IRQHandler
                0x0000000000006a7a                DMA2_Channel6_IRQHandler
                0x0000000000006a7c                DMA2_Channel7_IRQHandler
                0x0000000000006a7e                DMA2_Channel8_IRQHandler
                0x0000000000006a80                DMA2_Channel9_IRQHandler
                0x0000000000006a82                DMA2_Channel10_IRQHandler
                0x0000000000006a84                DMA2_Channel11_IRQHandler
 .text.handle_reset
                0x0000000000006a86       0x92 ./Startup/startup_ch32v30x.o
                0x0000000000006a86                handle_reset
 .text.ADC_DeInit
                0x0000000000006b18       0x40 ./Peripheral/src/ch32v30x_adc.o
                0x0000000000006b18                ADC_DeInit
 .text.ADC_Init
                0x0000000000006b58       0x56 ./Peripheral/src/ch32v30x_adc.o
                0x0000000000006b58                ADC_Init
 .text.ADC_Cmd  0x0000000000006bae       0x10 ./Peripheral/src/ch32v30x_adc.o
                0x0000000000006bae                ADC_Cmd
 .text.ADC_ResetCalibration
                0x0000000000006bbe        0xa ./Peripheral/src/ch32v30x_adc.o
                0x0000000000006bbe                ADC_ResetCalibration
 .text.ADC_GetResetCalibrationStatus
                0x0000000000006bc8        0x8 ./Peripheral/src/ch32v30x_adc.o
                0x0000000000006bc8                ADC_GetResetCalibrationStatus
 .text.ADC_StartCalibration
                0x0000000000006bd0        0xa ./Peripheral/src/ch32v30x_adc.o
                0x0000000000006bd0                ADC_StartCalibration
 .text.ADC_GetCalibrationStatus
                0x0000000000006bda        0x8 ./Peripheral/src/ch32v30x_adc.o
                0x0000000000006bda                ADC_GetCalibrationStatus
 .text.ADC_SoftwareStartConvCmd
                0x0000000000006be2       0x18 ./Peripheral/src/ch32v30x_adc.o
                0x0000000000006be2                ADC_SoftwareStartConvCmd
 .text.ADC_DiscModeChannelCountConfig
                0x0000000000006bfa       0x12 ./Peripheral/src/ch32v30x_adc.o
                0x0000000000006bfa                ADC_DiscModeChannelCountConfig
 .text.ADC_RegularChannelConfig
                0x0000000000006c0c       0xb8 ./Peripheral/src/ch32v30x_adc.o
                0x0000000000006c0c                ADC_RegularChannelConfig
 .text.ADC_GetConversionValue
                0x0000000000006cc4        0x8 ./Peripheral/src/ch32v30x_adc.o
                0x0000000000006cc4                ADC_GetConversionValue
 .text.ADC_GetFlagStatus
                0x0000000000006ccc        0xa ./Peripheral/src/ch32v30x_adc.o
                0x0000000000006ccc                ADC_GetFlagStatus
 .text.ADC_BufferCmd
                0x0000000000006cd6       0x18 ./Peripheral/src/ch32v30x_adc.o
                0x0000000000006cd6                ADC_BufferCmd
 .text.Get_CalibrationValue
                0x0000000000006cee      0x134 ./Peripheral/src/ch32v30x_adc.o
                0x0000000000006cee                Get_CalibrationValue
 .text.EXTI_Init
                0x0000000000006e22       0x6a ./Peripheral/src/ch32v30x_exti.o
                0x0000000000006e22                EXTI_Init
 .text.EXTI_GetITStatus
                0x0000000000006e8c       0x1e ./Peripheral/src/ch32v30x_exti.o
                0x0000000000006e8c                EXTI_GetITStatus
 .text.EXTI_ClearITPendingBit
                0x0000000000006eaa        0xa ./Peripheral/src/ch32v30x_exti.o
                0x0000000000006eaa                EXTI_ClearITPendingBit
 .text.GPIO_Init
                0x0000000000006eb4       0xc0 ./Peripheral/src/ch32v30x_gpio.o
                0x0000000000006eb4                GPIO_Init
 .text.GPIO_ReadInputDataBit
                0x0000000000006f74        0xa ./Peripheral/src/ch32v30x_gpio.o
                0x0000000000006f74                GPIO_ReadInputDataBit
 .text.GPIO_SetBits
                0x0000000000006f7e        0x4 ./Peripheral/src/ch32v30x_gpio.o
                0x0000000000006f7e                GPIO_SetBits
 .text.GPIO_ResetBits
                0x0000000000006f82        0x4 ./Peripheral/src/ch32v30x_gpio.o
                0x0000000000006f82                GPIO_ResetBits
 .text.GPIO_WriteBit
                0x0000000000006f86        0xa ./Peripheral/src/ch32v30x_gpio.o
                0x0000000000006f86                GPIO_WriteBit
 .text.GPIO_EXTILineConfig
                0x0000000000006f90       0x2c ./Peripheral/src/ch32v30x_gpio.o
                0x0000000000006f90                GPIO_EXTILineConfig
 .text.NVIC_PriorityGroupConfig
                0x0000000000006fbc        0x6 ./Peripheral/src/ch32v30x_misc.o
                0x0000000000006fbc                NVIC_PriorityGroupConfig
 .text.NVIC_Init
                0x0000000000006fc2       0xa6 ./Peripheral/src/ch32v30x_misc.o
                0x0000000000006fc2                NVIC_Init
 .text.RCC_ADCCLKConfig
                0x0000000000007068       0x12 ./Peripheral/src/ch32v30x_rcc.o
                0x0000000000007068                RCC_ADCCLKConfig
 .text.RCC_GetClocksFreq
                0x000000000000707a      0x106 ./Peripheral/src/ch32v30x_rcc.o
                0x000000000000707a                RCC_GetClocksFreq
 .text.RCC_APB2PeriphClockCmd
                0x0000000000007180       0x1e ./Peripheral/src/ch32v30x_rcc.o
                0x0000000000007180                RCC_APB2PeriphClockCmd
 .text.RCC_APB1PeriphClockCmd
                0x000000000000719e       0x1e ./Peripheral/src/ch32v30x_rcc.o
                0x000000000000719e                RCC_APB1PeriphClockCmd
 .text.RCC_APB2PeriphResetCmd
                0x00000000000071bc       0x1e ./Peripheral/src/ch32v30x_rcc.o
                0x00000000000071bc                RCC_APB2PeriphResetCmd
 .text.SPI_Init
                0x00000000000071da       0x3e ./Peripheral/src/ch32v30x_spi.o
                0x00000000000071da                SPI_Init
 .text.SPI_Cmd  0x0000000000007218       0x1a ./Peripheral/src/ch32v30x_spi.o
                0x0000000000007218                SPI_Cmd
 .text.SPI_I2S_SendData
                0x0000000000007232        0x4 ./Peripheral/src/ch32v30x_spi.o
                0x0000000000007232                SPI_I2S_SendData
 .text.SPI_I2S_GetFlagStatus
                0x0000000000007236        0xa ./Peripheral/src/ch32v30x_spi.o
                0x0000000000007236                SPI_I2S_GetFlagStatus
 .text.USART_Init
                0x0000000000007240       0xbc ./Peripheral/src/ch32v30x_usart.o
                0x0000000000007240                USART_Init
 .text.USART_Cmd
                0x00000000000072fc       0x16 ./Peripheral/src/ch32v30x_usart.o
                0x00000000000072fc                USART_Cmd
 .text.USART_ITConfig
                0x0000000000007312       0x36 ./Peripheral/src/ch32v30x_usart.o
                0x0000000000007312                USART_ITConfig
 .text.USART_SendData
                0x0000000000007348        0x8 ./Peripheral/src/ch32v30x_usart.o
                0x0000000000007348                USART_SendData
 .text.USART_ReceiveData
                0x0000000000007350        0x8 ./Peripheral/src/ch32v30x_usart.o
                0x0000000000007350                USART_ReceiveData
 .text.USART_GetFlagStatus
                0x0000000000007358        0xa ./Peripheral/src/ch32v30x_usart.o
                0x0000000000007358                USART_GetFlagStatus
 .text.USART_GetITStatus
                0x0000000000007362       0x3c ./Peripheral/src/ch32v30x_usart.o
                0x0000000000007362                USART_GetITStatus
 .text.USART_ClearITPendingBit
                0x000000000000739e       0x14 ./Peripheral/src/ch32v30x_usart.o
                0x000000000000739e                USART_ClearITPendingBit
 .text._write   0x00000000000073b2       0x3e ./Debug/debug.o
                0x00000000000073b2                _write
 .text._sbrk    0x00000000000073f0       0x2a ./Debug/debug.o
                0x00000000000073f0                _sbrk
 .text.__muldf3
                0x000000000000741a      0x4b8 d:/mounriver/mounriver_studio/toolchain/risc-v embedded gcc/bin/../lib/gcc/riscv-none-embed/8.2.0/rv32imacxw/ilp32\libgcc.a(muldf3.o)
                0x000000000000741a                __muldf3
 .text.__subdf3
                0x00000000000078d2      0x73e d:/mounriver/mounriver_studio/toolchain/risc-v embedded gcc/bin/../lib/gcc/riscv-none-embed/8.2.0/rv32imacxw/ilp32\libgcc.a(subdf3.o)
                0x00000000000078d2                __subdf3
 .text.__fixunsdfsi
                0x0000000000008010       0x5c d:/mounriver/mounriver_studio/toolchain/risc-v embedded gcc/bin/../lib/gcc/riscv-none-embed/8.2.0/rv32imacxw/ilp32\libgcc.a(fixunsdfsi.o)
                0x0000000000008010                __fixunsdfsi
 .text.__divsf3
                0x000000000000806c      0x2ae d:/mounriver/mounriver_studio/toolchain/risc-v embedded gcc/bin/../lib/gcc/riscv-none-embed/8.2.0/rv32imacxw/ilp32\libgcc.a(divsf3.o)
                0x000000000000806c                __divsf3
 .text.__gesf2  0x000000000000831a       0x86 d:/mounriver/mounriver_studio/toolchain/risc-v embedded gcc/bin/../lib/gcc/riscv-none-embed/8.2.0/rv32imacxw/ilp32\libgcc.a(gesf2.o)
                0x000000000000831a                __gesf2
                0x000000000000831a                __gtsf2
 .text.__lesf2  0x00000000000083a0       0x8c d:/mounriver/mounriver_studio/toolchain/risc-v embedded gcc/bin/../lib/gcc/riscv-none-embed/8.2.0/rv32imacxw/ilp32\libgcc.a(lesf2.o)
                0x00000000000083a0                __ltsf2
                0x00000000000083a0                __lesf2
 .text.__mulsf3
                0x000000000000842c      0x290 d:/mounriver/mounriver_studio/toolchain/risc-v embedded gcc/bin/../lib/gcc/riscv-none-embed/8.2.0/rv32imacxw/ilp32\libgcc.a(mulsf3.o)
                0x000000000000842c                __mulsf3
 .text.__fixsfsi
                0x00000000000086bc       0x62 d:/mounriver/mounriver_studio/toolchain/risc-v embedded gcc/bin/../lib/gcc/riscv-none-embed/8.2.0/rv32imacxw/ilp32\libgcc.a(fixsfsi.o)
                0x00000000000086bc                __fixsfsi
 .text.__floatunsisf
                0x000000000000871e       0xce d:/mounriver/mounriver_studio/toolchain/risc-v embedded gcc/bin/../lib/gcc/riscv-none-embed/8.2.0/rv32imacxw/ilp32\libgcc.a(floatunsisf.o)
                0x000000000000871e                __floatunsisf
 .text.__extendsfdf2
                0x00000000000087ec       0xac d:/mounriver/mounriver_studio/toolchain/risc-v embedded gcc/bin/../lib/gcc/riscv-none-embed/8.2.0/rv32imacxw/ilp32\libgcc.a(extendsfdf2.o)
                0x00000000000087ec                __extendsfdf2
 .text.__clzsi2
                0x0000000000008898       0x6e d:/mounriver/mounriver_studio/toolchain/risc-v embedded gcc/bin/../lib/gcc/riscv-none-embed/8.2.0/rv32imacxw/ilp32\libgcc.a(_clzsi2.o)
                0x0000000000008898                __clzsi2
 .text.atoi     0x0000000000008906        0x6 d:/mounriver/mounriver_studio/toolchain/risc-v embedded gcc/bin/../lib/gcc/riscv-none-embed/8.2.0/../../../../riscv-none-embed/lib/rv32imacxw/ilp32\libg_nano.a(lib_a-atoi.o)
                0x0000000000008906                atoi
 .text.__itoa   0x000000000000890c       0x44 d:/mounriver/mounriver_studio/toolchain/risc-v embedded gcc/bin/../lib/gcc/riscv-none-embed/8.2.0/../../../../riscv-none-embed/lib/rv32imacxw/ilp32\libg_nano.a(lib_a-itoa.o)
                0x000000000000890c                __itoa
 .text.itoa     0x0000000000008950        0x4 d:/mounriver/mounriver_studio/toolchain/risc-v embedded gcc/bin/../lib/gcc/riscv-none-embed/8.2.0/../../../../riscv-none-embed/lib/rv32imacxw/ilp32\libg_nano.a(lib_a-itoa.o)
                0x0000000000008950                itoa
 .text.memcmp   0x0000000000008954       0x24 d:/mounriver/mounriver_studio/toolchain/risc-v embedded gcc/bin/../lib/gcc/riscv-none-embed/8.2.0/../../../../riscv-none-embed/lib/rv32imacxw/ilp32\libg_nano.a(lib_a-memcmp.o)
                0x0000000000008954                memcmp
 .text.memcpy   0x0000000000008978       0xb2 d:/mounriver/mounriver_studio/toolchain/risc-v embedded gcc/bin/../lib/gcc/riscv-none-embed/8.2.0/../../../../riscv-none-embed/lib/rv32imacxw/ilp32\libg_nano.a(lib_a-memcpy.o)
                0x0000000000008978                memcpy
 .text.printf   0x0000000000008a2a       0x40 d:/mounriver/mounriver_studio/toolchain/risc-v embedded gcc/bin/../lib/gcc/riscv-none-embed/8.2.0/../../../../riscv-none-embed/lib/rv32imacxw/ilp32\libg_nano.a(lib_a-printf.o)
                0x0000000000008a2a                iprintf
                0x0000000000008a2a                printf
 .text.strcat   0x0000000000008a6a       0x1e d:/mounriver/mounriver_studio/toolchain/risc-v embedded gcc/bin/../lib/gcc/riscv-none-embed/8.2.0/../../../../riscv-none-embed/lib/rv32imacxw/ilp32\libg_nano.a(lib_a-strcat.o)
                0x0000000000008a6a                strcat
 .text.strcpy   0x0000000000008a88       0x10 d:/mounriver/mounriver_studio/toolchain/risc-v embedded gcc/bin/../lib/gcc/riscv-none-embed/8.2.0/../../../../riscv-none-embed/lib/rv32imacxw/ilp32\libg_nano.a(lib_a-strcpy.o)
                0x0000000000008a88                strcpy
 .text.strlen   0x0000000000008a98       0x12 d:/mounriver/mounriver_studio/toolchain/risc-v embedded gcc/bin/../lib/gcc/riscv-none-embed/8.2.0/../../../../riscv-none-embed/lib/rv32imacxw/ilp32\libg_nano.a(lib_a-strlen.o)
                0x0000000000008a98                strlen
 .text.strncmp  0x0000000000008aaa       0x28 d:/mounriver/mounriver_studio/toolchain/risc-v embedded gcc/bin/../lib/gcc/riscv-none-embed/8.2.0/../../../../riscv-none-embed/lib/rv32imacxw/ilp32\libg_nano.a(lib_a-strncmp.o)
                0x0000000000008aaa                strncmp
 .text._strtol_l.isra.0
                0x0000000000008ad2      0x138 d:/mounriver/mounriver_studio/toolchain/risc-v embedded gcc/bin/../lib/gcc/riscv-none-embed/8.2.0/../../../../riscv-none-embed/lib/rv32imacxw/ilp32\libg_nano.a(lib_a-strtol.o)
 .text.strtol   0x0000000000008c0a       0x1e d:/mounriver/mounriver_studio/toolchain/risc-v embedded gcc/bin/../lib/gcc/riscv-none-embed/8.2.0/../../../../riscv-none-embed/lib/rv32imacxw/ilp32\libg_nano.a(lib_a-strtol.o)
                0x0000000000008c0a                strtol
 .text.__utoa   0x0000000000008c28       0x8c d:/mounriver/mounriver_studio/toolchain/risc-v embedded gcc/bin/../lib/gcc/riscv-none-embed/8.2.0/../../../../riscv-none-embed/lib/rv32imacxw/ilp32\libg_nano.a(lib_a-utoa.o)
                0x0000000000008c28                __utoa
 .text.__swbuf_r
                0x0000000000008cb4       0xbc d:/mounriver/mounriver_studio/toolchain/risc-v embedded gcc/bin/../lib/gcc/riscv-none-embed/8.2.0/../../../../riscv-none-embed/lib/rv32imacxw/ilp32\libg_nano.a(lib_a-wbuf.o)
                0x0000000000008cb4                __swbuf_r
 .text.__swsetup_r
                0x0000000000008d70       0xfc d:/mounriver/mounriver_studio/toolchain/risc-v embedded gcc/bin/../lib/gcc/riscv-none-embed/8.2.0/../../../../riscv-none-embed/lib/rv32imacxw/ilp32\libg_nano.a(lib_a-wsetup.o)
                0x0000000000008d70                __swsetup_r
 .text.__sflush_r
                0x0000000000008e6c      0x130 d:/mounriver/mounriver_studio/toolchain/risc-v embedded gcc/bin/../lib/gcc/riscv-none-embed/8.2.0/../../../../riscv-none-embed/lib/rv32imacxw/ilp32\libg_nano.a(lib_a-fflush.o)
                0x0000000000008e6c                __sflush_r
 .text._fflush_r
                0x0000000000008f9c       0x66 d:/mounriver/mounriver_studio/toolchain/risc-v embedded gcc/bin/../lib/gcc/riscv-none-embed/8.2.0/../../../../riscv-none-embed/lib/rv32imacxw/ilp32\libg_nano.a(lib_a-fflush.o)
                0x0000000000008f9c                _fflush_r
 .text.std      0x0000000000009002       0x66 d:/mounriver/mounriver_studio/toolchain/risc-v embedded gcc/bin/../lib/gcc/riscv-none-embed/8.2.0/../../../../riscv-none-embed/lib/rv32imacxw/ilp32\libg_nano.a(lib_a-findfp.o)
 .text._cleanup_r
                0x0000000000009068        0xa d:/mounriver/mounriver_studio/toolchain/risc-v embedded gcc/bin/../lib/gcc/riscv-none-embed/8.2.0/../../../../riscv-none-embed/lib/rv32imacxw/ilp32\libg_nano.a(lib_a-findfp.o)
                0x0000000000009068                _cleanup_r
 .text.__sfmoreglue
                0x0000000000009072       0x46 d:/mounriver/mounriver_studio/toolchain/risc-v embedded gcc/bin/../lib/gcc/riscv-none-embed/8.2.0/../../../../riscv-none-embed/lib/rv32imacxw/ilp32\libg_nano.a(lib_a-findfp.o)
                0x0000000000009072                __sfmoreglue
 .text.__sinit  0x00000000000090b8       0x6c d:/mounriver/mounriver_studio/toolchain/risc-v embedded gcc/bin/../lib/gcc/riscv-none-embed/8.2.0/../../../../riscv-none-embed/lib/rv32imacxw/ilp32\libg_nano.a(lib_a-findfp.o)
                0x00000000000090b8                __sinit
 .text.__sfp    0x0000000000009124       0xa0 d:/mounriver/mounriver_studio/toolchain/risc-v embedded gcc/bin/../lib/gcc/riscv-none-embed/8.2.0/../../../../riscv-none-embed/lib/rv32imacxw/ilp32\libg_nano.a(lib_a-findfp.o)
                0x0000000000009124                __sfp
 .text._fwalk_reent
                0x00000000000091c4       0x6a d:/mounriver/mounriver_studio/toolchain/risc-v embedded gcc/bin/../lib/gcc/riscv-none-embed/8.2.0/../../../../riscv-none-embed/lib/rv32imacxw/ilp32\libg_nano.a(lib_a-fwalk.o)
                0x00000000000091c4                _fwalk_reent
 .text.__locale_ctype_ptr_l
                0x000000000000922e        0x6 d:/mounriver/mounriver_studio/toolchain/risc-v embedded gcc/bin/../lib/gcc/riscv-none-embed/8.2.0/../../../../riscv-none-embed/lib/rv32imacxw/ilp32\libg_nano.a(lib_a-locale.o)
                0x000000000000922e                __locale_ctype_ptr_l
 .text.__swhatbuf_r
                0x0000000000009234       0x58 d:/mounriver/mounriver_studio/toolchain/risc-v embedded gcc/bin/../lib/gcc/riscv-none-embed/8.2.0/../../../../riscv-none-embed/lib/rv32imacxw/ilp32\libg_nano.a(lib_a-makebuf.o)
                0x0000000000009234                __swhatbuf_r
 .text.__smakebuf_r
                0x000000000000928c       0x92 d:/mounriver/mounriver_studio/toolchain/risc-v embedded gcc/bin/../lib/gcc/riscv-none-embed/8.2.0/../../../../riscv-none-embed/lib/rv32imacxw/ilp32\libg_nano.a(lib_a-makebuf.o)
                0x000000000000928c                __smakebuf_r
 .text.__ascii_mbtowc
                0x000000000000931e       0x32 d:/mounriver/mounriver_studio/toolchain/risc-v embedded gcc/bin/../lib/gcc/riscv-none-embed/8.2.0/../../../../riscv-none-embed/lib/rv32imacxw/ilp32\libg_nano.a(lib_a-mbtowc_r.o)
                0x000000000000931e                __ascii_mbtowc
 .text._free_r  0x0000000000009350       0xa8 d:/mounriver/mounriver_studio/toolchain/risc-v embedded gcc/bin/../lib/gcc/riscv-none-embed/8.2.0/../../../../riscv-none-embed/lib/rv32imacxw/ilp32\libg_nano.a(lib_a-nano-freer.o)
                0x0000000000009350                _free_r
 .text._malloc_r
                0x00000000000093f8       0xd4 d:/mounriver/mounriver_studio/toolchain/risc-v embedded gcc/bin/../lib/gcc/riscv-none-embed/8.2.0/../../../../riscv-none-embed/lib/rv32imacxw/ilp32\libg_nano.a(lib_a-nano-mallocr.o)
                0x00000000000093f8                _malloc_r
 .text.__sfputc_r
                0x00000000000094cc       0x28 d:/mounriver/mounriver_studio/toolchain/risc-v embedded gcc/bin/../lib/gcc/riscv-none-embed/8.2.0/../../../../riscv-none-embed/lib/rv32imacxw/ilp32\libg_nano.a(lib_a-nano-vfprintf.o)
 .text.__sfputs_r
                0x00000000000094f4       0x42 d:/mounriver/mounriver_studio/toolchain/risc-v embedded gcc/bin/../lib/gcc/riscv-none-embed/8.2.0/../../../../riscv-none-embed/lib/rv32imacxw/ilp32\libg_nano.a(lib_a-nano-vfprintf.o)
                0x00000000000094f4                __sfputs_r
 .text._vfprintf_r
                0x0000000000009536      0x288 d:/mounriver/mounriver_studio/toolchain/risc-v embedded gcc/bin/../lib/gcc/riscv-none-embed/8.2.0/../../../../riscv-none-embed/lib/rv32imacxw/ilp32\libg_nano.a(lib_a-nano-vfprintf.o)
                0x0000000000009536                _vfprintf_r
                0x0000000000009536                _vfiprintf_r
 .text._printf_common
                0x00000000000097be      0x10c d:/mounriver/mounriver_studio/toolchain/risc-v embedded gcc/bin/../lib/gcc/riscv-none-embed/8.2.0/../../../../riscv-none-embed/lib/rv32imacxw/ilp32\libg_nano.a(lib_a-nano-vfprintf_i.o)
                0x00000000000097be                _printf_common
 .text._printf_i
                0x00000000000098ca      0x2a2 d:/mounriver/mounriver_studio/toolchain/risc-v embedded gcc/bin/../lib/gcc/riscv-none-embed/8.2.0/../../../../riscv-none-embed/lib/rv32imacxw/ilp32\libg_nano.a(lib_a-nano-vfprintf_i.o)
                0x00000000000098ca                _printf_i
 .text._sbrk_r  0x0000000000009b6c       0x32 d:/mounriver/mounriver_studio/toolchain/risc-v embedded gcc/bin/../lib/gcc/riscv-none-embed/8.2.0/../../../../riscv-none-embed/lib/rv32imacxw/ilp32\libg_nano.a(lib_a-sbrkr.o)
                0x0000000000009b6c                _sbrk_r
 .text.__sread  0x0000000000009b9e       0x2c d:/mounriver/mounriver_studio/toolchain/risc-v embedded gcc/bin/../lib/gcc/riscv-none-embed/8.2.0/../../../../riscv-none-embed/lib/rv32imacxw/ilp32\libg_nano.a(lib_a-stdio.o)
                0x0000000000009b9e                __sread
 .text.__swrite
                0x0000000000009bca       0x48 d:/mounriver/mounriver_studio/toolchain/risc-v embedded gcc/bin/../lib/gcc/riscv-none-embed/8.2.0/../../../../riscv-none-embed/lib/rv32imacxw/ilp32\libg_nano.a(lib_a-stdio.o)
                0x0000000000009bca                __swrite
 .text.__sseek  0x0000000000009c12       0x30 d:/mounriver/mounriver_studio/toolchain/risc-v embedded gcc/bin/../lib/gcc/riscv-none-embed/8.2.0/../../../../riscv-none-embed/lib/rv32imacxw/ilp32\libg_nano.a(lib_a-stdio.o)
                0x0000000000009c12                __sseek
 .text.__sclose
                0x0000000000009c42        0x6 d:/mounriver/mounriver_studio/toolchain/risc-v embedded gcc/bin/../lib/gcc/riscv-none-embed/8.2.0/../../../../riscv-none-embed/lib/rv32imacxw/ilp32\libg_nano.a(lib_a-stdio.o)
                0x0000000000009c42                __sclose
 .text.__ascii_wctomb
                0x0000000000009c48       0x1e d:/mounriver/mounriver_studio/toolchain/risc-v embedded gcc/bin/../lib/gcc/riscv-none-embed/8.2.0/../../../../riscv-none-embed/lib/rv32imacxw/ilp32\libg_nano.a(lib_a-wctomb_r.o)
                0x0000000000009c48                __ascii_wctomb
 .text._write_r
                0x0000000000009c66       0x36 d:/mounriver/mounriver_studio/toolchain/risc-v embedded gcc/bin/../lib/gcc/riscv-none-embed/8.2.0/../../../../riscv-none-embed/lib/rv32imacxw/ilp32\libg_nano.a(lib_a-writer.o)
                0x0000000000009c66                _write_r
 .text._close_r
                0x0000000000009c9c       0x30 d:/mounriver/mounriver_studio/toolchain/risc-v embedded gcc/bin/../lib/gcc/riscv-none-embed/8.2.0/../../../../riscv-none-embed/lib/rv32imacxw/ilp32\libg_nano.a(lib_a-closer.o)
                0x0000000000009c9c                _close_r
 .text._fstat_r
                0x0000000000009ccc       0x32 d:/mounriver/mounriver_studio/toolchain/risc-v embedded gcc/bin/../lib/gcc/riscv-none-embed/8.2.0/../../../../riscv-none-embed/lib/rv32imacxw/ilp32\libg_nano.a(lib_a-fstatr.o)
                0x0000000000009ccc                _fstat_r
 .text._isatty_r
                0x0000000000009cfe       0x30 d:/mounriver/mounriver_studio/toolchain/risc-v embedded gcc/bin/../lib/gcc/riscv-none-embed/8.2.0/../../../../riscv-none-embed/lib/rv32imacxw/ilp32\libg_nano.a(lib_a-isattyr.o)
                0x0000000000009cfe                _isatty_r
 .text._lseek_r
                0x0000000000009d2e       0x34 d:/mounriver/mounriver_studio/toolchain/risc-v embedded gcc/bin/../lib/gcc/riscv-none-embed/8.2.0/../../../../riscv-none-embed/lib/rv32imacxw/ilp32\libg_nano.a(lib_a-lseekr.o)
                0x0000000000009d2e                _lseek_r
 .text.memchr   0x0000000000009d62       0x18 d:/mounriver/mounriver_studio/toolchain/risc-v embedded gcc/bin/../lib/gcc/riscv-none-embed/8.2.0/../../../../riscv-none-embed/lib/rv32imacxw/ilp32\libg_nano.a(lib_a-memchr.o)
                0x0000000000009d62                memchr
 .text.__malloc_lock
                0x0000000000009d7a        0x2 d:/mounriver/mounriver_studio/toolchain/risc-v embedded gcc/bin/../lib/gcc/riscv-none-embed/8.2.0/../../../../riscv-none-embed/lib/rv32imacxw/ilp32\libg_nano.a(lib_a-mlock.o)
                0x0000000000009d7a                __malloc_lock
 .text.__malloc_unlock
                0x0000000000009d7c        0x2 d:/mounriver/mounriver_studio/toolchain/risc-v embedded gcc/bin/../lib/gcc/riscv-none-embed/8.2.0/../../../../riscv-none-embed/lib/rv32imacxw/ilp32\libg_nano.a(lib_a-mlock.o)
                0x0000000000009d7c                __malloc_unlock
 .text._read_r  0x0000000000009d7e       0x34 d:/mounriver/mounriver_studio/toolchain/risc-v embedded gcc/bin/../lib/gcc/riscv-none-embed/8.2.0/../../../../riscv-none-embed/lib/rv32imacxw/ilp32\libg_nano.a(lib_a-readr.o)
                0x0000000000009d7e                _read_r
 .text._close   0x0000000000009db2       0x10 d:/mounriver/mounriver_studio/toolchain/risc-v embedded gcc/bin/../lib/gcc/riscv-none-embed/8.2.0/../../../../riscv-none-embed/lib/rv32imacxw/ilp32\libnosys.a(close.o)
                0x0000000000009db2                _close
 .text._fstat   0x0000000000009dc2       0x10 d:/mounriver/mounriver_studio/toolchain/risc-v embedded gcc/bin/../lib/gcc/riscv-none-embed/8.2.0/../../../../riscv-none-embed/lib/rv32imacxw/ilp32\libnosys.a(fstat.o)
                0x0000000000009dc2                _fstat
 .text._isatty  0x0000000000009dd2       0x10 d:/mounriver/mounriver_studio/toolchain/risc-v embedded gcc/bin/../lib/gcc/riscv-none-embed/8.2.0/../../../../riscv-none-embed/lib/rv32imacxw/ilp32\libnosys.a(isatty.o)
                0x0000000000009dd2                _isatty
 .text._lseek   0x0000000000009de2       0x10 d:/mounriver/mounriver_studio/toolchain/risc-v embedded gcc/bin/../lib/gcc/riscv-none-embed/8.2.0/../../../../riscv-none-embed/lib/rv32imacxw/ilp32\libnosys.a(lseek.o)
                0x0000000000009de2                _lseek
 .text._read    0x0000000000009df2       0x10 d:/mounriver/mounriver_studio/toolchain/risc-v embedded gcc/bin/../lib/gcc/riscv-none-embed/8.2.0/../../../../riscv-none-embed/lib/rv32imacxw/ilp32\libnosys.a(read.o)
                0x0000000000009df2                _read
 *(.rodata)
 *fill*         0x0000000000009e02        0x2 
 .rodata        0x0000000000009e04       0x50 ./rtthread/components/finsh/cmd.o
 .rodata        0x0000000000009e54       0x1f ./User/headers/ILI9341/ILI9341.o
 *(.rodata*)
 *fill*         0x0000000000009e73        0x1 
 .rodata.rt_application_init.str1.4
                0x0000000000009e74        0x5 ./rtthread/src/components.o
 *fill*         0x0000000000009e79        0x3 
 .rodata.rt_device_init.str1.4
                0x0000000000009e7c       0x36 ./rtthread/src/device.o
 *fill*         0x0000000000009eb2        0x2 
 .rodata.rt_thread_idle_init.str1.4
                0x0000000000009eb4        0x6 ./rtthread/src/idle.o
 *fill*         0x0000000000009eba        0x2 
 .rodata.__lowest_bit_bitmap
                0x0000000000009ebc      0x100 ./rtthread/src/kservice.o
                0x0000000000009ebc                __lowest_bit_bitmap
 .rodata.large_digits.2583
                0x0000000000009fbc       0x11 ./rtthread/src/kservice.o
 *fill*         0x0000000000009fcd        0x3 
 .rodata.rt_show_version.str1.4
                0x0000000000009fd0       0x86 ./rtthread/src/kservice.o
 *fill*         0x000000000000a056        0x2 
 .rodata.rt_vsnprintf.str1.4
                0x000000000000a058        0x7 ./rtthread/src/kservice.o
 *fill*         0x000000000000a05f        0x1 
 .rodata.small_digits.2582
                0x000000000000a060       0x11 ./rtthread/src/kservice.o
 *fill*         0x000000000000a071        0x3 
 .rodata.list_mem.str1.4
                0x000000000000a074       0x46 ./rtthread/src/mem.o
 *fill*         0x000000000000a0ba        0x2 
 .rodata.name   0x000000000000a0bc       0x29 ./rtthread/src/mem.o
                0x000000000000a0bc                __fsym_list_mem_desc
                0x000000000000a0dc                __fsym_list_mem_name
 *fill*         0x000000000000a0e5        0x3 
 .rodata.rt_free.str1.4
                0x000000000000a0e8       0x4c ./rtthread/src/mem.o
 .rodata.rt_system_heap_init.str1.4
                0x000000000000a134       0x42 ./rtthread/src/mem.o
 *fill*         0x000000000000a176        0x2 
 .rodata.clear.str1.4
                0x000000000000a178        0x8 ./rtthread/components/finsh/cmd.o
 .rodata.list.str1.4
                0x000000000000a180       0x25 ./rtthread/components/finsh/cmd.o
 *fill*         0x000000000000a1a5        0x3 
 .rodata.list_device.str1.4
                0x000000000000a1a8       0x67 ./rtthread/components/finsh/cmd.o
 *fill*         0x000000000000a20f        0x1 
 .rodata.list_event.str1.4
                0x000000000000a210       0x76 ./rtthread/components/finsh/cmd.o
 *fill*         0x000000000000a286        0x2 
 .rodata.list_mailbox.str1.4
                0x000000000000a288       0x76 ./rtthread/components/finsh/cmd.o
 *fill*         0x000000000000a2fe        0x2 
 .rodata.list_msgqueue.str1.4
                0x000000000000a300       0x65 ./rtthread/components/finsh/cmd.o
 *fill*         0x000000000000a365        0x3 
 .rodata.list_mutex.str1.4
                0x000000000000a368       0x63 ./rtthread/components/finsh/cmd.o
 *fill*         0x000000000000a3cb        0x1 
 .rodata.list_sem.str1.4
                0x000000000000a3cc       0x60 ./rtthread/components/finsh/cmd.o
                                         0x64 (size before relaxing)
 .rodata.list_thread.str1.4
                0x000000000000a42c       0xf0 ./rtthread/components/finsh/cmd.o
 .rodata.list_timer.str1.4
                0x000000000000a51c       0x9d ./rtthread/components/finsh/cmd.o
 *fill*         0x000000000000a5b9        0x3 
 .rodata.name   0x000000000000a5bc      0x323 ./rtthread/components/finsh/cmd.o
                0x000000000000a5bc                __fsym_list_desc
                0x000000000000a5d8                __fsym_list_name
                0x000000000000a5e0                __fsym___cmd_list_device_desc
                0x000000000000a5f8                __fsym___cmd_list_device_name
                0x000000000000a60c                __fsym_list_device_desc
                0x000000000000a624                __fsym_list_device_name
                0x000000000000a630                __fsym___cmd_list_timer_desc
                0x000000000000a648                __fsym___cmd_list_timer_name
                0x000000000000a65c                __fsym_list_timer_desc
                0x000000000000a674                __fsym_list_timer_name
                0x000000000000a680                __fsym___cmd_list_msgqueue_desc
                0x000000000000a6a0                __fsym___cmd_list_msgqueue_name
                0x000000000000a6b4                __fsym_list_msgqueue_desc
                0x000000000000a6d4                __fsym_list_msgqueue_name